Microchip MPLAB XC8 Compiler V1.36 ()

Linker command line:

--edf=C:\Program Files (x86)\Microchip\xc8\v1.36\dat\en_msgs.txt -cs \
  -h+dist/default/production\PIC18F4520_ADC_LCD.X.production.sym \
  --cmf=dist/default/production\PIC18F4520_ADC_LCD.X.production.cmf -z \
  -Q18F4520 -oC:\Users\BURAKE~1\AppData\Local\Temp\s5qc.2 \
  -Mdist/default/production/PIC18F4520_ADC_LCD.X.production.map -E1 \
  -ver=XC8 -ASTACK=080h-05ffh -pstack=STACK -ACODE=00h-07FFFh \
  -ACONST=00h-07FFFh -ASMALLCONST=0600h-06FFhx122 \
  -AMEDIUMCONST=0600h-07FFFh -ACOMRAM=01h-07Fh -AABS1=00h-05FFh \
  -ABIGRAM=01h-05FFh -ARAM=080h-0FFh,0100h-01FFhx5 -ABANK0=080h-0FFh \
  -ABANK1=0100h-01FFh -ABANK2=0200h-02FFh -ABANK3=0300h-03FFh \
  -ABANK4=0400h-04FFh -ABANK5=0500h-05FFh -ASFR=0F80h-0FFFh \
  -preset_vec=00h,intcode,intcodelo,powerup,init,end_init -pramtop=0600h \
  -psmallconst=SMALLCONST -pmediumconst=MEDIUMCONST -pconst=CONST \
  -AFARRAM=00h-00h -ACONFIG=0300000h-030000Dh -pconfig=CONFIG \
  -AIDLOC=0200000h-0200007h -pidloc=IDLOC -AEEDATA=0F00000h-0F000FFh \
  -peeprom_data=EEDATA \
  -prdata=COMRAM,nvrram=COMRAM,nvbit=COMRAM,rbss=COMRAM,rbit=COMRAM \
  -pfarbss=FARRAM,fardata=FARRAM,nvFARRAM=FARRAM \
  -pintsave_regs=BIGRAM,bigbss=BIGRAM,bigdata=BIGRAM -pbss=RAM \
  -pidata=CODE,irdata=CODE,ibigdata=CODE,ifardata=CODE -prparam=COMRAM \
  C:\Users\BURAKE~1\AppData\Local\Temp\s5qc.obj \
  dist/default/production\PIC18F4520_ADC_LCD.X.production.obj 

Object code version is 3.11

Machine type is 18F4520

Call graph: (short form)




                Name                               Link     Load   Length Selector   Space Scale
C:\Users\BURAKE~1\AppData\Local\Temp\s5qc.obj
                end_init                              0        0        4        0       0
                idloc                            200000   200000        8   200000       0
                config                           300000   300000        E   300000       0
dist/default/production\PIC18F4520_ADC_LCD.X.production.obj
                smallconst                          600      600       1C      300       0
                text27                             1214     1214        C      30E       0
                text26                             1228     1228        4      914       0
                text25                             1138     1138       26      30E       0
                text24                             10BA     10BA       32      30E       0
                text23                             1112     1112       26      30E       0
                text22                              E42      E42       88      30E       0
                text21                             11D0     11D0       16      30E       0
                text20                             11E6     11E6       14      30E       0
                text19                             1208     1208        C      30E       0
                text18                             11A0     11A0       1A      30E       0
                text17                              D9E      D9E       A4      30E       0
                text16                              ECA      ECA       5E      30E       0
                text15                             11FA     11FA        E      30E       0
                text14                              CF0      CF0       AE      30E       0
                text13                             104C     104C       38      30E       0
                text12                              81C      81C      1AC      30E       0
                text11                              BFC      BFC       F4      30E       0
                text10                             115E     115E       24      30E       0
                text9                               B08      B08       F4      30E       0
                text8                               F28      F28       52      30E       0
                text7                              100A     100A       42      30E       0
                text6                              10EC     10EC       26      30E       0
                text5                              1182     1182       1E      30E       0
                text4                               FC8      FC8       42      30E       0
                text3                              11BA     11BA       16      30E       0
                text2                               F7A      F7A       4E      30E       0
                text1                               61C      61C      200      30E       0
                text0                               9C8      9C8      140      30E       0
                cstackCOMRAM                          1        1       2C        1       1
                dataCOMRAM                           37       37        7        1       1
                bssCOMRAM                            2D       2D        A        1       1
                cinit                              1084     1084       36      30E       0
                idataCOMRAM                        1220     1220        7      30E       0

TOTAL           Name                               Link     Load   Length     Space
        CLASS   STACK          

        CLASS   CODE           
                end_init                              0        0        4         0
                text27                             1214     1214        C         0
                text26                             1228     1228        4         0
                text25                             1138     1138       26         0
                text24                             10BA     10BA       32         0
                text23                             1112     1112       26         0
                text22                              E42      E42       88         0
                text21                             11D0     11D0       16         0
                text20                             11E6     11E6       14         0
                text19                             1208     1208        C         0
                text18                             11A0     11A0       1A         0
                text17                              D9E      D9E       A4         0
                text16                              ECA      ECA       5E         0
                text15                             11FA     11FA        E         0
                text14                              CF0      CF0       AE         0
                text13                             104C     104C       38         0
                text12                              81C      81C      1AC         0
                text11                              BFC      BFC       F4         0
                text10                             115E     115E       24         0
                text9                               B08      B08       F4         0
                text8                               F28      F28       52         0
                text7                              100A     100A       42         0
                text6                              10EC     10EC       26         0
                text5                              1182     1182       1E         0
                text4                               FC8      FC8       42         0
                text3                              11BA     11BA       16         0
                text2                               F7A      F7A       4E         0
                text1                               61C      61C      200         0
                text0                               9C8      9C8      140         0
                cinit                              1084     1084       36         0
                idataCOMRAM                        1220     1220        7         0

        CLASS   CONST          

        CLASS   SMALLCONST     
                smallconst                          600      600       1C         0

        CLASS   MEDIUMCONST    

        CLASS   COMRAM         
                cstackCOMRAM                          1        1       2C         1
                dataCOMRAM                           37       37        7         1
                bssCOMRAM                            2D       2D        A         1

        CLASS   ABS1           

        CLASS   BIGRAM         

        CLASS   RAM            

        CLASS   BANK0          

        CLASS   BANK1          

        CLASS   BANK2          

        CLASS   BANK3          

        CLASS   BANK4          

        CLASS   BANK5          

        CLASS   SFR            

        CLASS   FARRAM         

        CLASS   CONFIG         
                config                           300000   300000        E         0

        CLASS   IDLOC          
                idloc                            200000   200000        8         0

        CLASS   EEDATA         



SEGMENTS        Name                           Load    Length   Top    Selector   Space  Class

                reset_vec                      000000  000004  000004         0       0  CODE    
                cstackCOMRAM                   000001  00003D  00003E         1       1  COMRAM  
                smallconst                     000600  00001C  00061C       300       0  SMALLCON
                text1                          00061C  000C0B  001227       30E       0  CODE    
                text26                         001228  000004  00122C       914       0  CODE    
                idloc                          200000  000008  200008    200000       0  IDLOC   
                config                         300000  00000E  30000E    300000       0  CONFIG  


UNUSED ADDRESS RANGES

        Name                Unused          Largest block    Delta
        BANK0            000080-0000FF               80
        BANK1            000100-0001FF              100
        BANK2            000200-0002FF              100
        BANK3            000300-0003FF              100
        BANK4            000400-0004FF              100
        BANK5            000500-0005FF              100
        BIGRAM           00003E-0005FF              5C2
        CODE             000004-0005FF              5FC
                         001227-001227                1
                         00122C-007FFF             6DD4
        COMRAM           00003E-00007F               42
        CONST            000004-0005FF              5FC
                         001227-001227                1
                         00122C-007FFF             6DD4
        EEDATA           F00000-F000FF              100
        MEDIUMCONST      001227-001227                1
                         00122C-007FFF             6DD4
        RAM              000080-0005FF              100
        SFR              000F80-000FFF               80
        SMALLCONST       001227-001227                1
                         00122C-007FFF              100
        STACK            000080-0005FF              580

                                  Symbol Table

?_ReadADC                     cstackCOMRAM 000001
?___awtoft                    cstackCOMRAM 000009
?___ftadd                     cstackCOMRAM 00000D
?___ftmul                     cstackCOMRAM 000019
?___ftneg                     cstackCOMRAM 000001
?___ftpack                    cstackCOMRAM 000001
?___fttol                     cstackCOMRAM 000001
?___lwdiv                     cstackCOMRAM 000001
?___lwmod                     cstackCOMRAM 000008
?___wmul                      cstackCOMRAM 000001
?_printf                      cstackCOMRAM 000010
Delay@i                       cstackCOMRAM 000004
Delay@us                      cstackCOMRAM 000001
Delayms@i                     cstackCOMRAM 000004
Delayms@ms                    cstackCOMRAM 000001
HD44780_Cmd4bit@cmd           cstackCOMRAM 000007
HD44780_Cmd@cmd               cstackCOMRAM 000008
HD44780_CursorSet@F4227       dataCOMRAM   000037
HD44780_CursorSet@col         cstackCOMRAM 00000E
HD44780_CursorSet@row         cstackCOMRAM 000009
HD44780_CursorSet@row_offsets cstackCOMRAM 00000A
HD44780_Data@data             cstackCOMRAM 000008
HD44780_Delay@i               cstackCOMRAM 000004
HD44780_Delay@us              cstackCOMRAM 000001
HD44780_Init@cols             cstackCOMRAM 00000A
HD44780_Init@rows             cstackCOMRAM 000009
OpenADC@config                cstackCOMRAM 000005
OpenADC@config2               cstackCOMRAM 000001
OpenADC@portconfig            cstackCOMRAM 000002
_ADCON0                       (abs)        000FC2
_ADCON0bits                   (abs)        000FC2
_ADCON1                       (abs)        000FC1
_ADCON2                       (abs)        000FC0
_ADRESH                       (abs)        000FC4
_ADRESL                       (abs)        000FC3
_BusyADC                      text27       001214
_ConvertADC                   text26       001228
_Delay                        text25       001138
_Delayms                      text24       0010BA
_HD44780_Clear                text20       0011E6
_HD44780_Cmd                  text21       0011D0
_HD44780_Cmd4bit              text22       000E42
_HD44780_CursorSet            text4        000FC8
_HD44780_Data                 text3        0011BA
_HD44780_Delay                text23       001112
_HD44780_DisplayOn            text19       001208
_HD44780_Init                 text17       000D9E
_HD44780_InitPins             text18       0011A0
_HD44780_Opts                 bssCOMRAM    00002D
_INTCONbits                   (abs)        000FF2
_OpenADC                      text16       000ECA
_PIE1bits                     (abs)        000F9D
_PIR1bits                     (abs)        000F9E
_PORTBbits                    (abs)        000F81
_ReadADC                      text15       0011FA
_TRISBbits                    (abs)        000F93
__CFG_BOREN$ON                (abs)        000000
__CFG_BORV$2                  (abs)        000000
__CFG_CCP2MX$PORTC            (abs)        000000
__CFG_CP0$OFF                 (abs)        000000
__CFG_CP1$OFF                 (abs)        000000
__CFG_CP2$OFF                 (abs)        000000
__CFG_CP3$OFF                 (abs)        000000
__CFG_CPB$OFF                 (abs)        000000
__CFG_CPD$OFF                 (abs)        000000
__CFG_EBTR0$OFF               (abs)        000000
__CFG_EBTR1$OFF               (abs)        000000
__CFG_EBTR2$OFF               (abs)        000000
__CFG_EBTR3$OFF               (abs)        000000
__CFG_EBTRB$OFF               (abs)        000000
__CFG_FCMEN$OFF               (abs)        000000
__CFG_IESO$OFF                (abs)        000000
__CFG_LPT1OSC$OFF             (abs)        000000
__CFG_LVP$OFF                 (abs)        000000
__CFG_MCLRE$ON                (abs)        000000
__CFG_OSC$HS                  (abs)        000000
__CFG_PBADEN$OFF              (abs)        000000
__CFG_PWRT$OFF                (abs)        000000
__CFG_STVREN$ON               (abs)        000000
__CFG_WDT$OFF                 (abs)        000000
__CFG_WDTPS$32768             (abs)        000000
__CFG_WRT0$OFF                (abs)        000000
__CFG_WRT1$OFF                (abs)        000000
__CFG_WRT2$OFF                (abs)        000000
__CFG_WRT3$OFF                (abs)        000000
__CFG_WRTB$OFF                (abs)        000000
__CFG_WRTC$OFF                (abs)        000000
__CFG_WRTD$OFF                (abs)        000000
__CFG_XINST$OFF               (abs)        000000
__HRAM                        (abs)        000000
__Habs1                       abs1         000000
__Hbank0                      bank0        000000
__Hbank1                      bank1        000000
__Hbank2                      bank2        000000
__Hbank3                      bank3        000000
__Hbank4                      bank4        000000
__Hbank5                      bank5        000000
__Hbigbss                     bigbss       000000
__Hbigdata                    bigdata      000000
__Hbigram                     bigram       000000
__Hbss                        bss          000000
__HbssCOMRAM                  bssCOMRAM    000000
__Hcinit                      cinit        000000
__Hclrtext                    clrtext      000000
__Hcomram                     comram       000000
__Hconfig                     config       30000E
__Hconst                      const        000000
__HcstackCOMRAM               cstackCOMRAM 000000
__Hdata                       data         000000
__HdataCOMRAM                 dataCOMRAM   000000
__Heeprom_data                eeprom_data  000000
__Hend_init                   end_init     000004
__Hfarbss                     farbss       000000
__Hfardata                    fardata      000000
__Hibigdata                   ibigdata     000000
__Hidata                      idata        000000
__HidataCOMRAM                idataCOMRAM  000000
__Hidloc                      idloc        200008
__Hifardata                   ifardata     000000
__Hinit                       init         000000
__Hintcode                    intcode      000000
__Hintcode_body               intcode_body 000000
__Hintcodelo                  intcodelo    000000
__Hintentry                   intentry     000000
__Hintret                     intret       000000
__Hintsave_regs               intsave_regs 000000
__Hirdata                     irdata       000000
__Hmediumconst                mediumconst  000000
__HnvFARRAM                   nvFARRAM     000000
__Hnvbit                      nvbit        000000
__Hnvrram                     nvrram       000000
__Hparam                      rparam       000000
__Hpowerup                    powerup      000000
__Hram                        ram          000000
__Hramtop                     ramtop       000600
__Hrbit                       rbit         000000
__Hrbss                       rbss         000000
__Hrdata                      rdata        000000
__Hreset_vec                  reset_vec    000000
__Hrparam                     rparam       000000
__Hsfr                        sfr          000000
__Hsmallconst                 smallconst   00061C
__Hspace_0                    (abs)        30000E
__Hspace_1                    (abs)        00003E
__Hspace_2                    (abs)        000000
__Hstack                      stack        000000
__Hstruct                     struct       000000
__Htemp                       temp         000000
__Htext                       text         000000
__Htext0                      text0        000000
__Htext1                      text1        000000
__Htext10                     text10       000000
__Htext11                     text11       000000
__Htext12                     text12       000000
__Htext13                     text13       000000
__Htext14                     text14       000000
__Htext15                     text15       000000
__Htext16                     text16       000000
__Htext17                     text17       000000
__Htext18                     text18       000000
__Htext19                     text19       000000
__Htext2                      text2        000000
__Htext20                     text20       000000
__Htext21                     text21       000000
__Htext22                     text22       000000
__Htext23                     text23       000000
__Htext24                     text24       000000
__Htext25                     text25       000000
__Htext26                     text26       000000
__Htext27                     text27       000000
__Htext3                      text3        000000
__Htext4                      text4        000000
__Htext5                      text5        000000
__Htext6                      text6        000000
__Htext7                      text7        000000
__Htext8                      text8        000000
__Htext9                      text9        000000
__LRAM                        (abs)        000001
__Labs1                       abs1         000000
__Lbank0                      bank0        000000
__Lbank1                      bank1        000000
__Lbank2                      bank2        000000
__Lbank3                      bank3        000000
__Lbank4                      bank4        000000
__Lbank5                      bank5        000000
__Lbigbss                     bigbss       000000
__Lbigdata                    bigdata      000000
__Lbigram                     bigram       000000
__Lbss                        bss          000000
__LbssCOMRAM                  bssCOMRAM    000000
__Lcinit                      cinit        000000
__Lclrtext                    clrtext      000000
__Lcomram                     comram       000000
__Lconfig                     config       300000
__Lconst                      const        000000
__LcstackCOMRAM               cstackCOMRAM 000000
__Ldata                       data         000000
__LdataCOMRAM                 dataCOMRAM   000000
__Leeprom_data                eeprom_data  000000
__Lend_init                   end_init     000000
__Lfarbss                     farbss       000000
__Lfardata                    fardata      000000
__Libigdata                   ibigdata     000000
__Lidata                      idata        000000
__LidataCOMRAM                idataCOMRAM  000000
__Lidloc                      idloc        200000
__Lifardata                   ifardata     000000
__Linit                       init         000000
__Lintcode                    intcode      000000
__Lintcode_body               intcode_body 000000
__Lintcodelo                  intcodelo    000000
__Lintentry                   intentry     000000
__Lintret                     intret       000000
__Lintsave_regs               intsave_regs 000000
__Lirdata                     irdata       000000
__Lmediumconst                mediumconst  000000
__LnvFARRAM                   nvFARRAM     000000
__Lnvbit                      nvbit        000000
__Lnvrram                     nvrram       000000
__Lparam                      rparam       000000
__Lpowerup                    powerup      000000
__Lram                        ram          000000
__Lramtop                     ramtop       000600
__Lrbit                       rbit         000000
__Lrbss                       rbss         000000
__Lrdata                      rdata        000000
__Lreset_vec                  reset_vec    000000
__Lrparam                     rparam       000000
__Lsfr                        sfr          000000
__Lsmallconst                 smallconst   000600
__Lspace_0                    (abs)        000000
__Lspace_1                    (abs)        000000
__Lspace_2                    (abs)        000000
__Lstack                      stack        000000
__Lstruct                     struct       000000
__Ltemp                       temp         000000
__Ltext                       text         000000
__Ltext0                      text0        000000
__Ltext1                      text1        000000
__Ltext10                     text10       000000
__Ltext11                     text11       000000
__Ltext12                     text12       000000
__Ltext13                     text13       000000
__Ltext14                     text14       000000
__Ltext15                     text15       000000
__Ltext16                     text16       000000
__Ltext17                     text17       000000
__Ltext18                     text18       000000
__Ltext19                     text19       000000
__Ltext2                      text2        000000
__Ltext20                     text20       000000
__Ltext21                     text21       000000
__Ltext22                     text22       000000
__Ltext23                     text23       000000
__Ltext24                     text24       000000
__Ltext25                     text25       000000
__Ltext26                     text26       000000
__Ltext27                     text27       000000
__Ltext3                      text3        000000
__Ltext4                      text4        000000
__Ltext5                      text5        000000
__Ltext6                      text6        000000
__Ltext7                      text7        000000
__Ltext8                      text8        000000
__Ltext9                      text9        000000
__S0                          (abs)        30000E
__S1                          (abs)        00003E
__S2                          (abs)        000000
___awtoft                     text13       00104C
___awtoft@c                   cstackCOMRAM 000009
___awtoft@sign                cstackCOMRAM 00000C
___ftadd                      text12       00081C
___ftadd@exp1                 cstackCOMRAM 000018
___ftadd@exp2                 cstackCOMRAM 000017
___ftadd@f1                   cstackCOMRAM 00000D
___ftadd@f2                   cstackCOMRAM 000010
___ftadd@sign                 cstackCOMRAM 000016
___ftmul                      text11       000BFC
___ftmul@cntr                 cstackCOMRAM 000026
___ftmul@exp                  cstackCOMRAM 000022
___ftmul@f1                   cstackCOMRAM 000019
___ftmul@f2                   cstackCOMRAM 00001C
___ftmul@f3_as_product        cstackCOMRAM 000023
___ftmul@sign                 cstackCOMRAM 000027
___ftneg                      text10       00115E
___ftneg@f1                   cstackCOMRAM 000001
___ftpack                     text14       000CF0
___ftpack@arg                 cstackCOMRAM 000001
___ftpack@exp                 cstackCOMRAM 000004
___ftpack@sign                cstackCOMRAM 000005
___fttol                      text9        000B08
___fttol@exp1                 cstackCOMRAM 00000F
___fttol@f1                   cstackCOMRAM 000001
___fttol@lval                 cstackCOMRAM 00000B
___fttol@sign1                cstackCOMRAM 00000A
___inthi_sp                   stack        000000
___intlo_sp                   stack        000000
___lwdiv                      text8        000F28
___lwdiv@counter              cstackCOMRAM 000007
___lwdiv@dividend             cstackCOMRAM 000001
___lwdiv@divisor              cstackCOMRAM 000003
___lwdiv@quotient             cstackCOMRAM 000005
___lwmod                      text7        00100A
___lwmod@counter              cstackCOMRAM 00000C
___lwmod@dividend             cstackCOMRAM 000008
___lwmod@divisor              cstackCOMRAM 00000A
___param_bank                 (abs)        000010
___rparam_used                (abs)        000001
___sp                         stack        000000
___wmul                       text6        0010EC
___wmul@multiplicand          cstackCOMRAM 000003
___wmul@multiplier            cstackCOMRAM 000001
___wmul@product               cstackCOMRAM 000005
__accesstop                   (abs)        000080
__activetblptr                (abs)        000002
__end_of_BusyADC              text27       001220
__end_of_ConvertADC           text26       00122C
__end_of_Delay                text25       00115E
__end_of_Delayms              text24       0010EC
__end_of_HD44780_Clear        text20       0011FA
__end_of_HD44780_Cmd          text21       0011E6
__end_of_HD44780_Cmd4bit      text22       000ECA
__end_of_HD44780_CursorSet    text4        00100A
__end_of_HD44780_Data         text3        0011D0
__end_of_HD44780_Delay        text23       001138
__end_of_HD44780_DisplayOn    text19       001214
__end_of_HD44780_Init         text17       000E42
__end_of_HD44780_InitPins     text18       0011BA
__end_of_OpenADC              text16       000F28
__end_of_ReadADC              text15       001208
__end_of___awtoft             text13       001084
__end_of___ftadd              text12       0009C8
__end_of___ftmul              text11       000CF0
__end_of___ftneg              text10       001182
__end_of___ftpack             text14       000D9E
__end_of___fttol              text9        000BFC
__end_of___lwdiv              text8        000F7A
__end_of___lwmod              text7        00104C
__end_of___wmul               text6        001112
__end_of__initialization      cinit        0010B0
__end_of_dpowers              smallconst   00060B
__end_of_isdigit              text5        0011A0
__end_of_main                 text0        000B08
__end_of_printf               text1        00081C
__end_of_putch                text2        000FC8
__initialization              cinit        001084
__mediumconst                 mediumconst  000000
__pbssCOMRAM                  bssCOMRAM    00002D
__pcinit                      cinit        001084
__pcstackCOMRAM               cstackCOMRAM 000001
__pdataCOMRAM                 dataCOMRAM   000037
__pidataCOMRAM                idataCOMRAM  001220
__psmallconst                 smallconst   000600
__ptext0                      text0        0009C8
__ptext1                      text1        00061C
__ptext10                     text10       00115E
__ptext11                     text11       000BFC
__ptext12                     text12       00081C
__ptext13                     text13       00104C
__ptext14                     text14       000CF0
__ptext15                     text15       0011FA
__ptext16                     text16       000ECA
__ptext17                     text17       000D9E
__ptext18                     text18       0011A0
__ptext19                     text19       001208
__ptext2                      text2        000F7A
__ptext20                     text20       0011E6
__ptext21                     text21       0011D0
__ptext22                     text22       000E42
__ptext23                     text23       001112
__ptext24                     text24       0010BA
__ptext25                     text25       001138
__ptext26                     text26       001228
__ptext27                     text27       001214
__ptext3                      text3        0011BA
__ptext4                      text4        000FC8
__ptext5                      text5        001182
__ptext6                      text6        0010EC
__ptext7                      text7        00100A
__ptext8                      text8        000F28
__ptext9                      text9        000B08
__ramtop                      ramtop       000600
__size_of_BusyADC             (abs)        000000
__size_of_ConvertADC          (abs)        000000
__size_of_Delay               (abs)        000000
__size_of_Delayms             (abs)        000000
__size_of_HD44780_Clear       (abs)        000000
__size_of_HD44780_Cmd         (abs)        000000
__size_of_HD44780_Cmd4bit     (abs)        000000
__size_of_HD44780_CursorSet   (abs)        000000
__size_of_HD44780_Data        (abs)        000000
__size_of_HD44780_Delay       (abs)        000000
__size_of_HD44780_DisplayOn   (abs)        000000
__size_of_HD44780_Init        (abs)        000000
__size_of_HD44780_InitPins    (abs)        000000
__size_of_OpenADC             (abs)        000000
__size_of_ReadADC             (abs)        000000
__size_of___awtoft            (abs)        000000
__size_of___ftadd             (abs)        000000
__size_of___ftmul             (abs)        000000
__size_of___ftneg             (abs)        000000
__size_of___ftpack            (abs)        000000
__size_of___fttol             (abs)        000000
__size_of___lwdiv             (abs)        000000
__size_of___lwmod             (abs)        000000
__size_of___wmul              (abs)        000000
__size_of_isdigit             (abs)        000000
__size_of_main                (abs)        000000
__size_of_printf              (abs)        000000
__size_of_putch               (abs)        000000
__smallconst                  smallconst   000600
_dcf                          bssCOMRAM    000034
_dpowers                      smallconst   000601
_isdigit                      text5        001182
_isdigit$901                  cstackCOMRAM 000002
_lamda                        dataCOMRAM   00003B
_main                         text0        0009C8
_main$1250                    cstackCOMRAM 000028
_printf                       text1        00061C
_putch                        text2        000F7A
end_of_initialization         cinit        0010B0
intlevel0                     text         000000
intlevel1                     text         000000
intlevel2                     text         000000
intlevel3                     text         000000
isdigit@c                     cstackCOMRAM 000003
main@adcin                    cstackCOMRAM 00002B
printf@ap                     cstackCOMRAM 000018
printf@c                      cstackCOMRAM 000020
printf@f                      cstackCOMRAM 000010
printf@flag                   cstackCOMRAM 00001B
printf@prec                   cstackCOMRAM 00001A
printf@val                    cstackCOMRAM 00001C
printf@width                  cstackCOMRAM 00001E
putch@c                       cstackCOMRAM 00000F
stackhi                       (abs)        0005FF
stacklo                       (abs)        000080
start                         init         000000
start_initialization          cinit        001084


FUNCTION INFORMATION:

 *************** function _main *****************
 Defined at:
		line 17 in file "main.c"
 Parameters:    Size  Location     Type
		None
 Auto vars:     Size  Location     Type
  adcin           2   42[COMRAM] int 
 Return value:  Size  Location     Type
                  1    wreg      void 
 Registers used:
		wreg, fsr2l, fsr2h, status,2, status,0, tblptrl, tblptrh, tblptru, prodl, prodh, cstack
 Tracked objects:
		On entry : 
		On exit  : 
		Unchanged: 
 Data sizes:     COMRAM   BANK0   BANK1   BANK2   BANK3   BANK4   BANK5
      Params:         0       0       0       0       0       0       0
      Locals:         5       0       0       0       0       0       0
      Temps:          0       0       0       0       0       0       0
      Totals:         5       0       0       0       0       0       0
Total ram usage:        5 bytes
 Hardware stack levels required when called:    6
 This function calls:
		_BusyADC
		_ConvertADC
		_Delay
		_Delayms
		_HD44780_CursorSet
		_HD44780_Init
		_OpenADC
		_ReadADC
		___awtoft
		___ftadd
		___ftmul
		___ftneg
		___fttol
		_printf
 This function is called by:
		Startup code after reset
 This function uses a non-reentrant model


 *************** function _printf *****************
 Defined at:
		line 464 in file "C:\Program Files (x86)\Microchip\xc8\v1.36\sources\common\doprnt.c"
 Parameters:    Size  Location     Type
  f               2   15[COMRAM] PTR const unsigned char 
		 -> STR_2(4), STR_1(11), 
 Auto vars:     Size  Location     Type
  tmpval          4    0        struct .
  cp              3    0        PTR const unsigned char 
  width           2   29[COMRAM] int 
  val             2   27[COMRAM] unsigned int 
  ap              2   23[COMRAM] PTR void [1]
		 -> ?_printf(2), 
  len             2    0        unsigned int 
  c               1   31[COMRAM] char 
  flag            1   26[COMRAM] unsigned char 
  prec            1   25[COMRAM] char 
 Return value:  Size  Location     Type
                  2   15[COMRAM] int 
 Registers used:
		wreg, fsr2l, fsr2h, status,2, status,0, tblptrl, tblptrh, tblptru, prodl, prodh, cstack
 Tracked objects:
		On entry : 
		On exit  : 
		Unchanged: 
 Data sizes:     COMRAM   BANK0   BANK1   BANK2   BANK3   BANK4   BANK5
      Params:         4       0       0       0       0       0       0
      Locals:         9       0       0       0       0       0       0
      Temps:          4       0       0       0       0       0       0
      Totals:        17       0       0       0       0       0       0
Total ram usage:       17 bytes
 Hardware stack levels used:    1
 Hardware stack levels required when called:    5
 This function calls:
		___lwdiv
		___lwmod
		___wmul
		_isdigit
		_putch
 This function is called by:
		_main
 This function uses a non-reentrant model


 *************** function _putch *****************
 Defined at:
		line 87 in file "hd44780.c"
 Parameters:    Size  Location     Type
  c               1    wreg     unsigned char 
 Auto vars:     Size  Location     Type
  c               1   14[COMRAM] unsigned char 
 Return value:  Size  Location     Type
                  1    wreg      void 
 Registers used:
		wreg, fsr2l, fsr2h, status,2, status,0, prodl, prodh, cstack
 Tracked objects:
		On entry : 
		On exit  : 
		Unchanged: 
 Data sizes:     COMRAM   BANK0   BANK1   BANK2   BANK3   BANK4   BANK5
      Params:         0       0       0       0       0       0       0
      Locals:         1       0       0       0       0       0       0
      Temps:          0       0       0       0       0       0       0
      Totals:         1       0       0       0       0       0       0
Total ram usage:        1 bytes
 Hardware stack levels used:    1
 Hardware stack levels required when called:    4
 This function calls:
		_HD44780_CursorSet
		_HD44780_Data
 This function is called by:
		_printf
 This function uses a non-reentrant model


 *************** function _HD44780_Data *****************
 Defined at:
		line 273 in file "hd44780.c"
 Parameters:    Size  Location     Type
  data            1    wreg     unsigned char 
 Auto vars:     Size  Location     Type
  data            1    7[COMRAM] unsigned char 
 Return value:  Size  Location     Type
                  1    wreg      void 
 Registers used:
		wreg, status,2, status,0, cstack
 Tracked objects:
		On entry : 
		On exit  : 
		Unchanged: 
 Data sizes:     COMRAM   BANK0   BANK1   BANK2   BANK3   BANK4   BANK5
      Params:         0       0       0       0       0       0       0
      Locals:         1       0       0       0       0       0       0
      Temps:          0       0       0       0       0       0       0
      Totals:         1       0       0       0       0       0       0
Total ram usage:        1 bytes
 Hardware stack levels used:    1
 Hardware stack levels required when called:    2
 This function calls:
		_HD44780_Cmd4bit
 This function is called by:
		_putch
		_HD44780_Puts
		_HD44780_CreateChar
		_HD44780_PutCustom
 This function uses a non-reentrant model


 *************** function _HD44780_CursorSet *****************
 Defined at:
		line 246 in file "hd44780.c"
 Parameters:    Size  Location     Type
  col             1    wreg     unsigned char 
  row             1    8[COMRAM] unsigned char 
 Auto vars:     Size  Location     Type
  col             1   13[COMRAM] unsigned char 
  row_offsets     4    9[COMRAM] unsigned char [4]
 Return value:  Size  Location     Type
                  1    wreg      void 
 Registers used:
		wreg, fsr2l, fsr2h, status,2, status,0, prodl, prodh, cstack
 Tracked objects:
		On entry : 
		On exit  : 
		Unchanged: 
 Data sizes:     COMRAM   BANK0   BANK1   BANK2   BANK3   BANK4   BANK5
      Params:         1       0       0       0       0       0       0
      Locals:         5       0       0       0       0       0       0
      Temps:          0       0       0       0       0       0       0
      Totals:         6       0       0       0       0       0       0
Total ram usage:        6 bytes
 Hardware stack levels used:    1
 Hardware stack levels required when called:    3
 This function calls:
		_HD44780_Cmd
 This function is called by:
		_main
		_putch
		_HD44780_Puts
		_HD44780_PutCustom
 This function uses a non-reentrant model


 *************** function _isdigit *****************
 Defined at:
		line 8 in file "C:\Program Files (x86)\Microchip\xc8\v1.36\sources\common\isdigit.c"
 Parameters:    Size  Location     Type
  c               1    wreg     unsigned char 
 Auto vars:     Size  Location     Type
  c               1    2[COMRAM] unsigned char 
 Return value:  Size  Location     Type
		None               void
 Registers used:
		wreg, status,2, status,0
 Tracked objects:
		On entry : 
		On exit  : 
		Unchanged: 
 Data sizes:     COMRAM   BANK0   BANK1   BANK2   BANK3   BANK4   BANK5
      Params:         0       0       0       0       0       0       0
      Locals:         2       0       0       0       0       0       0
      Temps:          1       0       0       0       0       0       0
      Totals:         3       0       0       0       0       0       0
Total ram usage:        3 bytes
 Hardware stack levels used:    1
 This function calls:
		Nothing
 This function is called by:
		_printf
 This function uses a non-reentrant model


 *************** function ___wmul *****************
 Defined at:
		line 15 in file "C:\Program Files (x86)\Microchip\xc8\v1.36\sources\common\Umul16.c"
 Parameters:    Size  Location     Type
  multiplier      2    0[COMRAM] unsigned int 
  multiplicand    2    2[COMRAM] unsigned int 
 Auto vars:     Size  Location     Type
  product         2    4[COMRAM] unsigned int 
 Return value:  Size  Location     Type
                  2    0[COMRAM] unsigned int 
 Registers used:
		wreg, status,2, status,0, prodl, prodh
 Tracked objects:
		On entry : 
		On exit  : 
		Unchanged: 
 Data sizes:     COMRAM   BANK0   BANK1   BANK2   BANK3   BANK4   BANK5
      Params:         4       0       0       0       0       0       0
      Locals:         2       0       0       0       0       0       0
      Temps:          0       0       0       0       0       0       0
      Totals:         6       0       0       0       0       0       0
Total ram usage:        6 bytes
 Hardware stack levels used:    1
 This function calls:
		Nothing
 This function is called by:
		_printf
 This function uses a non-reentrant model


 *************** function ___lwmod *****************
 Defined at:
		line 8 in file "C:\Program Files (x86)\Microchip\xc8\v1.36\sources\common\lwmod.c"
 Parameters:    Size  Location     Type
  dividend        2    7[COMRAM] unsigned int 
  divisor         2    9[COMRAM] unsigned int 
 Auto vars:     Size  Location     Type
  counter         1   11[COMRAM] unsigned char 
 Return value:  Size  Location     Type
                  2    7[COMRAM] unsigned int 
 Registers used:
		wreg, status,2, status,0
 Tracked objects:
		On entry : 
		On exit  : 
		Unchanged: 
 Data sizes:     COMRAM   BANK0   BANK1   BANK2   BANK3   BANK4   BANK5
      Params:         4       0       0       0       0       0       0
      Locals:         1       0       0       0       0       0       0
      Temps:          0       0       0       0       0       0       0
      Totals:         5       0       0       0       0       0       0
Total ram usage:        5 bytes
 Hardware stack levels used:    1
 This function calls:
		Nothing
 This function is called by:
		_printf
 This function uses a non-reentrant model


 *************** function ___lwdiv *****************
 Defined at:
		line 8 in file "C:\Program Files (x86)\Microchip\xc8\v1.36\sources\common\lwdiv.c"
 Parameters:    Size  Location     Type
  dividend        2    0[COMRAM] unsigned int 
  divisor         2    2[COMRAM] unsigned int 
 Auto vars:     Size  Location     Type
  quotient        2    4[COMRAM] unsigned int 
  counter         1    6[COMRAM] unsigned char 
 Return value:  Size  Location     Type
                  2    0[COMRAM] unsigned int 
 Registers used:
		wreg, status,2, status,0
 Tracked objects:
		On entry : 
		On exit  : 
		Unchanged: 
 Data sizes:     COMRAM   BANK0   BANK1   BANK2   BANK3   BANK4   BANK5
      Params:         4       0       0       0       0       0       0
      Locals:         3       0       0       0       0       0       0
      Temps:          0       0       0       0       0       0       0
      Totals:         7       0       0       0       0       0       0
Total ram usage:        7 bytes
 Hardware stack levels used:    1
 This function calls:
		Nothing
 This function is called by:
		_printf
 This function uses a non-reentrant model


 *************** function ___fttol *****************
 Defined at:
		line 44 in file "C:\Program Files (x86)\Microchip\xc8\v1.36\sources\common\fttol.c"
 Parameters:    Size  Location     Type
  f1              3    0[COMRAM] float 
 Auto vars:     Size  Location     Type
  lval            4   10[COMRAM] unsigned long 
  exp1            1   14[COMRAM] unsigned char 
  sign1           1    9[COMRAM] unsigned char 
 Return value:  Size  Location     Type
                  4    0[COMRAM] long 
 Registers used:
		wreg, status,2, status,0
 Tracked objects:
		On entry : 
		On exit  : 
		Unchanged: 
 Data sizes:     COMRAM   BANK0   BANK1   BANK2   BANK3   BANK4   BANK5
      Params:         4       0       0       0       0       0       0
      Locals:         6       0       0       0       0       0       0
      Temps:          5       0       0       0       0       0       0
      Totals:        15       0       0       0       0       0       0
Total ram usage:       15 bytes
 Hardware stack levels used:    1
 This function calls:
		Nothing
 This function is called by:
		_main
 This function uses a non-reentrant model


 *************** function ___ftneg *****************
 Defined at:
		line 15 in file "C:\Program Files (x86)\Microchip\xc8\v1.36\sources\common\ftneg.c"
 Parameters:    Size  Location     Type
  f1              3    0[COMRAM] float 
 Auto vars:     Size  Location     Type
		None
 Return value:  Size  Location     Type
                  3    0[COMRAM] float 
 Registers used:
		wreg, status,2, status,0
 Tracked objects:
		On entry : 
		On exit  : 
		Unchanged: 
 Data sizes:     COMRAM   BANK0   BANK1   BANK2   BANK3   BANK4   BANK5
      Params:         3       0       0       0       0       0       0
      Locals:         0       0       0       0       0       0       0
      Temps:          0       0       0       0       0       0       0
      Totals:         3       0       0       0       0       0       0
Total ram usage:        3 bytes
 Hardware stack levels used:    1
 This function calls:
		Nothing
 This function is called by:
		_main
 This function uses a non-reentrant model


 *************** function ___ftmul *****************
 Defined at:
		line 62 in file "C:\Program Files (x86)\Microchip\xc8\v1.36\sources\common\ftmul.c"
 Parameters:    Size  Location     Type
  f1              3   24[COMRAM] float 
  f2              3   27[COMRAM] float 
 Auto vars:     Size  Location     Type
  f3_as_produc    3   34[COMRAM] unsigned um
  sign            1   38[COMRAM] unsigned char 
  cntr            1   37[COMRAM] unsigned char 
  exp             1   33[COMRAM] unsigned char 
 Return value:  Size  Location     Type
                  3   24[COMRAM] float 
 Registers used:
		wreg, status,2, status,0, cstack
 Tracked objects:
		On entry : 
		On exit  : 
		Unchanged: 
 Data sizes:     COMRAM   BANK0   BANK1   BANK2   BANK3   BANK4   BANK5
      Params:         6       0       0       0       0       0       0
      Locals:         6       0       0       0       0       0       0
      Temps:          3       0       0       0       0       0       0
      Totals:        15       0       0       0       0       0       0
Total ram usage:       15 bytes
 Hardware stack levels used:    1
 Hardware stack levels required when called:    1
 This function calls:
		___ftpack
 This function is called by:
		_main
 This function uses a non-reentrant model


 *************** function ___ftadd *****************
 Defined at:
		line 86 in file "C:\Program Files (x86)\Microchip\xc8\v1.36\sources\common\ftadd.c"
 Parameters:    Size  Location     Type
  f1              3   12[COMRAM] float 
  f2              3   15[COMRAM] float 
 Auto vars:     Size  Location     Type
  exp1            1   23[COMRAM] unsigned char 
  exp2            1   22[COMRAM] unsigned char 
  sign            1   21[COMRAM] unsigned char 
 Return value:  Size  Location     Type
                  3   12[COMRAM] float 
 Registers used:
		wreg, status,2, status,0, cstack
 Tracked objects:
		On entry : 
		On exit  : 
		Unchanged: 
 Data sizes:     COMRAM   BANK0   BANK1   BANK2   BANK3   BANK4   BANK5
      Params:         6       0       0       0       0       0       0
      Locals:         3       0       0       0       0       0       0
      Temps:          3       0       0       0       0       0       0
      Totals:        12       0       0       0       0       0       0
Total ram usage:       12 bytes
 Hardware stack levels used:    1
 Hardware stack levels required when called:    1
 This function calls:
		___ftpack
 This function is called by:
		_main
 This function uses a non-reentrant model


 *************** function ___awtoft *****************
 Defined at:
		line 32 in file "C:\Program Files (x86)\Microchip\xc8\v1.36\sources\common\awtoft.c"
 Parameters:    Size  Location     Type
  c               2    8[COMRAM] int 
 Auto vars:     Size  Location     Type
  sign            1   11[COMRAM] unsigned char 
 Return value:  Size  Location     Type
                  3    8[COMRAM] float 
 Registers used:
		wreg, status,2, status,0, cstack
 Tracked objects:
		On entry : 
		On exit  : 
		Unchanged: 
 Data sizes:     COMRAM   BANK0   BANK1   BANK2   BANK3   BANK4   BANK5
      Params:         3       0       0       0       0       0       0
      Locals:         1       0       0       0       0       0       0
      Temps:          0       0       0       0       0       0       0
      Totals:         4       0       0       0       0       0       0
Total ram usage:        4 bytes
 Hardware stack levels used:    1
 Hardware stack levels required when called:    1
 This function calls:
		___ftpack
 This function is called by:
		_main
 This function uses a non-reentrant model


 *************** function ___ftpack *****************
 Defined at:
		line 62 in file "C:\Program Files (x86)\Microchip\xc8\v1.36\sources\common\float.c"
 Parameters:    Size  Location     Type
  arg             3    0[COMRAM] unsigned um
  exp             1    3[COMRAM] unsigned char 
  sign            1    4[COMRAM] unsigned char 
 Auto vars:     Size  Location     Type
		None
 Return value:  Size  Location     Type
                  3    0[COMRAM] float 
 Registers used:
		wreg, status,2, status,0
 Tracked objects:
		On entry : 
		On exit  : 
		Unchanged: 
 Data sizes:     COMRAM   BANK0   BANK1   BANK2   BANK3   BANK4   BANK5
      Params:         5       0       0       0       0       0       0
      Locals:         0       0       0       0       0       0       0
      Temps:          3       0       0       0       0       0       0
      Totals:         8       0       0       0       0       0       0
Total ram usage:        8 bytes
 Hardware stack levels used:    1
 This function calls:
		Nothing
 This function is called by:
		___awtoft
		___ftadd
		___ftmul
 This function uses a non-reentrant model


 *************** function _ReadADC *****************
 Defined at:
		line 24 in file "C:\Program Files (x86)\Microchip\xc8\v1.36\sources\pic18\plib\ADC\adcread.c"
 Parameters:    Size  Location     Type
		None
 Auto vars:     Size  Location     Type
		None
 Return value:  Size  Location     Type
                  2    0[COMRAM] int 
 Registers used:
		wreg, status,2
 Tracked objects:
		On entry : 
		On exit  : 
		Unchanged: 
 Data sizes:     COMRAM   BANK0   BANK1   BANK2   BANK3   BANK4   BANK5
      Params:         2       0       0       0       0       0       0
      Locals:         0       0       0       0       0       0       0
      Temps:          2       0       0       0       0       0       0
      Totals:         4       0       0       0       0       0       0
Total ram usage:        4 bytes
 Hardware stack levels used:    1
 This function calls:
		Nothing
 This function is called by:
		_main
 This function uses a non-reentrant model


 *************** function _OpenADC *****************
 Defined at:
		line 68 in file "C:\Program Files (x86)\Microchip\xc8\v1.36\sources\pic18\plib\ADC\adcopen.c"
 Parameters:    Size  Location     Type
  config          1    wreg     unsigned char 
  config2         1    0[COMRAM] unsigned char 
  portconfig      1    1[COMRAM] unsigned char 
 Auto vars:     Size  Location     Type
  config          1    4[COMRAM] unsigned char 
 Return value:  Size  Location     Type
                  1    wreg      void 
 Registers used:
		wreg, status,2, status,0
 Tracked objects:
		On entry : 
		On exit  : 
		Unchanged: 
 Data sizes:     COMRAM   BANK0   BANK1   BANK2   BANK3   BANK4   BANK5
      Params:         2       0       0       0       0       0       0
      Locals:         1       0       0       0       0       0       0
      Temps:          2       0       0       0       0       0       0
      Totals:         5       0       0       0       0       0       0
Total ram usage:        5 bytes
 Hardware stack levels used:    1
 This function calls:
		Nothing
 This function is called by:
		_main
 This function uses a non-reentrant model


 *************** function _HD44780_Init *****************
 Defined at:
		line 111 in file "hd44780.c"
 Parameters:    Size  Location     Type
  cols            1    wreg     unsigned char 
  rows            1    8[COMRAM] unsigned char 
 Auto vars:     Size  Location     Type
  cols            1    9[COMRAM] unsigned char 
 Return value:  Size  Location     Type
                  1    wreg      void 
 Registers used:
		wreg, status,2, status,0, cstack
 Tracked objects:
		On entry : 
		On exit  : 
		Unchanged: 
 Data sizes:     COMRAM   BANK0   BANK1   BANK2   BANK3   BANK4   BANK5
      Params:         1       0       0       0       0       0       0
      Locals:         1       0       0       0       0       0       0
      Temps:          0       0       0       0       0       0       0
      Totals:         2       0       0       0       0       0       0
Total ram usage:        2 bytes
 Hardware stack levels used:    1
 Hardware stack levels required when called:    4
 This function calls:
		_HD44780_Clear
		_HD44780_Cmd
		_HD44780_Cmd4bit
		_HD44780_Delay
		_HD44780_DisplayOn
		_HD44780_InitPins
 This function is called by:
		_main
 This function uses a non-reentrant model


 *************** function _HD44780_InitPins *****************
 Defined at:
		line 292 in file "hd44780.c"
 Parameters:    Size  Location     Type
		None
 Auto vars:     Size  Location     Type
		None
 Return value:  Size  Location     Type
                  1    wreg      void 
 Registers used:
		None
 Tracked objects:
		On entry : 
		On exit  : 
		Unchanged: 
 Data sizes:     COMRAM   BANK0   BANK1   BANK2   BANK3   BANK4   BANK5
      Params:         0       0       0       0       0       0       0
      Locals:         0       0       0       0       0       0       0
      Temps:          0       0       0       0       0       0       0
      Totals:         0       0       0       0       0       0       0
Total ram usage:        0 bytes
 Hardware stack levels used:    1
 This function calls:
		Nothing
 This function is called by:
		_HD44780_Init
 This function uses a non-reentrant model


 *************** function _HD44780_DisplayOn *****************
 Defined at:
		line 192 in file "hd44780.c"
 Parameters:    Size  Location     Type
		None
 Auto vars:     Size  Location     Type
		None
 Return value:  Size  Location     Type
                  1    wreg      void 
 Registers used:
		wreg, status,2, status,0, cstack
 Tracked objects:
		On entry : 
		On exit  : 
		Unchanged: 
 Data sizes:     COMRAM   BANK0   BANK1   BANK2   BANK3   BANK4   BANK5
      Params:         0       0       0       0       0       0       0
      Locals:         0       0       0       0       0       0       0
      Temps:          0       0       0       0       0       0       0
      Totals:         0       0       0       0       0       0       0
Total ram usage:        0 bytes
 Hardware stack levels used:    1
 Hardware stack levels required when called:    3
 This function calls:
		_HD44780_Cmd
 This function is called by:
		_HD44780_Init
 This function uses a non-reentrant model


 *************** function _HD44780_Clear *****************
 Defined at:
		line 166 in file "hd44780.c"
 Parameters:    Size  Location     Type
		None
 Auto vars:     Size  Location     Type
		None
 Return value:  Size  Location     Type
                  1    wreg      void 
 Registers used:
		wreg, status,2, status,0, cstack
 Tracked objects:
		On entry : 
		On exit  : 
		Unchanged: 
 Data sizes:     COMRAM   BANK0   BANK1   BANK2   BANK3   BANK4   BANK5
      Params:         0       0       0       0       0       0       0
      Locals:         0       0       0       0       0       0       0
      Temps:          0       0       0       0       0       0       0
      Totals:         0       0       0       0       0       0       0
Total ram usage:        0 bytes
 Hardware stack levels used:    1
 Hardware stack levels required when called:    3
 This function calls:
		_HD44780_Cmd
		_HD44780_Delay
 This function is called by:
		_HD44780_Init
 This function uses a non-reentrant model


 *************** function _HD44780_Cmd *****************
 Defined at:
		line 263 in file "hd44780.c"
 Parameters:    Size  Location     Type
  cmd             1    wreg     unsigned char 
 Auto vars:     Size  Location     Type
  cmd             1    7[COMRAM] unsigned char 
 Return value:  Size  Location     Type
                  1    wreg      void 
 Registers used:
		wreg, status,2, status,0, cstack
 Tracked objects:
		On entry : 
		On exit  : 
		Unchanged: 
 Data sizes:     COMRAM   BANK0   BANK1   BANK2   BANK3   BANK4   BANK5
      Params:         0       0       0       0       0       0       0
      Locals:         1       0       0       0       0       0       0
      Temps:          0       0       0       0       0       0       0
      Totals:         1       0       0       0       0       0       0
Total ram usage:        1 bytes
 Hardware stack levels used:    1
 Hardware stack levels required when called:    2
 This function calls:
		_HD44780_Cmd4bit
 This function is called by:
		_HD44780_Init
		_HD44780_Clear
		_HD44780_DisplayOn
		_HD44780_CursorSet
		_HD44780_DisplayOff
		_HD44780_BlinkOn
		_HD44780_BlinkOff
		_HD44780_CursorOn
		_HD44780_CursorOff
		_HD44780_ScrollLeft
		_HD44780_ScrollRight
		_HD44780_CreateChar
 This function uses a non-reentrant model


 *************** function _HD44780_Cmd4bit *****************
 Defined at:
		line 283 in file "hd44780.c"
 Parameters:    Size  Location     Type
  cmd             1    wreg     unsigned char 
 Auto vars:     Size  Location     Type
  cmd             1    6[COMRAM] unsigned char 
 Return value:  Size  Location     Type
                  1    wreg      void 
 Registers used:
		wreg, status,2, status,0, cstack
 Tracked objects:
		On entry : 
		On exit  : 
		Unchanged: 
 Data sizes:     COMRAM   BANK0   BANK1   BANK2   BANK3   BANK4   BANK5
      Params:         0       0       0       0       0       0       0
      Locals:         1       0       0       0       0       0       0
      Temps:          1       0       0       0       0       0       0
      Totals:         2       0       0       0       0       0       0
Total ram usage:        2 bytes
 Hardware stack levels used:    1
 Hardware stack levels required when called:    1
 This function calls:
		_HD44780_Delay
 This function is called by:
		_HD44780_Init
		_HD44780_Cmd
		_HD44780_Data
 This function uses a non-reentrant model


 *************** function _HD44780_Delay *****************
 Defined at:
		line 106 in file "hd44780.c"
 Parameters:    Size  Location     Type
  us              2    0[COMRAM] int 
 Auto vars:     Size  Location     Type
  i               2    3[COMRAM] int 
 Return value:  Size  Location     Type
                  1    wreg      void 
 Registers used:
		wreg, status,2, status,0
 Tracked objects:
		On entry : 
		On exit  : 
		Unchanged: 
 Data sizes:     COMRAM   BANK0   BANK1   BANK2   BANK3   BANK4   BANK5
      Params:         2       0       0       0       0       0       0
      Locals:         2       0       0       0       0       0       0
      Temps:          1       0       0       0       0       0       0
      Totals:         5       0       0       0       0       0       0
Total ram usage:        5 bytes
 Hardware stack levels used:    1
 This function calls:
		Nothing
 This function is called by:
		_HD44780_Init
		_HD44780_Clear
		_HD44780_Cmd4bit
 This function uses a non-reentrant model


 *************** function _Delayms *****************
 Defined at:
		line 10 in file "delay.h"
 Parameters:    Size  Location     Type
  ms              2    0[COMRAM] int 
 Auto vars:     Size  Location     Type
  i               2    3[COMRAM] int 
 Return value:  Size  Location     Type
                  1    wreg      void 
 Registers used:
		wreg, status,2, status,0
 Tracked objects:
		On entry : 
		On exit  : 
		Unchanged: 
 Data sizes:     COMRAM   BANK0   BANK1   BANK2   BANK3   BANK4   BANK5
      Params:         2       0       0       0       0       0       0
      Locals:         2       0       0       0       0       0       0
      Temps:          1       0       0       0       0       0       0
      Totals:         5       0       0       0       0       0       0
Total ram usage:        5 bytes
 Hardware stack levels used:    1
 This function calls:
		Nothing
 This function is called by:
		_main
 This function uses a non-reentrant model


 *************** function _Delay *****************
 Defined at:
		line 15 in file "delay.h"
 Parameters:    Size  Location     Type
  us              2    0[COMRAM] int 
 Auto vars:     Size  Location     Type
  i               2    3[COMRAM] int 
 Return value:  Size  Location     Type
                  1    wreg      void 
 Registers used:
		wreg, status,2, status,0
 Tracked objects:
		On entry : 
		On exit  : 
		Unchanged: 
 Data sizes:     COMRAM   BANK0   BANK1   BANK2   BANK3   BANK4   BANK5
      Params:         2       0       0       0       0       0       0
      Locals:         2       0       0       0       0       0       0
      Temps:          1       0       0       0       0       0       0
      Totals:         5       0       0       0       0       0       0
Total ram usage:        5 bytes
 Hardware stack levels used:    1
 This function calls:
		Nothing
 This function is called by:
		_main
 This function uses a non-reentrant model


 *************** function _ConvertADC *****************
 Defined at:
		line 22 in file "C:\Program Files (x86)\Microchip\xc8\v1.36\sources\pic18\plib\ADC\adcconv.c"
 Parameters:    Size  Location     Type
		None
 Auto vars:     Size  Location     Type
		None
 Return value:  Size  Location     Type
                  1    wreg      void 
 Registers used:
		None
 Tracked objects:
		On entry : 
		On exit  : 
		Unchanged: 
 Data sizes:     COMRAM   BANK0   BANK1   BANK2   BANK3   BANK4   BANK5
      Params:         0       0       0       0       0       0       0
      Locals:         0       0       0       0       0       0       0
      Temps:          0       0       0       0       0       0       0
      Totals:         0       0       0       0       0       0       0
Total ram usage:        0 bytes
 Hardware stack levels used:    1
 This function calls:
		Nothing
 This function is called by:
		_main
 This function uses a non-reentrant model


 *************** function _BusyADC *****************
 Defined at:
		line 26 in file "C:\Program Files (x86)\Microchip\xc8\v1.36\sources\pic18\plib\ADC\adcbusy.c"
 Parameters:    Size  Location     Type
		None
 Auto vars:     Size  Location     Type
		None
 Return value:  Size  Location     Type
                  1    wreg      unsigned char 
 Registers used:
		wreg
 Tracked objects:
		On entry : 
		On exit  : 
		Unchanged: 
 Data sizes:     COMRAM   BANK0   BANK1   BANK2   BANK3   BANK4   BANK5
      Params:         0       0       0       0       0       0       0
      Locals:         0       0       0       0       0       0       0
      Temps:          0       0       0       0       0       0       0
      Totals:         0       0       0       0       0       0       0
Total ram usage:        0 bytes
 Hardware stack levels used:    1
 This function calls:
		Nothing
 This function is called by:
		_main
 This function uses a non-reentrant model



MODULE INFORMATION

Module		Function		Class		Link	Load	Size
C:\Program Files (x86)\Microchip\xc8\v1.36\sources\common\awtoft.c
		___awtoft      		CODE           	104C	0000	57

C:\Program Files (x86)\Microchip\xc8\v1.36\sources\common\awtoft.c estimated size: 57

delay.h
		_Delayms       		CODE           	10BA	0000	51
		_Delay         		CODE           	1138	0000	39

delay.h estimated size: 90

C:\Program Files (x86)\Microchip\xc8\v1.36\sources\common\fttol.c
		___fttol       		CODE           	0B08	0000	245

C:\Program Files (x86)\Microchip\xc8\v1.36\sources\common\fttol.c estimated size: 245

C:\Program Files (x86)\Microchip\xc8\v1.36\sources\pic18\plib\ADC\adcread.c
		_ReadADC       		CODE           	11FA	0000	15

C:\Program Files (x86)\Microchip\xc8\v1.36\sources\pic18\plib\ADC\adcread.c estimated size: 15

C:\Program Files (x86)\Microchip\xc8\v1.36\sources\common\ftadd.c
		___ftadd       		CODE           	081C	0000	429

C:\Program Files (x86)\Microchip\xc8\v1.36\sources\common\ftadd.c estimated size: 429

C:\Program Files (x86)\Microchip\xc8\v1.36\sources\pic18\plib\ADC\adcconv.c
		_ConvertADC    		CODE           	1228	0000	5

C:\Program Files (x86)\Microchip\xc8\v1.36\sources\pic18\plib\ADC\adcconv.c estimated size: 5

C:\Program Files (x86)\Microchip\xc8\v1.36\sources\common\doprnt.c
		_printf        		CODE           	061C	0000	513

C:\Program Files (x86)\Microchip\xc8\v1.36\sources\common\doprnt.c estimated size: 513

C:\Program Files (x86)\Microchip\xc8\v1.36\sources\common\ftneg.c
		___ftneg       		CODE           	115E	0000	37

C:\Program Files (x86)\Microchip\xc8\v1.36\sources\common\ftneg.c estimated size: 37

C:\Program Files (x86)\Microchip\xc8\v1.36\sources\common\float.c
		___ftpack      		CODE           	0CF0	0000	175

C:\Program Files (x86)\Microchip\xc8\v1.36\sources\common\float.c estimated size: 175

C:\Program Files (x86)\Microchip\xc8\v1.36\sources\common\Umul16.c
		___wmul        		CODE           	10EC	0000	39

C:\Program Files (x86)\Microchip\xc8\v1.36\sources\common\Umul16.c estimated size: 39

C:\Program Files (x86)\Microchip\xc8\v1.36\sources\common\lwmod.c
		___lwmod       		CODE           	100A	0000	67

C:\Program Files (x86)\Microchip\xc8\v1.36\sources\common\lwmod.c estimated size: 67

shared
		_dpowers       		SMALLCONST     	0601	0000	11
		__initialization		CODE           	1084	0000	45

shared estimated size: 56

C:\Program Files (x86)\Microchip\xc8\v1.36\sources\common\isdigit.c
		_isdigit       		CODE           	1182	0000	31

C:\Program Files (x86)\Microchip\xc8\v1.36\sources\common\isdigit.c estimated size: 31

hd44780.c
		_HD44780_CursorSet		CODE           	0FC8	0000	67
		_putch         		CODE           	0F7A	0000	79
		_HD44780_Cmd4bit		CODE           	0E42	0000	137
		_HD44780_Cmd   		CODE           	11D0	0000	23
		_HD44780_Data  		CODE           	11BA	0000	23
		_HD44780_Init  		CODE           	0D9E	0000	165
		_HD44780_Clear 		CODE           	11E6	0000	21
		_HD44780_Delay 		CODE           	1112	0000	39
		_HD44780_InitPins		CODE           	11A0	0000	27
		_HD44780_DisplayOn		CODE           	1208	0000	13

hd44780.c estimated size: 594

C:\Program Files (x86)\Microchip\xc8\v1.36\sources\pic18\plib\ADC\adcbusy.c
		_BusyADC       		CODE           	1214	0000	13

C:\Program Files (x86)\Microchip\xc8\v1.36\sources\pic18\plib\ADC\adcbusy.c estimated size: 13

C:\Program Files (x86)\Microchip\xc8\v1.36\sources\common\ftmul.c
		___ftmul       		CODE           	0BFC	0000	245

C:\Program Files (x86)\Microchip\xc8\v1.36\sources\common\ftmul.c estimated size: 245

C:\Program Files (x86)\Microchip\xc8\v1.36\sources\pic18\plib\ADC\adcopen.c
		_OpenADC       		CODE           	0ECA	0000	95

C:\Program Files (x86)\Microchip\xc8\v1.36\sources\pic18\plib\ADC\adcopen.c estimated size: 95

main.c
		_main          		CODE           	09C8	0000	321

main.c estimated size: 321

C:\Program Files (x86)\Microchip\xc8\v1.36\sources\common\lwdiv.c
		___lwdiv       		CODE           	0F28	0000	83

C:\Program Files (x86)\Microchip\xc8\v1.36\sources\common\lwdiv.c estimated size: 83

