Microchip MPLAB XC8 Compiler V1.36 ()

Linker command line:

--edf=C:\Program Files (x86)\Microchip\xc8\v1.36\dat\en_msgs.txt -cs \
  -h+dist/default/production\PIC18F4520_LCD.X.production.sym \
  --cmf=dist/default/production\PIC18F4520_LCD.X.production.cmf -z \
  -Q18F4520 -oC:\Users\BURAKE~1\AppData\Local\Temp\s6os.2 \
  -Mdist/default/production/PIC18F4520_LCD.X.production.map -E1 -ver=XC8 \
  -ASTACK=080h-05ffh -pstack=STACK -ACODE=00h-07FFFh -ACONST=00h-07FFFh \
  -ASMALLCONST=0600h-06FFhx122 -AMEDIUMCONST=0600h-07FFFh -ACOMRAM=01h-07Fh \
  -AABS1=00h-05FFh -ABIGRAM=01h-05FFh -ARAM=080h-0FFh,0100h-01FFhx5 \
  -ABANK0=080h-0FFh -ABANK1=0100h-01FFh -ABANK2=0200h-02FFh \
  -ABANK3=0300h-03FFh -ABANK4=0400h-04FFh -ABANK5=0500h-05FFh \
  -ASFR=0F80h-0FFFh -preset_vec=00h,intcode,intcodelo,powerup,init,end_init \
  -pramtop=0600h -psmallconst=SMALLCONST -pmediumconst=MEDIUMCONST \
  -pconst=CONST -AFARRAM=00h-00h -ACONFIG=0300000h-030000Dh -pconfig=CONFIG \
  -AIDLOC=0200000h-0200007h -pidloc=IDLOC -AEEDATA=0F00000h-0F000FFh \
  -peeprom_data=EEDATA \
  -prdata=COMRAM,nvrram=COMRAM,nvbit=COMRAM,rbss=COMRAM,rbit=COMRAM \
  -pfarbss=FARRAM,fardata=FARRAM,nvFARRAM=FARRAM \
  -pintsave_regs=BIGRAM,bigbss=BIGRAM,bigdata=BIGRAM -pbss=RAM \
  -pidata=CODE,irdata=CODE,ibigdata=CODE,ifardata=CODE -prparam=COMRAM \
  C:\Users\BURAKE~1\AppData\Local\Temp\s6os.obj \
  dist/default/production\PIC18F4520_LCD.X.production.obj 

Object code version is 3.11

Machine type is 18F4520

Call graph: (short form)




                Name                               Link     Load   Length Selector   Space Scale
C:\Users\BURAKE~1\AppData\Local\Temp\s6os.obj
                end_init                              0        0        4        0       0
                idloc                            200000   200000        8   200000       0
                config                           300000   300000        E   300000       0
dist/default/production\PIC18F4520_LCD.X.production.obj
                smallconst                          600      600       28      300       0
                text15                              918      918       32      314       0
                text14                              94A      94A       26      314       0
                text13                              75A      75A       88      314       0
                text12                              9A0      9A0       16      314       0
                text11                              A02      A02        C      314       0
                text10                              98A      98A       16      314       0
                text9                               8E0      8E0       38      314       0
                text8                               9F6      9F6        C      314       0
                text7                               9CA      9CA       14      314       0
                text6                               9EA      9EA        C      314       0
                text5                               970      970       1A      314       0
                text4                               628      628       A4      314       0
                text3                               864      864       42      314       0
                text2                               9B6      9B6       14      314       0
                text1                               6CC      6CC       8E      314       0
                text0                               7E2      7E2       82      314       0
                cstackCOMRAM                          1        1       12        1       1
                dataCOMRAM                           13       13        C        1       1
                bssCOMRAM                            1F       1F        7        1       1
                cinit                               8A6      8A6       3A      314       0
                idataCOMRAM                         9DE      9DE        C      314       0

TOTAL           Name                               Link     Load   Length     Space
        CLASS   STACK          

        CLASS   CODE           
                end_init                              0        0        4         0
                text15                              918      918       32         0
                text14                              94A      94A       26         0
                text13                              75A      75A       88         0
                text12                              9A0      9A0       16         0
                text11                              A02      A02        C         0
                text10                              98A      98A       16         0
                text9                               8E0      8E0       38         0
                text8                               9F6      9F6        C         0
                text7                               9CA      9CA       14         0
                text6                               9EA      9EA        C         0
                text5                               970      970       1A         0
                text4                               628      628       A4         0
                text3                               864      864       42         0
                text2                               9B6      9B6       14         0
                text1                               6CC      6CC       8E         0
                text0                               7E2      7E2       82         0
                cinit                               8A6      8A6       3A         0
                idataCOMRAM                         9DE      9DE        C         0

        CLASS   CONST          

        CLASS   SMALLCONST     
                smallconst                          600      600       28         0

        CLASS   MEDIUMCONST    

        CLASS   COMRAM         
                cstackCOMRAM                          1        1       12         1
                dataCOMRAM                           13       13        C         1
                bssCOMRAM                            1F       1F        7         1

        CLASS   ABS1           

        CLASS   BIGRAM         

        CLASS   RAM            

        CLASS   BANK0          

        CLASS   BANK1          

        CLASS   BANK2          

        CLASS   BANK3          

        CLASS   BANK4          

        CLASS   BANK5          

        CLASS   SFR            

        CLASS   FARRAM         

        CLASS   CONFIG         
                config                           300000   300000        E         0

        CLASS   IDLOC          
                idloc                            200000   200000        8         0

        CLASS   EEDATA         



SEGMENTS        Name                           Load    Length   Top    Selector   Space  Class

                reset_vec                      000000  000004  000004         0       0  CODE    
                cstackCOMRAM                   000001  000025  000026         1       1  COMRAM  
                smallconst                     000600  000028  000628       300       0  SMALLCON
                text4                          000628  0003E6  000A0E       314       0  CODE    
                idloc                          200000  000008  200008    200000       0  IDLOC   
                config                         300000  00000E  30000E    300000       0  CONFIG  


UNUSED ADDRESS RANGES

        Name                Unused          Largest block    Delta
        BANK0            000080-0000FF               80
        BANK1            000100-0001FF              100
        BANK2            000200-0002FF              100
        BANK3            000300-0003FF              100
        BANK4            000400-0004FF              100
        BANK5            000500-0005FF              100
        BIGRAM           000026-0005FF              5DA
        CODE             000004-0005FF              5FC
                         000A0E-007FFF             75F2
        COMRAM           000026-00007F               5A
        CONST            000004-0005FF              5FC
                         000A0E-007FFF             75F2
        EEDATA           F00000-F000FF              100
        MEDIUMCONST      000A0E-007FFF             75F2
        RAM              000080-0005FF              100
        SFR              000F80-000FFF               80
        SMALLCONST       000A0E-007FFF              100
        STACK            000080-0005FF              580

                                  Symbol Table

Delayms@i                     cstackCOMRAM 000004
Delayms@ms                    cstackCOMRAM 000001
HD44780_Cmd4bit@cmd           cstackCOMRAM 000007
HD44780_Cmd@cmd               cstackCOMRAM 000008
HD44780_CreateChar@data       cstackCOMRAM 000009
HD44780_CreateChar@i          cstackCOMRAM 00000C
HD44780_CreateChar@location   cstackCOMRAM 00000B
HD44780_CursorSet@F4227       dataCOMRAM   000013
HD44780_CursorSet@col         cstackCOMRAM 00000E
HD44780_CursorSet@row         cstackCOMRAM 000009
HD44780_CursorSet@row_offsets cstackCOMRAM 00000A
HD44780_Data@data             cstackCOMRAM 000008
HD44780_Delay@i               cstackCOMRAM 000004
HD44780_Delay@us              cstackCOMRAM 000001
HD44780_Init@cols             cstackCOMRAM 00000A
HD44780_Init@rows             cstackCOMRAM 000009
HD44780_PutCustom@location    cstackCOMRAM 000010
HD44780_PutCustom@x           cstackCOMRAM 000011
HD44780_PutCustom@y           cstackCOMRAM 00000F
HD44780_Puts@str              cstackCOMRAM 000010
HD44780_Puts@x                cstackCOMRAM 000012
HD44780_Puts@y                cstackCOMRAM 00000F
_Delayms                      text15       000918
_HD44780_BlinkOn              text11       000A02
_HD44780_Clear                text7        0009CA
_HD44780_Cmd                  text12       0009A0
_HD44780_Cmd4bit              text13       00075A
_HD44780_CreateChar           text9        0008E0
_HD44780_CursorOn             text8        0009F6
_HD44780_CursorSet            text3        000864
_HD44780_Data                 text10       00098A
_HD44780_Delay                text14       00094A
_HD44780_DisplayOn            text6        0009EA
_HD44780_Init                 text4        000628
_HD44780_InitPins             text5        000970
_HD44780_Opts                 bssCOMRAM    00001F
_HD44780_PutCustom            text2        0009B6
_HD44780_Puts                 text1        0006CC
_PORTBbits                    (abs)        000F81
_TRISBbits                    (abs)        000F93
__CFG_BOREN$ON                (abs)        000000
__CFG_BORV$2                  (abs)        000000
__CFG_CCP2MX$PORTC            (abs)        000000
__CFG_CP0$OFF                 (abs)        000000
__CFG_CP1$OFF                 (abs)        000000
__CFG_CP2$OFF                 (abs)        000000
__CFG_CP3$OFF                 (abs)        000000
__CFG_CPB$OFF                 (abs)        000000
__CFG_CPD$OFF                 (abs)        000000
__CFG_EBTR0$OFF               (abs)        000000
__CFG_EBTR1$OFF               (abs)        000000
__CFG_EBTR2$OFF               (abs)        000000
__CFG_EBTR3$OFF               (abs)        000000
__CFG_EBTRB$OFF               (abs)        000000
__CFG_FCMEN$OFF               (abs)        000000
__CFG_IESO$OFF                (abs)        000000
__CFG_LPT1OSC$OFF             (abs)        000000
__CFG_LVP$OFF                 (abs)        000000
__CFG_MCLRE$ON                (abs)        000000
__CFG_OSC$HS                  (abs)        000000
__CFG_PBADEN$OFF              (abs)        000000
__CFG_PWRT$OFF                (abs)        000000
__CFG_STVREN$ON               (abs)        000000
__CFG_WDT$OFF                 (abs)        000000
__CFG_WDTPS$32768             (abs)        000000
__CFG_WRT0$OFF                (abs)        000000
__CFG_WRT1$OFF                (abs)        000000
__CFG_WRT2$OFF                (abs)        000000
__CFG_WRT3$OFF                (abs)        000000
__CFG_WRTB$OFF                (abs)        000000
__CFG_WRTC$OFF                (abs)        000000
__CFG_WRTD$OFF                (abs)        000000
__CFG_XINST$OFF               (abs)        000000
__HRAM                        (abs)        000000
__Habs1                       abs1         000000
__Hbank0                      bank0        000000
__Hbank1                      bank1        000000
__Hbank2                      bank2        000000
__Hbank3                      bank3        000000
__Hbank4                      bank4        000000
__Hbank5                      bank5        000000
__Hbigbss                     bigbss       000000
__Hbigdata                    bigdata      000000
__Hbigram                     bigram       000000
__Hbss                        bss          000000
__HbssCOMRAM                  bssCOMRAM    000000
__Hcinit                      cinit        000000
__Hclrtext                    clrtext      000000
__Hcomram                     comram       000000
__Hconfig                     config       30000E
__Hconst                      const        000000
__HcstackCOMRAM               cstackCOMRAM 000000
__Hdata                       data         000000
__HdataCOMRAM                 dataCOMRAM   000000
__Heeprom_data                eeprom_data  000000
__Hend_init                   end_init     000004
__Hfarbss                     farbss       000000
__Hfardata                    fardata      000000
__Hibigdata                   ibigdata     000000
__Hidata                      idata        000000
__HidataCOMRAM                idataCOMRAM  000000
__Hidloc                      idloc        200008
__Hifardata                   ifardata     000000
__Hinit                       init         000000
__Hintcode                    intcode      000000
__Hintcode_body               intcode_body 000000
__Hintcodelo                  intcodelo    000000
__Hintentry                   intentry     000000
__Hintret                     intret       000000
__Hintsave_regs               intsave_regs 000000
__Hirdata                     irdata       000000
__Hmediumconst                mediumconst  000000
__HnvFARRAM                   nvFARRAM     000000
__Hnvbit                      nvbit        000000
__Hnvrram                     nvrram       000000
__Hparam                      rparam       000000
__Hpowerup                    powerup      000000
__Hram                        ram          000000
__Hramtop                     ramtop       000600
__Hrbit                       rbit         000000
__Hrbss                       rbss         000000
__Hrdata                      rdata        000000
__Hreset_vec                  reset_vec    000000
__Hrparam                     rparam       000000
__Hsfr                        sfr          000000
__Hsmallconst                 smallconst   000628
__Hspace_0                    (abs)        30000E
__Hspace_1                    (abs)        000026
__Hspace_2                    (abs)        000000
__Hstack                      stack        000000
__Hstruct                     struct       000000
__Htemp                       temp         000000
__Htext                       text         000000
__Htext0                      text0        000000
__Htext1                      text1        000000
__Htext10                     text10       000000
__Htext11                     text11       000000
__Htext12                     text12       000000
__Htext13                     text13       000000
__Htext14                     text14       000000
__Htext15                     text15       000000
__Htext2                      text2        000000
__Htext3                      text3        000000
__Htext4                      text4        000000
__Htext5                      text5        000000
__Htext6                      text6        000000
__Htext7                      text7        000000
__Htext8                      text8        000000
__Htext9                      text9        000000
__LRAM                        (abs)        000001
__Labs1                       abs1         000000
__Lbank0                      bank0        000000
__Lbank1                      bank1        000000
__Lbank2                      bank2        000000
__Lbank3                      bank3        000000
__Lbank4                      bank4        000000
__Lbank5                      bank5        000000
__Lbigbss                     bigbss       000000
__Lbigdata                    bigdata      000000
__Lbigram                     bigram       000000
__Lbss                        bss          000000
__LbssCOMRAM                  bssCOMRAM    000000
__Lcinit                      cinit        000000
__Lclrtext                    clrtext      000000
__Lcomram                     comram       000000
__Lconfig                     config       300000
__Lconst                      const        000000
__LcstackCOMRAM               cstackCOMRAM 000000
__Ldata                       data         000000
__LdataCOMRAM                 dataCOMRAM   000000
__Leeprom_data                eeprom_data  000000
__Lend_init                   end_init     000000
__Lfarbss                     farbss       000000
__Lfardata                    fardata      000000
__Libigdata                   ibigdata     000000
__Lidata                      idata        000000
__LidataCOMRAM                idataCOMRAM  000000
__Lidloc                      idloc        200000
__Lifardata                   ifardata     000000
__Linit                       init         000000
__Lintcode                    intcode      000000
__Lintcode_body               intcode_body 000000
__Lintcodelo                  intcodelo    000000
__Lintentry                   intentry     000000
__Lintret                     intret       000000
__Lintsave_regs               intsave_regs 000000
__Lirdata                     irdata       000000
__Lmediumconst                mediumconst  000000
__LnvFARRAM                   nvFARRAM     000000
__Lnvbit                      nvbit        000000
__Lnvrram                     nvrram       000000
__Lparam                      rparam       000000
__Lpowerup                    powerup      000000
__Lram                        ram          000000
__Lramtop                     ramtop       000600
__Lrbit                       rbit         000000
__Lrbss                       rbss         000000
__Lrdata                      rdata        000000
__Lreset_vec                  reset_vec    000000
__Lrparam                     rparam       000000
__Lsfr                        sfr          000000
__Lsmallconst                 smallconst   000600
__Lspace_0                    (abs)        000000
__Lspace_1                    (abs)        000000
__Lspace_2                    (abs)        000000
__Lstack                      stack        000000
__Lstruct                     struct       000000
__Ltemp                       temp         000000
__Ltext                       text         000000
__Ltext0                      text0        000000
__Ltext1                      text1        000000
__Ltext10                     text10       000000
__Ltext11                     text11       000000
__Ltext12                     text12       000000
__Ltext13                     text13       000000
__Ltext14                     text14       000000
__Ltext15                     text15       000000
__Ltext2                      text2        000000
__Ltext3                      text3        000000
__Ltext4                      text4        000000
__Ltext5                      text5        000000
__Ltext6                      text6        000000
__Ltext7                      text7        000000
__Ltext8                      text8        000000
__Ltext9                      text9        000000
__S0                          (abs)        30000E
__S1                          (abs)        000026
__S2                          (abs)        000000
___inthi_sp                   stack        000000
___intlo_sp                   stack        000000
___param_bank                 (abs)        000010
___rparam_used                (abs)        000001
___sp                         stack        000000
__accesstop                   (abs)        000080
__activetblptr                (abs)        000001
__end_of_Delayms              text15       00094A
__end_of_HD44780_BlinkOn      text11       000A0E
__end_of_HD44780_Clear        text7        0009DE
__end_of_HD44780_Cmd          text12       0009B6
__end_of_HD44780_Cmd4bit      text13       0007E2
__end_of_HD44780_CreateChar   text9        000918
__end_of_HD44780_CursorOn     text8        000A02
__end_of_HD44780_CursorSet    text3        0008A6
__end_of_HD44780_Data         text10       0009A0
__end_of_HD44780_Delay        text14       000970
__end_of_HD44780_DisplayOn    text6        0009F6
__end_of_HD44780_Init         text4        0006CC
__end_of_HD44780_InitPins     text5        00098A
__end_of_HD44780_PutCustom    text2        0009CA
__end_of_HD44780_Puts         text1        00075A
__end_of__initialization      cinit        0008D2
__end_of_main                 text0        000864
__initialization              cinit        0008A6
__mediumconst                 mediumconst  000000
__pbssCOMRAM                  bssCOMRAM    00001F
__pcinit                      cinit        0008A6
__pcstackCOMRAM               cstackCOMRAM 000001
__pdataCOMRAM                 dataCOMRAM   000013
__pidataCOMRAM                idataCOMRAM  0009DE
__psmallconst                 smallconst   000600
__ptext0                      text0        0007E2
__ptext1                      text1        0006CC
__ptext10                     text10       00098A
__ptext11                     text11       000A02
__ptext12                     text12       0009A0
__ptext13                     text13       00075A
__ptext14                     text14       00094A
__ptext15                     text15       000918
__ptext2                      text2        0009B6
__ptext3                      text3        000864
__ptext4                      text4        000628
__ptext5                      text5        000970
__ptext6                      text6        0009EA
__ptext7                      text7        0009CA
__ptext8                      text8        0009F6
__ptext9                      text9        0008E0
__ramtop                      ramtop       000600
__size_of_Delayms             (abs)        000000
__size_of_HD44780_BlinkOn     (abs)        000000
__size_of_HD44780_Clear       (abs)        000000
__size_of_HD44780_Cmd         (abs)        000000
__size_of_HD44780_Cmd4bit     (abs)        000000
__size_of_HD44780_CreateChar  (abs)        000000
__size_of_HD44780_CursorOn    (abs)        000000
__size_of_HD44780_CursorSet   (abs)        000000
__size_of_HD44780_Data        (abs)        000000
__size_of_HD44780_Delay       (abs)        000000
__size_of_HD44780_DisplayOn   (abs)        000000
__size_of_HD44780_Init        (abs)        000000
__size_of_HD44780_InitPins    (abs)        000000
__size_of_HD44780_PutCustom   (abs)        000000
__size_of_HD44780_Puts        (abs)        000000
__size_of_main                (abs)        000000
__smallconst                  smallconst   000600
_customChar                   dataCOMRAM   000017
_main                         text0        0007E2
end_of_initialization         cinit        0008D2
intlevel0                     text         000000
intlevel1                     text         000000
intlevel2                     text         000000
intlevel3                     text         000000
stackhi                       (abs)        0005FF
stacklo                       (abs)        000080
start                         init         000000
start_initialization          cinit        0008A6


FUNCTION INFORMATION:

 *************** function _main *****************
 Defined at:
		line 22 in file "main.c"
 Parameters:    Size  Location     Type
		None
 Auto vars:     Size  Location     Type
		None
 Return value:  Size  Location     Type
                  2   32[None  ] int 
 Registers used:
		wreg, fsr2l, fsr2h, status,2, status,0, tblptrl, tblptrh, tblptru, prodl, prodh, cstack
 Tracked objects:
		On entry : 
		On exit  : 
		Unchanged: 
 Data sizes:     COMRAM   BANK0   BANK1   BANK2   BANK3   BANK4   BANK5
      Params:         0       0       0       0       0       0       0
      Locals:         0       0       0       0       0       0       0
      Temps:          0       0       0       0       0       0       0
      Totals:         0       0       0       0       0       0       0
Total ram usage:        0 bytes
 Hardware stack levels required when called:    5
 This function calls:
		_Delayms
		_HD44780_BlinkOn
		_HD44780_Clear
		_HD44780_CreateChar
		_HD44780_CursorOn
		_HD44780_Init
		_HD44780_PutCustom
		_HD44780_Puts
 This function is called by:
		Startup code after reset
 This function uses a non-reentrant model


 *************** function _HD44780_Puts *****************
 Defined at:
		line 171 in file "hd44780.c"
 Parameters:    Size  Location     Type
  x               1    wreg     unsigned char 
  y               1   14[COMRAM] unsigned char 
  str             2   15[COMRAM] PTR unsigned char 
		 -> STR_3(9), STR_2(17), STR_1(11), 
 Auto vars:     Size  Location     Type
  x               1   17[COMRAM] unsigned char 
 Return value:  Size  Location     Type
                  1    wreg      void 
 Registers used:
		wreg, fsr2l, fsr2h, status,2, status,0, tblptrl, tblptrh, tblptru, prodl, prodh, cstack
 Tracked objects:
		On entry : 
		On exit  : 
		Unchanged: 
 Data sizes:     COMRAM   BANK0   BANK1   BANK2   BANK3   BANK4   BANK5
      Params:         3       0       0       0       0       0       0
      Locals:         1       0       0       0       0       0       0
      Temps:          0       0       0       0       0       0       0
      Totals:         4       0       0       0       0       0       0
Total ram usage:        4 bytes
 Hardware stack levels used:    1
 Hardware stack levels required when called:    4
 This function calls:
		_HD44780_CursorSet
		_HD44780_Data
 This function is called by:
		_main
 This function uses a non-reentrant model


 *************** function _HD44780_PutCustom *****************
 Defined at:
		line 241 in file "hd44780.c"
 Parameters:    Size  Location     Type
  x               1    wreg     unsigned char 
  y               1   14[COMRAM] unsigned char 
  location        1   15[COMRAM] unsigned char 
 Auto vars:     Size  Location     Type
  x               1   16[COMRAM] unsigned char 
 Return value:  Size  Location     Type
                  1    wreg      void 
 Registers used:
		wreg, fsr2l, fsr2h, status,2, status,0, prodl, prodh, cstack
 Tracked objects:
		On entry : 
		On exit  : 
		Unchanged: 
 Data sizes:     COMRAM   BANK0   BANK1   BANK2   BANK3   BANK4   BANK5
      Params:         2       0       0       0       0       0       0
      Locals:         1       0       0       0       0       0       0
      Temps:          0       0       0       0       0       0       0
      Totals:         3       0       0       0       0       0       0
Total ram usage:        3 bytes
 Hardware stack levels used:    1
 Hardware stack levels required when called:    4
 This function calls:
		_HD44780_CursorSet
		_HD44780_Data
 This function is called by:
		_main
 This function uses a non-reentrant model


 *************** function _HD44780_CursorSet *****************
 Defined at:
		line 246 in file "hd44780.c"
 Parameters:    Size  Location     Type
  col             1    wreg     unsigned char 
  row             1    8[COMRAM] unsigned char 
 Auto vars:     Size  Location     Type
  col             1   13[COMRAM] unsigned char 
  row_offsets     4    9[COMRAM] unsigned char [4]
 Return value:  Size  Location     Type
                  1    wreg      void 
 Registers used:
		wreg, fsr2l, fsr2h, status,2, status,0, prodl, prodh, cstack
 Tracked objects:
		On entry : 
		On exit  : 
		Unchanged: 
 Data sizes:     COMRAM   BANK0   BANK1   BANK2   BANK3   BANK4   BANK5
      Params:         1       0       0       0       0       0       0
      Locals:         5       0       0       0       0       0       0
      Temps:          0       0       0       0       0       0       0
      Totals:         6       0       0       0       0       0       0
Total ram usage:        6 bytes
 Hardware stack levels used:    1
 Hardware stack levels required when called:    3
 This function calls:
		_HD44780_Cmd
 This function is called by:
		_HD44780_Puts
		_HD44780_PutCustom
		_putch
 This function uses a non-reentrant model


 *************** function _HD44780_Init *****************
 Defined at:
		line 111 in file "hd44780.c"
 Parameters:    Size  Location     Type
  cols            1    wreg     unsigned char 
  rows            1    8[COMRAM] unsigned char 
 Auto vars:     Size  Location     Type
  cols            1    9[COMRAM] unsigned char 
 Return value:  Size  Location     Type
                  1    wreg      void 
 Registers used:
		wreg, status,2, status,0, cstack
 Tracked objects:
		On entry : 
		On exit  : 
		Unchanged: 
 Data sizes:     COMRAM   BANK0   BANK1   BANK2   BANK3   BANK4   BANK5
      Params:         1       0       0       0       0       0       0
      Locals:         1       0       0       0       0       0       0
      Temps:          0       0       0       0       0       0       0
      Totals:         2       0       0       0       0       0       0
Total ram usage:        2 bytes
 Hardware stack levels used:    1
 Hardware stack levels required when called:    4
 This function calls:
		_HD44780_Clear
		_HD44780_Cmd
		_HD44780_Cmd4bit
		_HD44780_Delay
		_HD44780_DisplayOn
		_HD44780_InitPins
 This function is called by:
		_main
 This function uses a non-reentrant model


 *************** function _HD44780_InitPins *****************
 Defined at:
		line 292 in file "hd44780.c"
 Parameters:    Size  Location     Type
		None
 Auto vars:     Size  Location     Type
		None
 Return value:  Size  Location     Type
                  1    wreg      void 
 Registers used:
		None
 Tracked objects:
		On entry : 
		On exit  : 
		Unchanged: 
 Data sizes:     COMRAM   BANK0   BANK1   BANK2   BANK3   BANK4   BANK5
      Params:         0       0       0       0       0       0       0
      Locals:         0       0       0       0       0       0       0
      Temps:          0       0       0       0       0       0       0
      Totals:         0       0       0       0       0       0       0
Total ram usage:        0 bytes
 Hardware stack levels used:    1
 This function calls:
		Nothing
 This function is called by:
		_HD44780_Init
 This function uses a non-reentrant model


 *************** function _HD44780_DisplayOn *****************
 Defined at:
		line 192 in file "hd44780.c"
 Parameters:    Size  Location     Type
		None
 Auto vars:     Size  Location     Type
		None
 Return value:  Size  Location     Type
                  1    wreg      void 
 Registers used:
		wreg, status,2, status,0, cstack
 Tracked objects:
		On entry : 
		On exit  : 
		Unchanged: 
 Data sizes:     COMRAM   BANK0   BANK1   BANK2   BANK3   BANK4   BANK5
      Params:         0       0       0       0       0       0       0
      Locals:         0       0       0       0       0       0       0
      Temps:          0       0       0       0       0       0       0
      Totals:         0       0       0       0       0       0       0
Total ram usage:        0 bytes
 Hardware stack levels used:    1
 Hardware stack levels required when called:    3
 This function calls:
		_HD44780_Cmd
 This function is called by:
		_HD44780_Init
 This function uses a non-reentrant model


 *************** function _HD44780_Clear *****************
 Defined at:
		line 166 in file "hd44780.c"
 Parameters:    Size  Location     Type
		None
 Auto vars:     Size  Location     Type
		None
 Return value:  Size  Location     Type
                  1    wreg      void 
 Registers used:
		wreg, status,2, status,0, cstack
 Tracked objects:
		On entry : 
		On exit  : 
		Unchanged: 
 Data sizes:     COMRAM   BANK0   BANK1   BANK2   BANK3   BANK4   BANK5
      Params:         0       0       0       0       0       0       0
      Locals:         0       0       0       0       0       0       0
      Temps:          0       0       0       0       0       0       0
      Totals:         0       0       0       0       0       0       0
Total ram usage:        0 bytes
 Hardware stack levels used:    1
 Hardware stack levels required when called:    3
 This function calls:
		_HD44780_Cmd
		_HD44780_Delay
 This function is called by:
		_main
		_HD44780_Init
 This function uses a non-reentrant model


 *************** function _HD44780_CursorOn *****************
 Defined at:
		line 212 in file "hd44780.c"
 Parameters:    Size  Location     Type
		None
 Auto vars:     Size  Location     Type
		None
 Return value:  Size  Location     Type
                  1    wreg      void 
 Registers used:
		wreg, status,2, status,0, cstack
 Tracked objects:
		On entry : 
		On exit  : 
		Unchanged: 
 Data sizes:     COMRAM   BANK0   BANK1   BANK2   BANK3   BANK4   BANK5
      Params:         0       0       0       0       0       0       0
      Locals:         0       0       0       0       0       0       0
      Temps:          0       0       0       0       0       0       0
      Totals:         0       0       0       0       0       0       0
Total ram usage:        0 bytes
 Hardware stack levels used:    1
 Hardware stack levels required when called:    3
 This function calls:
		_HD44780_Cmd
 This function is called by:
		_main
 This function uses a non-reentrant model


 *************** function _HD44780_CreateChar *****************
 Defined at:
		line 230 in file "hd44780.c"
 Parameters:    Size  Location     Type
  location        1    wreg     unsigned char 
  data            2    8[COMRAM] PTR unsigned char 
		 -> customChar(8), 
 Auto vars:     Size  Location     Type
  location        1   10[COMRAM] unsigned char 
  i               1   11[COMRAM] unsigned char 
 Return value:  Size  Location     Type
                  1    wreg      void 
 Registers used:
		wreg, fsr2l, fsr2h, status,2, status,0, prodl, prodh, cstack
 Tracked objects:
		On entry : 
		On exit  : 
		Unchanged: 
 Data sizes:     COMRAM   BANK0   BANK1   BANK2   BANK3   BANK4   BANK5
      Params:         2       0       0       0       0       0       0
      Locals:         2       0       0       0       0       0       0
      Temps:          0       0       0       0       0       0       0
      Totals:         4       0       0       0       0       0       0
Total ram usage:        4 bytes
 Hardware stack levels used:    1
 Hardware stack levels required when called:    3
 This function calls:
		_HD44780_Cmd
		_HD44780_Data
 This function is called by:
		_main
 This function uses a non-reentrant model


 *************** function _HD44780_Data *****************
 Defined at:
		line 273 in file "hd44780.c"
 Parameters:    Size  Location     Type
  data            1    wreg     unsigned char 
 Auto vars:     Size  Location     Type
  data            1    7[COMRAM] unsigned char 
 Return value:  Size  Location     Type
                  1    wreg      void 
 Registers used:
		wreg, status,2, status,0, cstack
 Tracked objects:
		On entry : 
		On exit  : 
		Unchanged: 
 Data sizes:     COMRAM   BANK0   BANK1   BANK2   BANK3   BANK4   BANK5
      Params:         0       0       0       0       0       0       0
      Locals:         1       0       0       0       0       0       0
      Temps:          0       0       0       0       0       0       0
      Totals:         1       0       0       0       0       0       0
Total ram usage:        1 bytes
 Hardware stack levels used:    1
 Hardware stack levels required when called:    2
 This function calls:
		_HD44780_Cmd4bit
 This function is called by:
		_HD44780_Puts
		_HD44780_CreateChar
		_HD44780_PutCustom
		_putch
 This function uses a non-reentrant model


 *************** function _HD44780_BlinkOn *****************
 Defined at:
		line 202 in file "hd44780.c"
 Parameters:    Size  Location     Type
		None
 Auto vars:     Size  Location     Type
		None
 Return value:  Size  Location     Type
                  1    wreg      void 
 Registers used:
		wreg, status,2, status,0, cstack
 Tracked objects:
		On entry : 
		On exit  : 
		Unchanged: 
 Data sizes:     COMRAM   BANK0   BANK1   BANK2   BANK3   BANK4   BANK5
      Params:         0       0       0       0       0       0       0
      Locals:         0       0       0       0       0       0       0
      Temps:          0       0       0       0       0       0       0
      Totals:         0       0       0       0       0       0       0
Total ram usage:        0 bytes
 Hardware stack levels used:    1
 Hardware stack levels required when called:    3
 This function calls:
		_HD44780_Cmd
 This function is called by:
		_main
 This function uses a non-reentrant model


 *************** function _HD44780_Cmd *****************
 Defined at:
		line 263 in file "hd44780.c"
 Parameters:    Size  Location     Type
  cmd             1    wreg     unsigned char 
 Auto vars:     Size  Location     Type
  cmd             1    7[COMRAM] unsigned char 
 Return value:  Size  Location     Type
                  1    wreg      void 
 Registers used:
		wreg, status,2, status,0, cstack
 Tracked objects:
		On entry : 
		On exit  : 
		Unchanged: 
 Data sizes:     COMRAM   BANK0   BANK1   BANK2   BANK3   BANK4   BANK5
      Params:         0       0       0       0       0       0       0
      Locals:         1       0       0       0       0       0       0
      Temps:          0       0       0       0       0       0       0
      Totals:         1       0       0       0       0       0       0
Total ram usage:        1 bytes
 Hardware stack levels used:    1
 Hardware stack levels required when called:    2
 This function calls:
		_HD44780_Cmd4bit
 This function is called by:
		_HD44780_Init
		_HD44780_Clear
		_HD44780_DisplayOn
		_HD44780_BlinkOn
		_HD44780_CursorOn
		_HD44780_CreateChar
		_HD44780_CursorSet
		_HD44780_DisplayOff
		_HD44780_BlinkOff
		_HD44780_CursorOff
		_HD44780_ScrollLeft
		_HD44780_ScrollRight
 This function uses a non-reentrant model


 *************** function _HD44780_Cmd4bit *****************
 Defined at:
		line 283 in file "hd44780.c"
 Parameters:    Size  Location     Type
  cmd             1    wreg     unsigned char 
 Auto vars:     Size  Location     Type
  cmd             1    6[COMRAM] unsigned char 
 Return value:  Size  Location     Type
                  1    wreg      void 
 Registers used:
		wreg, status,2, status,0, cstack
 Tracked objects:
		On entry : 
		On exit  : 
		Unchanged: 
 Data sizes:     COMRAM   BANK0   BANK1   BANK2   BANK3   BANK4   BANK5
      Params:         0       0       0       0       0       0       0
      Locals:         1       0       0       0       0       0       0
      Temps:          1       0       0       0       0       0       0
      Totals:         2       0       0       0       0       0       0
Total ram usage:        2 bytes
 Hardware stack levels used:    1
 Hardware stack levels required when called:    1
 This function calls:
		_HD44780_Delay
 This function is called by:
		_HD44780_Init
		_HD44780_Cmd
		_HD44780_Data
 This function uses a non-reentrant model


 *************** function _HD44780_Delay *****************
 Defined at:
		line 106 in file "hd44780.c"
 Parameters:    Size  Location     Type
  us              2    0[COMRAM] int 
 Auto vars:     Size  Location     Type
  i               2    3[COMRAM] int 
 Return value:  Size  Location     Type
                  1    wreg      void 
 Registers used:
		wreg, status,2, status,0
 Tracked objects:
		On entry : 
		On exit  : 
		Unchanged: 
 Data sizes:     COMRAM   BANK0   BANK1   BANK2   BANK3   BANK4   BANK5
      Params:         2       0       0       0       0       0       0
      Locals:         2       0       0       0       0       0       0
      Temps:          1       0       0       0       0       0       0
      Totals:         5       0       0       0       0       0       0
Total ram usage:        5 bytes
 Hardware stack levels used:    1
 This function calls:
		Nothing
 This function is called by:
		_HD44780_Init
		_HD44780_Clear
		_HD44780_Cmd4bit
 This function uses a non-reentrant model


 *************** function _Delayms *****************
 Defined at:
		line 10 in file "delay.h"
 Parameters:    Size  Location     Type
  ms              2    0[COMRAM] int 
 Auto vars:     Size  Location     Type
  i               2    3[COMRAM] int 
 Return value:  Size  Location     Type
                  1    wreg      void 
 Registers used:
		wreg, status,2, status,0
 Tracked objects:
		On entry : 
		On exit  : 
		Unchanged: 
 Data sizes:     COMRAM   BANK0   BANK1   BANK2   BANK3   BANK4   BANK5
      Params:         2       0       0       0       0       0       0
      Locals:         2       0       0       0       0       0       0
      Temps:          1       0       0       0       0       0       0
      Totals:         5       0       0       0       0       0       0
Total ram usage:        5 bytes
 Hardware stack levels used:    1
 This function calls:
		Nothing
 This function is called by:
		_main
 This function uses a non-reentrant model



MODULE INFORMATION

Module		Function		Class		Link	Load	Size
delay.h
		_Delayms       		CODE           	0918	0000	51

delay.h estimated size: 51

shared
		__initialization		CODE           	08A6	0000	45

shared estimated size: 45

hd44780.c
		_HD44780_CursorSet		CODE           	0864	0000	67
		_HD44780_PutCustom		CODE           	09B6	0000	21
		_HD44780_CreateChar		CODE           	08E0	0000	57
		_HD44780_BlinkOn		CODE           	0A02	0000	13
		_HD44780_Cmd4bit		CODE           	075A	0000	137
		_HD44780_Cmd   		CODE           	09A0	0000	23
		_HD44780_Data  		CODE           	098A	0000	23
		_HD44780_Init  		CODE           	0628	0000	165
		_HD44780_Puts  		CODE           	06CC	0000	143
		_HD44780_CursorOn		CODE           	09F6	0000	13
		_HD44780_Clear 		CODE           	09CA	0000	21
		_HD44780_Delay 		CODE           	094A	0000	39
		_HD44780_InitPins		CODE           	0970	0000	27
		_HD44780_DisplayOn		CODE           	09EA	0000	13

hd44780.c estimated size: 762

main.c
		_main          		CODE           	07E2	0000	131

main.c estimated size: 131

