Microchip MPLAB XC8 Compiler V1.34 ()

Linker command line:

--edf=C:\Program Files (x86)\Microchip\xc8\v1.34\dat\en_msgs.txt -cs \
  -h+dist/default/production\PIC18F4520-XC8-BOARDTEST.X.production.sym \
  --cmf=dist/default/production\PIC18F4520-XC8-BOARDTEST.X.production.cmf \
  -z -Q18F4520 -oC:\Users\BURAKE~1\AppData\Local\Temp\sarc.6 \
  -Mdist/default/production/PIC18F4520-XC8-BOARDTEST.X.production.map -E1 \
  -ver=XC8 -ASTACK=0A0h-05ffh -pstack=STACK -ACODE=00h-07FFFh \
  -ACONST=00h-07FFFh -ASMALLCONST=0600h-06FFhx122 \
  -AMEDIUMCONST=0600h-07FFFh -ACOMRAM=01h-07Fh -AABS1=00h-05FFh \
  -ABIGRAM=01h-05FFh -ARAM=080h-0FFh,0100h-01FFhx5 -ABANK0=080h-0FFh \
  -ABANK1=0100h-01FFh -ABANK2=0200h-02FFh -ABANK3=0300h-03FFh \
  -ABANK4=0400h-04FFh -ABANK5=0500h-05FFh -ASFR=0F80h-0FFFh \
  -preset_vec=00h,intcode,intcodelo=018h,powerup,init,end_init \
  -pramtop=0600h -psmallconst=SMALLCONST -pmediumconst=MEDIUMCONST \
  -pconst=CONST -AFARRAM=00h-00h -ACONFIG=0300000h-030000Dh -pconfig=CONFIG \
  -AIDLOC=0200000h-0200007h -pidloc=IDLOC -AEEDATA=0F00000h-0F000FFh \
  -peeprom_data=EEDATA \
  -prdata=COMRAM,nvrram=COMRAM,nvbit=COMRAM,rbss=COMRAM,rbit=COMRAM \
  -pfarbss=FARRAM,fardata=FARRAM,nvFARRAM=FARRAM \
  -pintsave_regs=BIGRAM,bigbss=BIGRAM,bigdata=BIGRAM -pbss=RAM \
  -pidata=CODE,irdata=CODE,ibigdata=CODE,ifardata=CODE -prparam=COMRAM \
  C:\Users\BURAKE~1\AppData\Local\Temp\sarc.obj \
  dist/default/production\PIC18F4520-XC8-BOARDTEST.X.production.obj 

Object code version is 3.11

Machine type is 18F4520

Call graph: (short form)




                Name                               Link     Load   Length Selector   Space Scale
C:\Users\BURAKE~1\AppData\Local\Temp\sarc.obj
                end_init                            1AA      1AA        4        C       0
                reset_vec                             0        0        4        0       0
                idloc                            200000   200000        8   200000       0
                config                           300000   300000        E   300000       0
dist/default/production\PIC18F4520-XC8-BOARDTEST.X.production.obj
                intcodelo                            18       18      192        C       0
                mediumconst                        7EFC     7EFC      104     3F7E       0
                text33                             18D8     18D8        E        C       0
                text32                             18FC     18FC        4      C7E       0
                text31                             1768     1768       2C        C       0
                text30                             1708     1708       34        C       0
                text29                             173C     173C       2C        C       0
                text28                             13E2     13E2       88        C       0
                text27                             189E     189E       16        C       0
                text26                             18B4     18B4       14        C       0
                text25                             18E6     18E6        C        C       0
                text24                             186E     186E       1A        C       0
                text23                             12A8     12A8       A6        C       0
                text22                             1688     1688       44        C       0
                text21                             1888     1888       16        C       0
                text20                             134E     134E       94        C       0
                text19                             182C     182C       22        C       0
                text18                             146A     146A       70        C       0
                text17                              EDA      EDA      12A        C       0
                text16                             14DA     14DA       5E        C       0
                text15                             18C8     18C8       10        C       0
                text14                             1794     1794       2A        C       0
                text13                              B26      B26      1F0        C       0
                text12                             11E2     11E2       C6        C       0
                text11                             16CC     16CC       3C        C       0
                text10                              D16      D16      1C4        C       0
                text9                              1004     1004       F8        C       0
                text8                              17E6     17E6       24        C       0
                text7                              10FC     10FC       E6        C       0
                text6                              1538     1538       5C        C       0
                text5                              163C     163C       4C        C       0
                text4                              17BE     17BE       28        C       0
                text3                              180A     180A       22        C       0
                text2                              15EA     15EA       52        C       0
                text1                               86A      86A      2BC        C       0
                text0                               1AE      1AE      6BC        C       0
                cstackCOMRAM                          1        1       3B        1       1
                dataBANK0                            80       80       20       80       1
                dataCOMRAM                           59       59        9        1       1
                bssCOMRAM                            3C       3C       1D        1       1
                cinit                              1594     1594       56        C       0
                idataBANK0                         184E     184E       20        C       0
                idataCOMRAM                        18F2     18F2        9        C       0

TOTAL           Name                               Link     Load   Length     Space
        CLASS   STACK          

        CLASS   CODE           
                end_init                            1AA      1AA        4         0
                intcodelo                            18       18      192         0
                reset_vec                             0        0        4         0
                text33                             18D8     18D8        E         0
                text32                             18FC     18FC        4         0
                text31                             1768     1768       2C         0
                text30                             1708     1708       34         0
                text29                             173C     173C       2C         0
                text28                             13E2     13E2       88         0
                text27                             189E     189E       16         0
                text26                             18B4     18B4       14         0
                text25                             18E6     18E6        C         0
                text24                             186E     186E       1A         0
                text23                             12A8     12A8       A6         0
                text22                             1688     1688       44         0
                text21                             1888     1888       16         0
                text20                             134E     134E       94         0
                text19                             182C     182C       22         0
                text18                             146A     146A       70         0
                text17                              EDA      EDA      12A         0
                text16                             14DA     14DA       5E         0
                text15                             18C8     18C8       10         0
                text14                             1794     1794       2A         0
                text13                              B26      B26      1F0         0
                text12                             11E2     11E2       C6         0
                text11                             16CC     16CC       3C         0
                text10                              D16      D16      1C4         0
                text9                              1004     1004       F8         0
                text8                              17E6     17E6       24         0
                text7                              10FC     10FC       E6         0
                text6                              1538     1538       5C         0
                text5                              163C     163C       4C         0
                text4                              17BE     17BE       28         0
                text3                              180A     180A       22         0
                text2                              15EA     15EA       52         0
                text1                               86A      86A      2BC         0
                text0                               1AE      1AE      6BC         0
                cinit                              1594     1594       56         0
                idataBANK0                         184E     184E       20         0
                idataCOMRAM                        18F2     18F2        9         0

        CLASS   CONST          

        CLASS   SMALLCONST     

        CLASS   MEDIUMCONST    
                mediumconst                        7EFC     7EFC      104         0

        CLASS   COMRAM         
                cstackCOMRAM                          1        1       3B         1
                dataCOMRAM                           59       59        9         1
                bssCOMRAM                            3C       3C       1D         1

        CLASS   ABS1           

        CLASS   BIGRAM         

        CLASS   RAM            

        CLASS   BANK0          
                dataBANK0                            80       80       20         1

        CLASS   BANK1          

        CLASS   BANK2          

        CLASS   BANK3          

        CLASS   BANK4          

        CLASS   BANK5          

        CLASS   SFR            

        CLASS   FARRAM         

        CLASS   CONFIG         
                config                           300000   300000        E         0

        CLASS   IDLOC          
                idloc                            200000   200000        8         0

        CLASS   EEDATA         



SEGMENTS        Name                           Load    Length   Top    Selector   Space  Class

                reset_vec                      000000  000004  000004         0       0  CODE    
                cstackCOMRAM                   000001  000061  000062         1       1  COMRAM  
                intcodelo                      000018  0018E3  0018FB         C       0  CODE    
                dataBANK0                      000080  000020  0000A0        80       1  BANK0   
                text32                         0018FC  000004  001900       C7E       0  CODE    
                mediumconst                    007EFC  000104  008000      3F7E       0  MEDIUMCO
                idloc                          200000  000008  200008    200000       0  IDLOC   
                config                         300000  00000E  30000E    300000       0  CONFIG  


UNUSED ADDRESS RANGES

        Name                Unused          Largest block    Delta
        BANK0            0000A0-0000FF               60
        BANK1            000100-0001FF              100
        BANK2            000200-0002FF              100
        BANK3            000300-0003FF              100
        BANK4            000400-0004FF              100
        BANK5            000500-0005FF              100
        BIGRAM           000062-00007F               1E
                         0000A0-0005FF              560
        CODE             000004-000017               14
                         0018FB-0018FB                1
                         001900-007EFB             65FC
        COMRAM           000062-00007F               1E
        CONST            000004-000017               14
                         0018FB-0018FB                1
                         001900-007EFB             65FC
        EEDATA           F00000-F000FF              100
        MEDIUMCONST      0018FB-0018FB                1
                         001900-007EFB             65FC
        RAM              0000A0-0005FF              100
        SFR              000F80-000FFF               80
        SMALLCONST       0018FB-0018FB                1
                         001900-007EFB              100
        STACK            0000A0-0005FF              560

                                  Symbol Table

?_KEYPAD_Read                 cstackCOMRAM 000012
?_ReadADC                     cstackCOMRAM 000012
?___awtoft                    cstackCOMRAM 00001A
?___ftadd                     cstackCOMRAM 00001E
?___ftmul                     cstackCOMRAM 00002A
?___ftneg                     cstackCOMRAM 000012
?___ftpack                    cstackCOMRAM 000012
?___fttol                     cstackCOMRAM 000012
?___lwdiv                     cstackCOMRAM 000012
?___lwmod                     cstackCOMRAM 000019
?___wmul                      cstackCOMRAM 000012
?_printf                      cstackCOMRAM 000021
Delay@i                       cstackCOMRAM 000015
Delay@us                      cstackCOMRAM 000012
Delayms@i                     cstackCOMRAM 000015
Delayms@ms                    cstackCOMRAM 000012
HD44780_Cmd4bit@cmd           cstackCOMRAM 000018
HD44780_Cmd@cmd               cstackCOMRAM 000019
HD44780_CursorSet@F4400       dataCOMRAM   000059
HD44780_CursorSet@col         cstackCOMRAM 00001F
HD44780_CursorSet@row         cstackCOMRAM 00001A
HD44780_CursorSet@row_offsets cstackCOMRAM 00001B
HD44780_Data@data             cstackCOMRAM 000019
HD44780_Delay@i               cstackCOMRAM 000015
HD44780_Delay@us              cstackCOMRAM 000012
HD44780_Init@cols             cstackCOMRAM 00001B
HD44780_Init@rows             cstackCOMRAM 00001A
HD44780_Puts@str              cstackCOMRAM 000021
HD44780_Puts@x                cstackCOMRAM 000023
HD44780_Puts@y                cstackCOMRAM 000020
KEYPAD_KeytoASCII@KeyNumber   cstackCOMRAM 000012
OpenADC@config                cstackCOMRAM 000016
OpenADC@config2               cstackCOMRAM 000012
OpenADC@portconfig            cstackCOMRAM 000013
SSEG_Print@n                  cstackCOMRAM 000020
SSEG_Print@sseg               cstackCOMRAM 00001E
_ADCON0                       (abs)        000FC2
_ADCON0bits                   (abs)        000FC2
_ADCON1                       (abs)        000FC1
_ADCON2                       (abs)        000FC0
_ADRESH                       (abs)        000FC4
_ADRESL                       (abs)        000FC3
_BusyADC                      text33       0018D8
_ConvertADC                   text32       0018FC
_Delay                        text31       001768
_Delayms                      text30       001708
_ExternalInterrupt            intcodelo    000018
_HD44780_Clear                text26       0018B4
_HD44780_Cmd                  text27       00189E
_HD44780_Cmd4bit              text28       0013E2
_HD44780_CursorSet            text22       001688
_HD44780_Data                 text21       001888
_HD44780_Delay                text29       00173C
_HD44780_DisplayOn            text25       0018E6
_HD44780_Init                 text23       0012A8
_HD44780_InitPins             text24       00186E
_HD44780_Opts                 bssCOMRAM    00003C
_HD44780_Puts                 text20       00134E
_INTCON2bits                  (abs)        000FF1
_INTCON3bits                  (abs)        000FF0
_INTCONbits                   (abs)        000FF2
_KEYPAD_Init                  text19       00182C
_KEYPAD_KeytoASCII            text18       00146A
_KEYPAD_Read                  text17       000EDA
_LATAbits                     (abs)        000F89
_LATCbits                     (abs)        000F8B
_LATEbits                     (abs)        000F8D
_OpenADC                      text16       0014DA
_PIE1bits                     (abs)        000F9D
_PIR1bits                     (abs)        000F9E
_PORTBbits                    (abs)        000F81
_PORTDbits                    (abs)        000F83
_ReadADC                      text15       0018C8
_SSEG_Init                    text14       001794
_SSEG_Print                   text13       000B26
_TRISAbits                    (abs)        000F92
_TRISBbits                    (abs)        000F93
_TRISCbits                    (abs)        000F94
_TRISDbits                    (abs)        000F95
_TRISEbits                    (abs)        000F96
__CFG_BOREN$ON                (abs)        000000
__CFG_BORV$2                  (abs)        000000
__CFG_CCP2MX$PORTC            (abs)        000000
__CFG_CP0$OFF                 (abs)        000000
__CFG_CP1$OFF                 (abs)        000000
__CFG_CP2$OFF                 (abs)        000000
__CFG_CP3$OFF                 (abs)        000000
__CFG_CPB$OFF                 (abs)        000000
__CFG_CPD$OFF                 (abs)        000000
__CFG_EBTR0$OFF               (abs)        000000
__CFG_EBTR1$OFF               (abs)        000000
__CFG_EBTR2$OFF               (abs)        000000
__CFG_EBTR3$OFF               (abs)        000000
__CFG_EBTRB$OFF               (abs)        000000
__CFG_FCMEN$OFF               (abs)        000000
__CFG_IESO$OFF                (abs)        000000
__CFG_LPT1OSC$OFF             (abs)        000000
__CFG_LVP$OFF                 (abs)        000000
__CFG_MCLRE$ON                (abs)        000000
__CFG_OSC$HSPLL               (abs)        000000
__CFG_PBADEN$OFF              (abs)        000000
__CFG_PWRT$OFF                (abs)        000000
__CFG_STVREN$ON               (abs)        000000
__CFG_WDT$OFF                 (abs)        000000
__CFG_WDTPS$32768             (abs)        000000
__CFG_WRT0$OFF                (abs)        000000
__CFG_WRT1$OFF                (abs)        000000
__CFG_WRT2$OFF                (abs)        000000
__CFG_WRT3$OFF                (abs)        000000
__CFG_WRTB$OFF                (abs)        000000
__CFG_WRTC$OFF                (abs)        000000
__CFG_WRTD$OFF                (abs)        000000
__CFG_XINST$OFF               (abs)        000000
__HRAM                        (abs)        000000
__Habs1                       abs1         000000
__Hbank0                      bank0        000000
__Hbank1                      bank1        000000
__Hbank2                      bank2        000000
__Hbank3                      bank3        000000
__Hbank4                      bank4        000000
__Hbank5                      bank5        000000
__Hbigbss                     bigbss       000000
__Hbigdata                    bigdata      000000
__Hbigram                     bigram       000000
__Hbss                        bss          000000
__HbssCOMRAM                  bssCOMRAM    000000
__Hcinit                      cinit        000000
__Hclrtext                    clrtext      000000
__Hcomram                     comram       000000
__Hconfig                     config       30000E
__Hconst                      const        000000
__HcstackCOMRAM               cstackCOMRAM 000000
__Hdata                       data         000000
__HdataBANK0                  dataBANK0    000000
__HdataCOMRAM                 dataCOMRAM   000000
__Heeprom_data                eeprom_data  000000
__Hend_init                   end_init     0001AE
__Hfarbss                     farbss       000000
__Hfardata                    fardata      000000
__Hibigdata                   ibigdata     000000
__Hidata                      idata        000000
__HidataBANK0                 idataBANK0   000000
__HidataCOMRAM                idataCOMRAM  000000
__Hidloc                      idloc        200008
__Hifardata                   ifardata     000000
__Hinit                       init         0001AA
__Hintcode                    intcode      000004
__Hintcode_body               intcode_body 000000
__Hintcodelo                  intcodelo    0001AA
__Hintentry                   intentry     000000
__Hintret                     intret       000000
__Hintsave_regs               intsave_regs 000000
__Hirdata                     irdata       000000
__Hmediumconst                mediumconst  008000
__HnvFARRAM                   nvFARRAM     000000
__Hnvbit                      nvbit        000000
__Hnvrram                     nvrram       000000
__Hparam                      rparam       000000
__Hpowerup                    powerup      0001AA
__Hram                        ram          000000
__Hramtop                     ramtop       000600
__Hrbit                       rbit         000000
__Hrbss                       rbss         000000
__Hrdata                      rdata        000000
__Hreset_vec                  reset_vec    000004
__Hrparam                     rparam       000000
__Hsfr                        sfr          000000
__Hsmallconst                 smallconst   000000
__Hspace_0                    (abs)        30000E
__Hspace_1                    (abs)        0000A0
__Hspace_2                    (abs)        000000
__Hstack                      stack        000000
__Hstruct                     struct       000000
__Htemp                       temp         000000
__Htext                       text         000000
__Htext0                      text0        000000
__Htext1                      text1        000000
__Htext10                     text10       000000
__Htext11                     text11       000000
__Htext12                     text12       000000
__Htext13                     text13       000000
__Htext14                     text14       000000
__Htext15                     text15       000000
__Htext16                     text16       000000
__Htext17                     text17       000000
__Htext18                     text18       000000
__Htext19                     text19       000000
__Htext2                      text2        000000
__Htext20                     text20       000000
__Htext21                     text21       000000
__Htext22                     text22       000000
__Htext23                     text23       000000
__Htext24                     text24       000000
__Htext25                     text25       000000
__Htext26                     text26       000000
__Htext27                     text27       000000
__Htext28                     text28       000000
__Htext29                     text29       000000
__Htext3                      text3        000000
__Htext30                     text30       000000
__Htext31                     text31       000000
__Htext32                     text32       000000
__Htext33                     text33       000000
__Htext4                      text4        000000
__Htext5                      text5        000000
__Htext6                      text6        000000
__Htext7                      text7        000000
__Htext8                      text8        000000
__Htext9                      text9        000000
__LRAM                        (abs)        000001
__Labs1                       abs1         000000
__Lbank0                      bank0        000000
__Lbank1                      bank1        000000
__Lbank2                      bank2        000000
__Lbank3                      bank3        000000
__Lbank4                      bank4        000000
__Lbank5                      bank5        000000
__Lbigbss                     bigbss       000000
__Lbigdata                    bigdata      000000
__Lbigram                     bigram       000000
__Lbss                        bss          000000
__LbssCOMRAM                  bssCOMRAM    000000
__Lcinit                      cinit        000000
__Lclrtext                    clrtext      000000
__Lcomram                     comram       000000
__Lconfig                     config       300000
__Lconst                      const        000000
__LcstackCOMRAM               cstackCOMRAM 000000
__Ldata                       data         000000
__LdataBANK0                  dataBANK0    000000
__LdataCOMRAM                 dataCOMRAM   000000
__Leeprom_data                eeprom_data  000000
__Lend_init                   end_init     0001AA
__Lfarbss                     farbss       000000
__Lfardata                    fardata      000000
__Libigdata                   ibigdata     000000
__Lidata                      idata        000000
__LidataBANK0                 idataBANK0   000000
__LidataCOMRAM                idataCOMRAM  000000
__Lidloc                      idloc        200000
__Lifardata                   ifardata     000000
__Linit                       init         0001AA
__Lintcode                    intcode      000004
__Lintcode_body               intcode_body 000000
__Lintcodelo                  intcodelo    000018
__Lintentry                   intentry     000000
__Lintret                     intret       000000
__Lintsave_regs               intsave_regs 000000
__Lirdata                     irdata       000000
__Lmediumconst                mediumconst  007EFC
__LnvFARRAM                   nvFARRAM     000000
__Lnvbit                      nvbit        000000
__Lnvrram                     nvrram       000000
__Lparam                      rparam       000000
__Lpowerup                    powerup      0001AA
__Lram                        ram          000000
__Lramtop                     ramtop       000600
__Lrbit                       rbit         000000
__Lrbss                       rbss         000000
__Lrdata                      rdata        000000
__Lreset_vec                  reset_vec    000000
__Lrparam                     rparam       000000
__Lsfr                        sfr          000000
__Lsmallconst                 smallconst   000000
__Lspace_0                    (abs)        000000
__Lspace_1                    (abs)        000000
__Lspace_2                    (abs)        000000
__Lstack                      stack        000000
__Lstruct                     struct       000000
__Ltemp                       temp         000000
__Ltext                       text         000000
__Ltext0                      text0        000000
__Ltext1                      text1        000000
__Ltext10                     text10       000000
__Ltext11                     text11       000000
__Ltext12                     text12       000000
__Ltext13                     text13       000000
__Ltext14                     text14       000000
__Ltext15                     text15       000000
__Ltext16                     text16       000000
__Ltext17                     text17       000000
__Ltext18                     text18       000000
__Ltext19                     text19       000000
__Ltext2                      text2        000000
__Ltext20                     text20       000000
__Ltext21                     text21       000000
__Ltext22                     text22       000000
__Ltext23                     text23       000000
__Ltext24                     text24       000000
__Ltext25                     text25       000000
__Ltext26                     text26       000000
__Ltext27                     text27       000000
__Ltext28                     text28       000000
__Ltext29                     text29       000000
__Ltext3                      text3        000000
__Ltext30                     text30       000000
__Ltext31                     text31       000000
__Ltext32                     text32       000000
__Ltext33                     text33       000000
__Ltext4                      text4        000000
__Ltext5                      text5        000000
__Ltext6                      text6        000000
__Ltext7                      text7        000000
__Ltext8                      text8        000000
__Ltext9                      text9        000000
__S0                          (abs)        30000E
__S1                          (abs)        0000A0
__S2                          (abs)        000000
___awtoft                     text11       0016CC
___awtoft@c                   cstackCOMRAM 00001A
___awtoft@sign                cstackCOMRAM 00001D
___ftadd                      text10       000D16
___ftadd@exp1                 cstackCOMRAM 000029
___ftadd@exp2                 cstackCOMRAM 000028
___ftadd@f1                   cstackCOMRAM 00001E
___ftadd@f2                   cstackCOMRAM 000021
___ftadd@sign                 cstackCOMRAM 000027
___ftmul                      text9        001004
___ftmul@cntr                 cstackCOMRAM 000037
___ftmul@exp                  cstackCOMRAM 000033
___ftmul@f1                   cstackCOMRAM 00002A
___ftmul@f2                   cstackCOMRAM 00002D
___ftmul@f3_as_product        cstackCOMRAM 000034
___ftmul@sign                 cstackCOMRAM 000038
___ftneg                      text8        0017E6
___ftneg@f1                   cstackCOMRAM 000012
___ftpack                     text12       0011E2
___ftpack@arg                 cstackCOMRAM 000012
___ftpack@exp                 cstackCOMRAM 000015
___ftpack@sign                cstackCOMRAM 000016
___fttol                      text7        0010FC
___fttol@exp1                 cstackCOMRAM 000020
___fttol@f1                   cstackCOMRAM 000012
___fttol@lval                 cstackCOMRAM 00001C
___fttol@sign1                cstackCOMRAM 00001B
___inthi_sp                   stack        000000
___intlo_sp                   stack        000000
___lwdiv                      text6        001538
___lwdiv@counter              cstackCOMRAM 000018
___lwdiv@dividend             cstackCOMRAM 000012
___lwdiv@divisor              cstackCOMRAM 000014
___lwdiv@quotient             cstackCOMRAM 000016
___lwmod                      text5        00163C
___lwmod@counter              cstackCOMRAM 00001D
___lwmod@dividend             cstackCOMRAM 000019
___lwmod@divisor              cstackCOMRAM 00001B
___param_bank                 (abs)        000010
___rparam_used                (abs)        000001
___sp                         stack        000000
___wmul                       text4        0017BE
___wmul@multiplicand          cstackCOMRAM 000014
___wmul@multiplier            cstackCOMRAM 000012
___wmul@product               cstackCOMRAM 000016
__accesstop                   (abs)        000080
__activetblptr                (abs)        000002
__end_of_BusyADC              text33       0018E6
__end_of_ConvertADC           text32       001900
__end_of_Delay                text31       001794
__end_of_Delayms              text30       00173C
__end_of_ExternalInterrupt    intcodelo    0001AA
__end_of_HD44780_Clear        text26       0018C8
__end_of_HD44780_Cmd          text27       0018B4
__end_of_HD44780_Cmd4bit      text28       00146A
__end_of_HD44780_CursorSet    text22       0016CC
__end_of_HD44780_Data         text21       00189E
__end_of_HD44780_Delay        text29       001768
__end_of_HD44780_DisplayOn    text25       0018F2
__end_of_HD44780_Init         text23       00134E
__end_of_HD44780_InitPins     text24       001888
__end_of_HD44780_Puts         text20       0013E2
__end_of_KEYPAD_Init          text19       00184E
__end_of_KEYPAD_KeytoASCII    text18       0014DA
__end_of_KEYPAD_Read          text17       001004
__end_of_OpenADC              text16       001538
__end_of_ReadADC              text15       0018D8
__end_of_SSEG_Init            text14       0017BE
__end_of_SSEG_Print           text13       000D16
__end_of___awtoft             text11       001708
__end_of___ftadd              text10       000EDA
__end_of___ftmul              text9        0010FC
__end_of___ftneg              text8        00180A
__end_of___ftpack             text12       0012A8
__end_of___fttol              text7        0011E2
__end_of___lwdiv              text6        001594
__end_of___lwmod              text5        001688
__end_of___wmul               text4        0017E6
__end_of__initialization      cinit        0015E0
__end_of_dpowers              mediumconst  007F07
__end_of_isdigit              text3        00182C
__end_of_main                 text0        00086A
__end_of_printf               text1        000B26
__end_of_putch                text2        00163C
__initialization              cinit        001594
__mediumconst                 mediumconst  007EFC
__pbssCOMRAM                  bssCOMRAM    00003C
__pcinit                      cinit        001594
__pcstackCOMRAM               cstackCOMRAM 000001
__pdataBANK0                  dataBANK0    000080
__pdataCOMRAM                 dataCOMRAM   000059
__pidataBANK0                 idataBANK0   00184E
__pidataCOMRAM                idataCOMRAM  0018F2
__pintcodelo                  intcodelo    000018
__pmediumconst                mediumconst  007EFC
__ptext0                      text0        0001AE
__ptext1                      text1        00086A
__ptext10                     text10       000D16
__ptext11                     text11       0016CC
__ptext12                     text12       0011E2
__ptext13                     text13       000B26
__ptext14                     text14       001794
__ptext15                     text15       0018C8
__ptext16                     text16       0014DA
__ptext17                     text17       000EDA
__ptext18                     text18       00146A
__ptext19                     text19       00182C
__ptext2                      text2        0015EA
__ptext20                     text20       00134E
__ptext21                     text21       001888
__ptext22                     text22       001688
__ptext23                     text23       0012A8
__ptext24                     text24       00186E
__ptext25                     text25       0018E6
__ptext26                     text26       0018B4
__ptext27                     text27       00189E
__ptext28                     text28       0013E2
__ptext29                     text29       00173C
__ptext3                      text3        00180A
__ptext30                     text30       001708
__ptext31                     text31       001768
__ptext32                     text32       0018FC
__ptext33                     text33       0018D8
__ptext4                      text4        0017BE
__ptext5                      text5        00163C
__ptext6                      text6        001538
__ptext7                      text7        0010FC
__ptext8                      text8        0017E6
__ptext9                      text9        001004
__ramtop                      ramtop       000600
__size_of_BusyADC             (abs)        000000
__size_of_ConvertADC          (abs)        000000
__size_of_Delay               (abs)        000000
__size_of_Delayms             (abs)        000000
__size_of_ExternalInterrupt   (abs)        000000
__size_of_HD44780_Clear       (abs)        000000
__size_of_HD44780_Cmd         (abs)        000000
__size_of_HD44780_Cmd4bit     (abs)        000000
__size_of_HD44780_CursorSet   (abs)        000000
__size_of_HD44780_Data        (abs)        000000
__size_of_HD44780_Delay       (abs)        000000
__size_of_HD44780_DisplayOn   (abs)        000000
__size_of_HD44780_Init        (abs)        000000
__size_of_HD44780_InitPins    (abs)        000000
__size_of_HD44780_Puts        (abs)        000000
__size_of_KEYPAD_Init         (abs)        000000
__size_of_KEYPAD_KeytoASCII   (abs)        000000
__size_of_KEYPAD_Read         (abs)        000000
__size_of_OpenADC             (abs)        000000
__size_of_ReadADC             (abs)        000000
__size_of_SSEG_Init           (abs)        000000
__size_of_SSEG_Print          (abs)        000000
__size_of___awtoft            (abs)        000000
__size_of___ftadd             (abs)        000000
__size_of___ftmul             (abs)        000000
__size_of___ftneg             (abs)        000000
__size_of___ftpack            (abs)        000000
__size_of___fttol             (abs)        000000
__size_of___lwdiv             (abs)        000000
__size_of___lwmod             (abs)        000000
__size_of___wmul              (abs)        000000
__size_of_isdigit             (abs)        000000
__size_of_main                (abs)        000000
__size_of_printf              (abs)        000000
__size_of_putch               (abs)        000000
__smallconst                  smallconst   000000
_adc_flag                     bssCOMRAM    000043
_adcin                        bssCOMRAM    000045
_char_key                     bssCOMRAM    000055
_counter                      bssCOMRAM    000047
_dcf                          bssCOMRAM    000056
_dpowers                      mediumconst  007EFD
_int_key                      dataCOMRAM   000060
_isdigit                      text3        00180A
_isdigit$1751                 cstackCOMRAM 000013
_keypad_flag                  bssCOMRAM    000049
_lamda                        dataCOMRAM   00005D
_lcd_flag                     bssCOMRAM    00004B
_led_flag                     bssCOMRAM    00004D
_main                         text0        0001AE
_main$2010                    cstackCOMRAM 000039
_printf                       text1        00086A
_putch                        text2        0015EA
_sseg_codes                   dataBANK0    000080
_sseg_counter                 bssCOMRAM    00004F
_sseg_flag                    bssCOMRAM    000051
_state                        bssCOMRAM    000053
end_of_initialization         cinit        0015E0
intlevel0                     text         000000
intlevel1                     text         000000
intlevel2                     text         000000
intlevel3                     text         000000
isdigit@c                     cstackCOMRAM 000014
printf@ap                     cstackCOMRAM 00002C
printf@c                      cstackCOMRAM 000035
printf@cp                     cstackCOMRAM 000029
printf@f                      cstackCOMRAM 000021
printf@flag                   cstackCOMRAM 00002E
printf@len                    cstackCOMRAM 00002F
printf@prec                   cstackCOMRAM 00002B
printf@val                    cstackCOMRAM 000031
printf@width                  cstackCOMRAM 000033
putch@c                       cstackCOMRAM 000020
stackhi                       (abs)        0005FF
stacklo                       (abs)        0000A0
start                         init         0001AA
start_initialization          cinit        001594


FUNCTION INFORMATION:

 *************** function _main *****************
 Defined at:
		line 62 in file "main.c"
 Parameters:    Size  Location     Type
		None
 Auto vars:     Size  Location     Type
		None
 Return value:  Size  Location     Type
                  2   82[None  ] int 
 Registers used:
		wreg, fsr2l, fsr2h, status,2, status,0, tblptrl, tblptrh, tblptru, prodl, prodh, cstack
 Tracked objects:
		On entry : 
		On exit  : 
		Unchanged: 
 Data sizes:     COMRAM   BANK0   BANK1   BANK2   BANK3   BANK4   BANK5
      Params:         0       0       0       0       0       0       0
      Locals:         3       0       0       0       0       0       0
      Temps:          0       0       0       0       0       0       0
      Totals:         3       0       0       0       0       0       0
Total ram usage:        3 bytes
 Hardware stack levels required when called:    7
 This function calls:
		_BusyADC
		_ConvertADC
		_Delay
		_Delayms
		_HD44780_Clear
		_HD44780_CursorSet
		_HD44780_Init
		_HD44780_Puts
		_KEYPAD_Init
		_KEYPAD_KeytoASCII
		_KEYPAD_Read
		_OpenADC
		_ReadADC
		_SSEG_Init
		_SSEG_Print
		___awtoft
		___ftadd
		___ftmul
		___ftneg
		___fttol
		___lwdiv
		___lwmod
		_printf
 This function is called by:
		Startup code after reset
 This function uses a non-reentrant model


 *************** function _printf *****************
 Defined at:
		line 464 in file "C:\Program Files (x86)\Microchip\xc8\v1.34\sources\common\doprnt.c"
 Parameters:    Size  Location     Type
  f               2   32[COMRAM] PTR const unsigned char 
		 -> STR_28(16), STR_23(18), 
 Auto vars:     Size  Location     Type
  tmpval          4    0        struct .
  width           2   50[COMRAM] int 
  val             2   48[COMRAM] unsigned int 
  len             2   46[COMRAM] unsigned int 
  ap              2   43[COMRAM] PTR void [1]
		 -> ?_printf(2), 
  cp              2   40[COMRAM] PTR const unsigned char 
		 -> printf@c(1), 
  c               1   52[COMRAM] char 
  flag            1   45[COMRAM] unsigned char 
  prec            1   42[COMRAM] char 
 Return value:  Size  Location     Type
                  2   32[COMRAM] int 
 Registers used:
		wreg, fsr2l, fsr2h, status,2, status,0, tblptrl, tblptrh, tblptru, prodl, prodh, cstack
 Tracked objects:
		On entry : 
		On exit  : 
		Unchanged: 
 Data sizes:     COMRAM   BANK0   BANK1   BANK2   BANK3   BANK4   BANK5
      Params:         4       0       0       0       0       0       0
      Locals:        13       0       0       0       0       0       0
      Temps:          4       0       0       0       0       0       0
      Totals:        21       0       0       0       0       0       0
Total ram usage:       21 bytes
 Hardware stack levels used:    1
 Hardware stack levels required when called:    6
 This function calls:
		___lwdiv
		___lwmod
		___wmul
		_isdigit
		_putch
 This function is called by:
		_main
 This function uses a non-reentrant model


 *************** function _putch *****************
 Defined at:
		line 87 in file "../Libraries/pic18f4520_hd44780.c"
 Parameters:    Size  Location     Type
  c               1    wreg     unsigned char 
 Auto vars:     Size  Location     Type
  c               1   31[COMRAM] unsigned char 
 Return value:  Size  Location     Type
		None               void
 Registers used:
		wreg, fsr2l, fsr2h, status,2, status,0, prodl, prodh, cstack
 Tracked objects:
		On entry : 
		On exit  : 
		Unchanged: 
 Data sizes:     COMRAM   BANK0   BANK1   BANK2   BANK3   BANK4   BANK5
      Params:         0       0       0       0       0       0       0
      Locals:         1       0       0       0       0       0       0
      Temps:          0       0       0       0       0       0       0
      Totals:         1       0       0       0       0       0       0
Total ram usage:        1 bytes
 Hardware stack levels used:    1
 Hardware stack levels required when called:    5
 This function calls:
		_HD44780_CursorSet
		_HD44780_Data
 This function is called by:
		_printf
 This function uses a non-reentrant model


 *************** function _isdigit *****************
 Defined at:
		line 8 in file "C:\Program Files (x86)\Microchip\xc8\v1.34\sources\common\isdigit.c"
 Parameters:    Size  Location     Type
  c               1    wreg     unsigned char 
 Auto vars:     Size  Location     Type
  c               1   19[COMRAM] unsigned char 
 Return value:  Size  Location     Type
		None               void
 Registers used:
		wreg, status,2, status,0
 Tracked objects:
		On entry : 
		On exit  : 
		Unchanged: 
 Data sizes:     COMRAM   BANK0   BANK1   BANK2   BANK3   BANK4   BANK5
      Params:         0       0       0       0       0       0       0
      Locals:         2       0       0       0       0       0       0
      Temps:          1       0       0       0       0       0       0
      Totals:         3       0       0       0       0       0       0
Total ram usage:        3 bytes
 Hardware stack levels used:    1
 Hardware stack levels required when called:    1
 This function calls:
		Nothing
 This function is called by:
		_printf
 This function uses a non-reentrant model


 *************** function ___wmul *****************
 Defined at:
		line 15 in file "C:\Program Files (x86)\Microchip\xc8\v1.34\sources\common\Umul16.c"
 Parameters:    Size  Location     Type
  multiplier      2   17[COMRAM] unsigned int 
  multiplicand    2   19[COMRAM] unsigned int 
 Auto vars:     Size  Location     Type
  product         2   21[COMRAM] unsigned int 
 Return value:  Size  Location     Type
                  2   17[COMRAM] unsigned int 
 Registers used:
		wreg, status,2, status,0, prodl, prodh
 Tracked objects:
		On entry : 
		On exit  : 
		Unchanged: 
 Data sizes:     COMRAM   BANK0   BANK1   BANK2   BANK3   BANK4   BANK5
      Params:         4       0       0       0       0       0       0
      Locals:         2       0       0       0       0       0       0
      Temps:          0       0       0       0       0       0       0
      Totals:         6       0       0       0       0       0       0
Total ram usage:        6 bytes
 Hardware stack levels used:    1
 Hardware stack levels required when called:    1
 This function calls:
		Nothing
 This function is called by:
		_printf
 This function uses a non-reentrant model


 *************** function ___lwmod *****************
 Defined at:
		line 8 in file "C:\Program Files (x86)\Microchip\xc8\v1.34\sources\common\lwmod.c"
 Parameters:    Size  Location     Type
  dividend        2   24[COMRAM] unsigned int 
  divisor         2   26[COMRAM] unsigned int 
 Auto vars:     Size  Location     Type
  counter         1   28[COMRAM] unsigned char 
 Return value:  Size  Location     Type
                  2   24[COMRAM] unsigned int 
 Registers used:
		wreg, status,2, status,0
 Tracked objects:
		On entry : 
		On exit  : 
		Unchanged: 
 Data sizes:     COMRAM   BANK0   BANK1   BANK2   BANK3   BANK4   BANK5
      Params:         4       0       0       0       0       0       0
      Locals:         1       0       0       0       0       0       0
      Temps:          0       0       0       0       0       0       0
      Totals:         5       0       0       0       0       0       0
Total ram usage:        5 bytes
 Hardware stack levels used:    1
 Hardware stack levels required when called:    1
 This function calls:
		Nothing
 This function is called by:
		_main
		_printf
 This function uses a non-reentrant model


 *************** function ___lwdiv *****************
 Defined at:
		line 8 in file "C:\Program Files (x86)\Microchip\xc8\v1.34\sources\common\lwdiv.c"
 Parameters:    Size  Location     Type
  dividend        2   17[COMRAM] unsigned int 
  divisor         2   19[COMRAM] unsigned int 
 Auto vars:     Size  Location     Type
  quotient        2   21[COMRAM] unsigned int 
  counter         1   23[COMRAM] unsigned char 
 Return value:  Size  Location     Type
                  2   17[COMRAM] unsigned int 
 Registers used:
		wreg, status,2, status,0
 Tracked objects:
		On entry : 
		On exit  : 
		Unchanged: 
 Data sizes:     COMRAM   BANK0   BANK1   BANK2   BANK3   BANK4   BANK5
      Params:         4       0       0       0       0       0       0
      Locals:         3       0       0       0       0       0       0
      Temps:          0       0       0       0       0       0       0
      Totals:         7       0       0       0       0       0       0
Total ram usage:        7 bytes
 Hardware stack levels used:    1
 Hardware stack levels required when called:    1
 This function calls:
		Nothing
 This function is called by:
		_main
		_printf
 This function uses a non-reentrant model


 *************** function ___fttol *****************
 Defined at:
		line 44 in file "C:\Program Files (x86)\Microchip\xc8\v1.34\sources\common\fttol.c"
 Parameters:    Size  Location     Type
  f1              3   17[COMRAM] float 
 Auto vars:     Size  Location     Type
  lval            4   27[COMRAM] unsigned long 
  exp1            1   31[COMRAM] unsigned char 
  sign1           1   26[COMRAM] unsigned char 
 Return value:  Size  Location     Type
                  4   17[COMRAM] long 
 Registers used:
		wreg, status,2, status,0
 Tracked objects:
		On entry : 
		On exit  : 
		Unchanged: 
 Data sizes:     COMRAM   BANK0   BANK1   BANK2   BANK3   BANK4   BANK5
      Params:         4       0       0       0       0       0       0
      Locals:         6       0       0       0       0       0       0
      Temps:          5       0       0       0       0       0       0
      Totals:        15       0       0       0       0       0       0
Total ram usage:       15 bytes
 Hardware stack levels used:    1
 Hardware stack levels required when called:    1
 This function calls:
		Nothing
 This function is called by:
		_main
 This function uses a non-reentrant model


 *************** function ___ftneg *****************
 Defined at:
		line 15 in file "C:\Program Files (x86)\Microchip\xc8\v1.34\sources\common\ftneg.c"
 Parameters:    Size  Location     Type
  f1              3   17[COMRAM] float 
 Auto vars:     Size  Location     Type
		None
 Return value:  Size  Location     Type
                  3   17[COMRAM] float 
 Registers used:
		wreg, status,2, status,0
 Tracked objects:
		On entry : 
		On exit  : 
		Unchanged: 
 Data sizes:     COMRAM   BANK0   BANK1   BANK2   BANK3   BANK4   BANK5
      Params:         3       0       0       0       0       0       0
      Locals:         0       0       0       0       0       0       0
      Temps:          0       0       0       0       0       0       0
      Totals:         3       0       0       0       0       0       0
Total ram usage:        3 bytes
 Hardware stack levels used:    1
 Hardware stack levels required when called:    1
 This function calls:
		Nothing
 This function is called by:
		_main
 This function uses a non-reentrant model


 *************** function ___ftmul *****************
 Defined at:
		line 62 in file "C:\Program Files (x86)\Microchip\xc8\v1.34\sources\common\ftmul.c"
 Parameters:    Size  Location     Type
  f1              3   41[COMRAM] float 
  f2              3   44[COMRAM] float 
 Auto vars:     Size  Location     Type
  f3_as_produc    3   51[COMRAM] unsigned um
  sign            1   55[COMRAM] unsigned char 
  cntr            1   54[COMRAM] unsigned char 
  exp             1   50[COMRAM] unsigned char 
 Return value:  Size  Location     Type
                  3   41[COMRAM] float 
 Registers used:
		wreg, status,2, status,0, cstack
 Tracked objects:
		On entry : 
		On exit  : 
		Unchanged: 
 Data sizes:     COMRAM   BANK0   BANK1   BANK2   BANK3   BANK4   BANK5
      Params:         6       0       0       0       0       0       0
      Locals:         6       0       0       0       0       0       0
      Temps:          3       0       0       0       0       0       0
      Totals:        15       0       0       0       0       0       0
Total ram usage:       15 bytes
 Hardware stack levels used:    1
 Hardware stack levels required when called:    2
 This function calls:
		___ftpack
 This function is called by:
		_main
 This function uses a non-reentrant model


 *************** function ___ftadd *****************
 Defined at:
		line 86 in file "C:\Program Files (x86)\Microchip\xc8\v1.34\sources\common\ftadd.c"
 Parameters:    Size  Location     Type
  f1              3   29[COMRAM] float 
  f2              3   32[COMRAM] float 
 Auto vars:     Size  Location     Type
  exp1            1   40[COMRAM] unsigned char 
  exp2            1   39[COMRAM] unsigned char 
  sign            1   38[COMRAM] unsigned char 
 Return value:  Size  Location     Type
                  3   29[COMRAM] float 
 Registers used:
		wreg, status,2, status,0, cstack
 Tracked objects:
		On entry : 
		On exit  : 
		Unchanged: 
 Data sizes:     COMRAM   BANK0   BANK1   BANK2   BANK3   BANK4   BANK5
      Params:         6       0       0       0       0       0       0
      Locals:         3       0       0       0       0       0       0
      Temps:          3       0       0       0       0       0       0
      Totals:        12       0       0       0       0       0       0
Total ram usage:       12 bytes
 Hardware stack levels used:    1
 Hardware stack levels required when called:    2
 This function calls:
		___ftpack
 This function is called by:
		_main
 This function uses a non-reentrant model


 *************** function ___awtoft *****************
 Defined at:
		line 32 in file "C:\Program Files (x86)\Microchip\xc8\v1.34\sources\common\awtoft.c"
 Parameters:    Size  Location     Type
  c               2   25[COMRAM] int 
 Auto vars:     Size  Location     Type
  sign            1   28[COMRAM] unsigned char 
 Return value:  Size  Location     Type
                  3   25[COMRAM] float 
 Registers used:
		wreg, status,2, status,0, cstack
 Tracked objects:
		On entry : 
		On exit  : 
		Unchanged: 
 Data sizes:     COMRAM   BANK0   BANK1   BANK2   BANK3   BANK4   BANK5
      Params:         3       0       0       0       0       0       0
      Locals:         1       0       0       0       0       0       0
      Temps:          0       0       0       0       0       0       0
      Totals:         4       0       0       0       0       0       0
Total ram usage:        4 bytes
 Hardware stack levels used:    1
 Hardware stack levels required when called:    2
 This function calls:
		___ftpack
 This function is called by:
		_main
 This function uses a non-reentrant model


 *************** function ___ftpack *****************
 Defined at:
		line 62 in file "C:\Program Files (x86)\Microchip\xc8\v1.34\sources\common\float.c"
 Parameters:    Size  Location     Type
  arg             3   17[COMRAM] unsigned um
  exp             1   20[COMRAM] unsigned char 
  sign            1   21[COMRAM] unsigned char 
 Auto vars:     Size  Location     Type
		None
 Return value:  Size  Location     Type
                  3   17[COMRAM] float 
 Registers used:
		wreg, status,2, status,0
 Tracked objects:
		On entry : 
		On exit  : 
		Unchanged: 
 Data sizes:     COMRAM   BANK0   BANK1   BANK2   BANK3   BANK4   BANK5
      Params:         5       0       0       0       0       0       0
      Locals:         0       0       0       0       0       0       0
      Temps:          3       0       0       0       0       0       0
      Totals:         8       0       0       0       0       0       0
Total ram usage:        8 bytes
 Hardware stack levels used:    1
 Hardware stack levels required when called:    1
 This function calls:
		Nothing
 This function is called by:
		___awtoft
		___ftadd
		___ftmul
 This function uses a non-reentrant model


 *************** function _SSEG_Print *****************
 Defined at:
		line 53 in file "../Libraries/pic18f4520_sseg.c"
 Parameters:    Size  Location     Type
  sseg            2   29[COMRAM] int 
  n               2   31[COMRAM] int 
 Auto vars:     Size  Location     Type
		None
 Return value:  Size  Location     Type
		None               void
 Registers used:
		wreg, fsr2l, fsr2h, status,2, status,0
 Tracked objects:
		On entry : 
		On exit  : 
		Unchanged: 
 Data sizes:     COMRAM   BANK0   BANK1   BANK2   BANK3   BANK4   BANK5
      Params:         4       0       0       0       0       0       0
      Locals:         0       0       0       0       0       0       0
      Temps:          4       0       0       0       0       0       0
      Totals:         8       0       0       0       0       0       0
Total ram usage:        8 bytes
 Hardware stack levels used:    1
 Hardware stack levels required when called:    1
 This function calls:
		Nothing
 This function is called by:
		_main
 This function uses a non-reentrant model


 *************** function _SSEG_Init *****************
 Defined at:
		line 28 in file "../Libraries/pic18f4520_sseg.c"
 Parameters:    Size  Location     Type
		None
 Auto vars:     Size  Location     Type
		None
 Return value:  Size  Location     Type
		None               void
 Registers used:
		None
 Tracked objects:
		On entry : 
		On exit  : 
		Unchanged: 
 Data sizes:     COMRAM   BANK0   BANK1   BANK2   BANK3   BANK4   BANK5
      Params:         0       0       0       0       0       0       0
      Locals:         0       0       0       0       0       0       0
      Temps:          0       0       0       0       0       0       0
      Totals:         0       0       0       0       0       0       0
Total ram usage:        0 bytes
 Hardware stack levels used:    1
 Hardware stack levels required when called:    1
 This function calls:
		Nothing
 This function is called by:
		_main
 This function uses a non-reentrant model


 *************** function _ReadADC *****************
 Defined at:
		line 24 in file "C:\Program Files (x86)\Microchip\xc8\v1.34\sources\pic18\plib\ADC\adcread.c"
 Parameters:    Size  Location     Type
		None
 Auto vars:     Size  Location     Type
		None
 Return value:  Size  Location     Type
                  2   17[COMRAM] int 
 Registers used:
		wreg, status,2
 Tracked objects:
		On entry : 
		On exit  : 
		Unchanged: 
 Data sizes:     COMRAM   BANK0   BANK1   BANK2   BANK3   BANK4   BANK5
      Params:         2       0       0       0       0       0       0
      Locals:         0       0       0       0       0       0       0
      Temps:          2       0       0       0       0       0       0
      Totals:         4       0       0       0       0       0       0
Total ram usage:        4 bytes
 Hardware stack levels used:    1
 Hardware stack levels required when called:    1
 This function calls:
		Nothing
 This function is called by:
		_main
 This function uses a non-reentrant model


 *************** function _OpenADC *****************
 Defined at:
		line 68 in file "C:\Program Files (x86)\Microchip\xc8\v1.34\sources\pic18\plib\ADC\adcopen.c"
 Parameters:    Size  Location     Type
  config          1    wreg     unsigned char 
  config2         1   17[COMRAM] unsigned char 
  portconfig      1   18[COMRAM] unsigned char 
 Auto vars:     Size  Location     Type
  config          1   21[COMRAM] unsigned char 
 Return value:  Size  Location     Type
		None               void
 Registers used:
		wreg, status,2, status,0
 Tracked objects:
		On entry : 
		On exit  : 
		Unchanged: 
 Data sizes:     COMRAM   BANK0   BANK1   BANK2   BANK3   BANK4   BANK5
      Params:         2       0       0       0       0       0       0
      Locals:         1       0       0       0       0       0       0
      Temps:          2       0       0       0       0       0       0
      Totals:         5       0       0       0       0       0       0
Total ram usage:        5 bytes
 Hardware stack levels used:    1
 Hardware stack levels required when called:    1
 This function calls:
		Nothing
 This function is called by:
		_main
 This function uses a non-reentrant model


 *************** function _KEYPAD_Read *****************
 Defined at:
		line 46 in file "../Libraries/pic18f4520_keypad.c"
 Parameters:    Size  Location     Type
		None
 Auto vars:     Size  Location     Type
		None
 Return value:  Size  Location     Type
                  2   17[COMRAM] int 
 Registers used:
		wreg, status,2
 Tracked objects:
		On entry : 
		On exit  : 
		Unchanged: 
 Data sizes:     COMRAM   BANK0   BANK1   BANK2   BANK3   BANK4   BANK5
      Params:         2       0       0       0       0       0       0
      Locals:         0       0       0       0       0       0       0
      Temps:          0       0       0       0       0       0       0
      Totals:         2       0       0       0       0       0       0
Total ram usage:        2 bytes
 Hardware stack levels used:    1
 Hardware stack levels required when called:    1
 This function calls:
		Nothing
 This function is called by:
		_main
		_KEYPAD_WaitUntilRelease
 This function uses a non-reentrant model


 *************** function _KEYPAD_KeytoASCII *****************
 Defined at:
		line 77 in file "../Libraries/pic18f4520_keypad.c"
 Parameters:    Size  Location     Type
  KeyNumber       2   17[COMRAM] int 
 Auto vars:     Size  Location     Type
		None
 Return value:  Size  Location     Type
                  1    wreg      unsigned char 
 Registers used:
		wreg, status,2, status,0
 Tracked objects:
		On entry : 
		On exit  : 
		Unchanged: 
 Data sizes:     COMRAM   BANK0   BANK1   BANK2   BANK3   BANK4   BANK5
      Params:         2       0       0       0       0       0       0
      Locals:         0       0       0       0       0       0       0
      Temps:          0       0       0       0       0       0       0
      Totals:         2       0       0       0       0       0       0
Total ram usage:        2 bytes
 Hardware stack levels used:    1
 Hardware stack levels required when called:    1
 This function calls:
		Nothing
 This function is called by:
		_main
 This function uses a non-reentrant model


 *************** function _KEYPAD_Init *****************
 Defined at:
		line 23 in file "../Libraries/pic18f4520_keypad.c"
 Parameters:    Size  Location     Type
		None
 Auto vars:     Size  Location     Type
		None
 Return value:  Size  Location     Type
		None               void
 Registers used:
		None
 Tracked objects:
		On entry : 
		On exit  : 
		Unchanged: 
 Data sizes:     COMRAM   BANK0   BANK1   BANK2   BANK3   BANK4   BANK5
      Params:         0       0       0       0       0       0       0
      Locals:         0       0       0       0       0       0       0
      Temps:          0       0       0       0       0       0       0
      Totals:         0       0       0       0       0       0       0
Total ram usage:        0 bytes
 Hardware stack levels used:    1
 Hardware stack levels required when called:    1
 This function calls:
		Nothing
 This function is called by:
		_main
 This function uses a non-reentrant model


 *************** function _HD44780_Puts *****************
 Defined at:
		line 171 in file "../Libraries/pic18f4520_hd44780.c"
 Parameters:    Size  Location     Type
  x               1    wreg     unsigned char 
  y               1   31[COMRAM] unsigned char 
  str             2   32[COMRAM] PTR unsigned char 
		 -> STR_27(17), STR_26(11), STR_25(17), STR_24(11), 
		 -> STR_22(17), STR_21(14), STR_20(17), STR_19(14), 
		 -> STR_18(17), STR_17(12), STR_16(17), STR_15(12), 
		 -> STR_14(17), STR_13(11), STR_12(17), STR_11(11), 
		 -> STR_10(6), STR_9(15), STR_8(5), STR_7(15), 
		 -> STR_6(17), STR_5(11), STR_4(17), STR_3(11), 
		 -> STR_2(17), STR_1(11), 
 Auto vars:     Size  Location     Type
  x               1   34[COMRAM] unsigned char 
 Return value:  Size  Location     Type
		None               void
 Registers used:
		wreg, fsr2l, fsr2h, status,2, status,0, tblptrl, tblptrh, tblptru, prodl, prodh, cstack
 Tracked objects:
		On entry : 
		On exit  : 
		Unchanged: 
 Data sizes:     COMRAM   BANK0   BANK1   BANK2   BANK3   BANK4   BANK5
      Params:         3       0       0       0       0       0       0
      Locals:         1       0       0       0       0       0       0
      Temps:          0       0       0       0       0       0       0
      Totals:         4       0       0       0       0       0       0
Total ram usage:        4 bytes
 Hardware stack levels used:    1
 Hardware stack levels required when called:    5
 This function calls:
		_HD44780_CursorSet
		_HD44780_Data
 This function is called by:
		_main
 This function uses a non-reentrant model


 *************** function _HD44780_Data *****************
 Defined at:
		line 273 in file "../Libraries/pic18f4520_hd44780.c"
 Parameters:    Size  Location     Type
  data            1    wreg     unsigned char 
 Auto vars:     Size  Location     Type
  data            1   24[COMRAM] unsigned char 
 Return value:  Size  Location     Type
		None               void
 Registers used:
		wreg, status,2, status,0, cstack
 Tracked objects:
		On entry : 
		On exit  : 
		Unchanged: 
 Data sizes:     COMRAM   BANK0   BANK1   BANK2   BANK3   BANK4   BANK5
      Params:         0       0       0       0       0       0       0
      Locals:         1       0       0       0       0       0       0
      Temps:          0       0       0       0       0       0       0
      Totals:         1       0       0       0       0       0       0
Total ram usage:        1 bytes
 Hardware stack levels used:    1
 Hardware stack levels required when called:    3
 This function calls:
		_HD44780_Cmd4bit
 This function is called by:
		_putch
		_HD44780_Puts
		_HD44780_CreateChar
		_HD44780_PutCustom
 This function uses a non-reentrant model


 *************** function _HD44780_CursorSet *****************
 Defined at:
		line 246 in file "../Libraries/pic18f4520_hd44780.c"
 Parameters:    Size  Location     Type
  col             1    wreg     unsigned char 
  row             1   25[COMRAM] unsigned char 
 Auto vars:     Size  Location     Type
  col             1   30[COMRAM] unsigned char 
  row_offsets     4   26[COMRAM] unsigned char [4]
 Return value:  Size  Location     Type
		None               void
 Registers used:
		wreg, fsr2l, fsr2h, status,2, status,0, prodl, prodh, cstack
 Tracked objects:
		On entry : 
		On exit  : 
		Unchanged: 
 Data sizes:     COMRAM   BANK0   BANK1   BANK2   BANK3   BANK4   BANK5
      Params:         1       0       0       0       0       0       0
      Locals:         5       0       0       0       0       0       0
      Temps:          0       0       0       0       0       0       0
      Totals:         6       0       0       0       0       0       0
Total ram usage:        6 bytes
 Hardware stack levels used:    1
 Hardware stack levels required when called:    4
 This function calls:
		_HD44780_Cmd
 This function is called by:
		_main
		_putch
		_HD44780_Puts
		_HD44780_PutCustom
 This function uses a non-reentrant model


 *************** function _HD44780_Init *****************
 Defined at:
		line 111 in file "../Libraries/pic18f4520_hd44780.c"
 Parameters:    Size  Location     Type
  cols            1    wreg     unsigned char 
  rows            1   25[COMRAM] unsigned char 
 Auto vars:     Size  Location     Type
  cols            1   26[COMRAM] unsigned char 
 Return value:  Size  Location     Type
		None               void
 Registers used:
		wreg, status,2, status,0, cstack
 Tracked objects:
		On entry : 
		On exit  : 
		Unchanged: 
 Data sizes:     COMRAM   BANK0   BANK1   BANK2   BANK3   BANK4   BANK5
      Params:         1       0       0       0       0       0       0
      Locals:         1       0       0       0       0       0       0
      Temps:          0       0       0       0       0       0       0
      Totals:         2       0       0       0       0       0       0
Total ram usage:        2 bytes
 Hardware stack levels used:    1
 Hardware stack levels required when called:    5
 This function calls:
		_HD44780_Clear
		_HD44780_Cmd
		_HD44780_Cmd4bit
		_HD44780_Delay
		_HD44780_DisplayOn
		_HD44780_InitPins
 This function is called by:
		_main
 This function uses a non-reentrant model


 *************** function _HD44780_InitPins *****************
 Defined at:
		line 292 in file "../Libraries/pic18f4520_hd44780.c"
 Parameters:    Size  Location     Type
		None
 Auto vars:     Size  Location     Type
		None
 Return value:  Size  Location     Type
		None               void
 Registers used:
		None
 Tracked objects:
		On entry : 
		On exit  : 
		Unchanged: 
 Data sizes:     COMRAM   BANK0   BANK1   BANK2   BANK3   BANK4   BANK5
      Params:         0       0       0       0       0       0       0
      Locals:         0       0       0       0       0       0       0
      Temps:          0       0       0       0       0       0       0
      Totals:         0       0       0       0       0       0       0
Total ram usage:        0 bytes
 Hardware stack levels used:    1
 Hardware stack levels required when called:    1
 This function calls:
		Nothing
 This function is called by:
		_HD44780_Init
 This function uses a non-reentrant model


 *************** function _HD44780_DisplayOn *****************
 Defined at:
		line 192 in file "../Libraries/pic18f4520_hd44780.c"
 Parameters:    Size  Location     Type
		None
 Auto vars:     Size  Location     Type
		None
 Return value:  Size  Location     Type
		None               void
 Registers used:
		wreg, status,2, status,0, cstack
 Tracked objects:
		On entry : 
		On exit  : 
		Unchanged: 
 Data sizes:     COMRAM   BANK0   BANK1   BANK2   BANK3   BANK4   BANK5
      Params:         0       0       0       0       0       0       0
      Locals:         0       0       0       0       0       0       0
      Temps:          0       0       0       0       0       0       0
      Totals:         0       0       0       0       0       0       0
Total ram usage:        0 bytes
 Hardware stack levels used:    1
 Hardware stack levels required when called:    4
 This function calls:
		_HD44780_Cmd
 This function is called by:
		_HD44780_Init
 This function uses a non-reentrant model


 *************** function _HD44780_Clear *****************
 Defined at:
		line 166 in file "../Libraries/pic18f4520_hd44780.c"
 Parameters:    Size  Location     Type
		None
 Auto vars:     Size  Location     Type
		None
 Return value:  Size  Location     Type
		None               void
 Registers used:
		wreg, status,2, status,0, cstack
 Tracked objects:
		On entry : 
		On exit  : 
		Unchanged: 
 Data sizes:     COMRAM   BANK0   BANK1   BANK2   BANK3   BANK4   BANK5
      Params:         0       0       0       0       0       0       0
      Locals:         0       0       0       0       0       0       0
      Temps:          0       0       0       0       0       0       0
      Totals:         0       0       0       0       0       0       0
Total ram usage:        0 bytes
 Hardware stack levels used:    1
 Hardware stack levels required when called:    4
 This function calls:
		_HD44780_Cmd
		_HD44780_Delay
 This function is called by:
		_main
		_HD44780_Init
 This function uses a non-reentrant model


 *************** function _HD44780_Cmd *****************
 Defined at:
		line 263 in file "../Libraries/pic18f4520_hd44780.c"
 Parameters:    Size  Location     Type
  cmd             1    wreg     unsigned char 
 Auto vars:     Size  Location     Type
  cmd             1   24[COMRAM] unsigned char 
 Return value:  Size  Location     Type
		None               void
 Registers used:
		wreg, status,2, status,0, cstack
 Tracked objects:
		On entry : 
		On exit  : 
		Unchanged: 
 Data sizes:     COMRAM   BANK0   BANK1   BANK2   BANK3   BANK4   BANK5
      Params:         0       0       0       0       0       0       0
      Locals:         1       0       0       0       0       0       0
      Temps:          0       0       0       0       0       0       0
      Totals:         1       0       0       0       0       0       0
Total ram usage:        1 bytes
 Hardware stack levels used:    1
 Hardware stack levels required when called:    3
 This function calls:
		_HD44780_Cmd4bit
 This function is called by:
		_HD44780_Init
		_HD44780_Clear
		_HD44780_DisplayOn
		_HD44780_CursorSet
		_HD44780_DisplayOff
		_HD44780_BlinkOn
		_HD44780_BlinkOff
		_HD44780_CursorOn
		_HD44780_CursorOff
		_HD44780_ScrollLeft
		_HD44780_ScrollRight
		_HD44780_CreateChar
 This function uses a non-reentrant model


 *************** function _HD44780_Cmd4bit *****************
 Defined at:
		line 283 in file "../Libraries/pic18f4520_hd44780.c"
 Parameters:    Size  Location     Type
  cmd             1    wreg     unsigned char 
 Auto vars:     Size  Location     Type
  cmd             1   23[COMRAM] unsigned char 
 Return value:  Size  Location     Type
		None               void
 Registers used:
		wreg, status,2, status,0, cstack
 Tracked objects:
		On entry : 
		On exit  : 
		Unchanged: 
 Data sizes:     COMRAM   BANK0   BANK1   BANK2   BANK3   BANK4   BANK5
      Params:         0       0       0       0       0       0       0
      Locals:         1       0       0       0       0       0       0
      Temps:          1       0       0       0       0       0       0
      Totals:         2       0       0       0       0       0       0
Total ram usage:        2 bytes
 Hardware stack levels used:    1
 Hardware stack levels required when called:    2
 This function calls:
		_HD44780_Delay
 This function is called by:
		_HD44780_Init
		_HD44780_Cmd
		_HD44780_Data
 This function uses a non-reentrant model


 *************** function _HD44780_Delay *****************
 Defined at:
		line 106 in file "../Libraries/pic18f4520_hd44780.c"
 Parameters:    Size  Location     Type
  us              2   17[COMRAM] int 
 Auto vars:     Size  Location     Type
  i               2   20[COMRAM] int 
 Return value:  Size  Location     Type
		None               void
 Registers used:
		wreg, status,2, status,0
 Tracked objects:
		On entry : 
		On exit  : 
		Unchanged: 
 Data sizes:     COMRAM   BANK0   BANK1   BANK2   BANK3   BANK4   BANK5
      Params:         2       0       0       0       0       0       0
      Locals:         2       0       0       0       0       0       0
      Temps:          1       0       0       0       0       0       0
      Totals:         5       0       0       0       0       0       0
Total ram usage:        5 bytes
 Hardware stack levels used:    1
 Hardware stack levels required when called:    1
 This function calls:
		Nothing
 This function is called by:
		_HD44780_Init
		_HD44780_Clear
		_HD44780_Cmd4bit
 This function uses a non-reentrant model


 *************** function _Delayms *****************
 Defined at:
		line 66 in file "../Libraries\pic18f4520_delay.h"
 Parameters:    Size  Location     Type
  ms              2   17[COMRAM] int 
 Auto vars:     Size  Location     Type
  i               2   20[COMRAM] int 
 Return value:  Size  Location     Type
		None               void
 Registers used:
		wreg, status,2, status,0
 Tracked objects:
		On entry : 
		On exit  : 
		Unchanged: 
 Data sizes:     COMRAM   BANK0   BANK1   BANK2   BANK3   BANK4   BANK5
      Params:         2       0       0       0       0       0       0
      Locals:         2       0       0       0       0       0       0
      Temps:          1       0       0       0       0       0       0
      Totals:         5       0       0       0       0       0       0
Total ram usage:        5 bytes
 Hardware stack levels used:    1
 Hardware stack levels required when called:    1
 This function calls:
		Nothing
 This function is called by:
		_main
 This function uses a non-reentrant model


 *************** function _Delay *****************
 Defined at:
		line 76 in file "../Libraries\pic18f4520_delay.h"
 Parameters:    Size  Location     Type
  us              2   17[COMRAM] int 
 Auto vars:     Size  Location     Type
  i               2   20[COMRAM] int 
 Return value:  Size  Location     Type
		None               void
 Registers used:
		wreg, status,2, status,0
 Tracked objects:
		On entry : 
		On exit  : 
		Unchanged: 
 Data sizes:     COMRAM   BANK0   BANK1   BANK2   BANK3   BANK4   BANK5
      Params:         2       0       0       0       0       0       0
      Locals:         2       0       0       0       0       0       0
      Temps:          1       0       0       0       0       0       0
      Totals:         5       0       0       0       0       0       0
Total ram usage:        5 bytes
 Hardware stack levels used:    1
 Hardware stack levels required when called:    1
 This function calls:
		Nothing
 This function is called by:
		_main
 This function uses a non-reentrant model


 *************** function _ConvertADC *****************
 Defined at:
		line 22 in file "C:\Program Files (x86)\Microchip\xc8\v1.34\sources\pic18\plib\ADC\adcconv.c"
 Parameters:    Size  Location     Type
		None
 Auto vars:     Size  Location     Type
		None
 Return value:  Size  Location     Type
		None               void
 Registers used:
		None
 Tracked objects:
		On entry : 
		On exit  : 
		Unchanged: 
 Data sizes:     COMRAM   BANK0   BANK1   BANK2   BANK3   BANK4   BANK5
      Params:         0       0       0       0       0       0       0
      Locals:         0       0       0       0       0       0       0
      Temps:          0       0       0       0       0       0       0
      Totals:         0       0       0       0       0       0       0
Total ram usage:        0 bytes
 Hardware stack levels used:    1
 Hardware stack levels required when called:    1
 This function calls:
		Nothing
 This function is called by:
		_main
 This function uses a non-reentrant model


 *************** function _BusyADC *****************
 Defined at:
		line 26 in file "C:\Program Files (x86)\Microchip\xc8\v1.34\sources\pic18\plib\ADC\adcbusy.c"
 Parameters:    Size  Location     Type
		None
 Auto vars:     Size  Location     Type
		None
 Return value:  Size  Location     Type
                  1    wreg      unsigned char 
 Registers used:
		wreg
 Tracked objects:
		On entry : 
		On exit  : 
		Unchanged: 
 Data sizes:     COMRAM   BANK0   BANK1   BANK2   BANK3   BANK4   BANK5
      Params:         0       0       0       0       0       0       0
      Locals:         0       0       0       0       0       0       0
      Temps:          0       0       0       0       0       0       0
      Totals:         0       0       0       0       0       0       0
Total ram usage:        0 bytes
 Hardware stack levels used:    1
 Hardware stack levels required when called:    1
 This function calls:
		Nothing
 This function is called by:
		_main
 This function uses a non-reentrant model


 *************** function _ExternalInterrupt *****************
 Defined at:
		line 241 in file "main.c"
 Parameters:    Size  Location     Type
		None
 Auto vars:     Size  Location     Type
		None
 Return value:  Size  Location     Type
		None               void
 Registers used:
		wreg, status,2, status,0
 Tracked objects:
		On entry : 
		On exit  : 
		Unchanged: 
 Data sizes:     COMRAM   BANK0   BANK1   BANK2   BANK3   BANK4   BANK5
      Params:         0       0       0       0       0       0       0
      Locals:         0       0       0       0       0       0       0
      Temps:         17       0       0       0       0       0       0
      Totals:        17       0       0       0       0       0       0
Total ram usage:       17 bytes
 Hardware stack levels used:    1
 This function calls:
		Nothing
 This function is called by:
		Interrupt level 1
 This function uses a non-reentrant model



MODULE INFORMATION

Module		Function		Class		Link	Load	Size
../Libraries/pic18f4520_sseg.c
		_SSEG_Print    		CODE           	0B26	0000	497
		_SSEG_Init     		CODE           	1794	0000	43

../Libraries/pic18f4520_sseg.c estimated size: 540

C:\Program Files (x86)\Microchip\xc8\v1.34\sources\pic18\plib\ADC\adcbusy.c
		_BusyADC       		CODE           	18D8	0000	15

C:\Program Files (x86)\Microchip\xc8\v1.34\sources\pic18\plib\ADC\adcbusy.c estimated size: 15

C:\Program Files (x86)\Microchip\xc8\v1.34\sources\common\ftneg.c
		___ftneg       		CODE           	17E6	0000	37

C:\Program Files (x86)\Microchip\xc8\v1.34\sources\common\ftneg.c estimated size: 37

C:\Program Files (x86)\Microchip\xc8\v1.34\sources\pic18\plib\ADC\adcopen.c
		_OpenADC       		CODE           	14DA	0000	95

C:\Program Files (x86)\Microchip\xc8\v1.34\sources\pic18\plib\ADC\adcopen.c estimated size: 95

../Libraries\pic18f4520_delay.h
		_Delayms       		CODE           	1708	0000	53
		_Delay         		CODE           	1768	0000	45

../Libraries\pic18f4520_delay.h estimated size: 98

C:\Program Files (x86)\Microchip\xc8\v1.34\sources\common\float.c
		___ftpack      		CODE           	11E2	0000	199

C:\Program Files (x86)\Microchip\xc8\v1.34\sources\common\float.c estimated size: 199

C:\Program Files (x86)\Microchip\xc8\v1.34\sources\common\lwmod.c
		___lwmod       		CODE           	163C	0000	77

C:\Program Files (x86)\Microchip\xc8\v1.34\sources\common\lwmod.c estimated size: 77

C:\Program Files (x86)\Microchip\xc8\v1.34\sources\common\awtoft.c
		___awtoft      		CODE           	16CC	0000	61

C:\Program Files (x86)\Microchip\xc8\v1.34\sources\common\awtoft.c estimated size: 61

C:\Program Files (x86)\Microchip\xc8\v1.34\sources\pic18\plib\ADC\adcread.c
		_ReadADC       		CODE           	18C8	0000	17

C:\Program Files (x86)\Microchip\xc8\v1.34\sources\pic18\plib\ADC\adcread.c estimated size: 17

C:\Program Files (x86)\Microchip\xc8\v1.34\sources\common\ftmul.c
		___ftmul       		CODE           	1004	0000	249

C:\Program Files (x86)\Microchip\xc8\v1.34\sources\common\ftmul.c estimated size: 249

C:\Program Files (x86)\Microchip\xc8\v1.34\sources\common\isdigit.c
		_isdigit       		CODE           	180A	0000	35

C:\Program Files (x86)\Microchip\xc8\v1.34\sources\common\isdigit.c estimated size: 35

shared
		_dpowers       		MEDIUMCONST    	7EFD	0000	11
		__initializatio		CODE           	1594	0000	77

shared estimated size: 88

C:\Program Files (x86)\Microchip\xc8\v1.34\sources\pic18\plib\ADC\adcconv.c
		_ConvertADC    		CODE           	18FC	0000	5

C:\Program Files (x86)\Microchip\xc8\v1.34\sources\pic18\plib\ADC\adcconv.c estimated size: 5

C:\Program Files (x86)\Microchip\xc8\v1.34\sources\common\lwdiv.c
		___lwdiv       		CODE           	1538	0000	93

C:\Program Files (x86)\Microchip\xc8\v1.34\sources\common\lwdiv.c estimated size: 93

../Libraries/pic18f4520_hd44780.c
		_HD44780_Cursor		CODE           	1688	0000	69
		_putch         		CODE           	15EA	0000	83
		_HD44780_Cmd4bi		CODE           	13E2	0000	137
		_HD44780_Cmd   		CODE           	189E	0000	23
		_HD44780_Data  		CODE           	1888	0000	23
		_HD44780_Init  		CODE           	12A8	0000	167
		_HD44780_Puts  		CODE           	134E	0000	149
		_HD44780_Clear 		CODE           	18B4	0000	21
		_HD44780_Delay 		CODE           	173C	0000	45
		_HD44780_InitPi		CODE           	186E	0000	27
		_HD44780_Displa		CODE           	18E6	0000	13

../Libraries/pic18f4520_hd44780.c estimated size: 757

C:\Program Files (x86)\Microchip\xc8\v1.34\sources\common\doprnt.c
		_printf        		CODE           	086A	0000	701

C:\Program Files (x86)\Microchip\xc8\v1.34\sources\common\doprnt.c estimated size: 701

C:\Program Files (x86)\Microchip\xc8\v1.34\sources\common\fttol.c
		___fttol       		CODE           	10FC	0000	231

C:\Program Files (x86)\Microchip\xc8\v1.34\sources\common\fttol.c estimated size: 231

main.c
		_main          		CODE           	01AE	0000	1725
		_ExternalInterr		CODE           	0018	0000	403

main.c estimated size: 2128

C:\Program Files (x86)\Microchip\xc8\v1.34\sources\common\Umul16.c
		___wmul        		CODE           	17BE	0000	41

C:\Program Files (x86)\Microchip\xc8\v1.34\sources\common\Umul16.c estimated size: 41

../Libraries/pic18f4520_keypad.c
		_KEYPAD_Read   		CODE           	0EDA	0000	299
		_KEYPAD_Init   		CODE           	182C	0000	35
		_KEYPAD_KeytoAS		CODE           	146A	0000	113

../Libraries/pic18f4520_keypad.c estimated size: 447

C:\Program Files (x86)\Microchip\xc8\v1.34\sources\common\ftadd.c
		___ftadd       		CODE           	0D16	0000	453

C:\Program Files (x86)\Microchip\xc8\v1.34\sources\common\ftadd.c estimated size: 453

