Microchip MPLAB XC8 Compiler V1.36 ()

Linker command line:

--edf=C:\Program Files (x86)\Microchip\xc8\v1.36\dat\en_msgs.txt -cs \
  -h+dist/default/production\PIC18F4520-XC8-KEYPAD-LCD.X.production.sym \
  --cmf=dist/default/production\PIC18F4520-XC8-KEYPAD-LCD.X.production.cmf \
  -z -Q18F4520 -oC:\Users\BURAKE~1\AppData\Local\Temp\s1fs.2 \
  -Mdist/default/production/PIC18F4520-XC8-KEYPAD-LCD.X.production.map -E1 \
  -ver=XC8 -ASTACK=080h-05ffh -pstack=STACK -ACODE=00h-07FFFh \
  -ACONST=00h-07FFFh -ASMALLCONST=0600h-06FFhx122 \
  -AMEDIUMCONST=0600h-07FFFh -ACOMRAM=01h-07Fh -AABS1=00h-05FFh \
  -ABIGRAM=01h-05FFh -ARAM=080h-0FFh,0100h-01FFhx5 -ABANK0=080h-0FFh \
  -ABANK1=0100h-01FFh -ABANK2=0200h-02FFh -ABANK3=0300h-03FFh \
  -ABANK4=0400h-04FFh -ABANK5=0500h-05FFh -ASFR=0F80h-0FFFh \
  -preset_vec=00h,intcode,intcodelo,powerup,init,end_init -pramtop=0600h \
  -psmallconst=SMALLCONST -pmediumconst=MEDIUMCONST -pconst=CONST \
  -AFARRAM=00h-00h -ACONFIG=0300000h-030000Dh -pconfig=CONFIG \
  -AIDLOC=0200000h-0200007h -pidloc=IDLOC -AEEDATA=0F00000h-0F000FFh \
  -peeprom_data=EEDATA \
  -prdata=COMRAM,nvrram=COMRAM,nvbit=COMRAM,rbss=COMRAM,rbit=COMRAM \
  -pfarbss=FARRAM,fardata=FARRAM,nvFARRAM=FARRAM \
  -pintsave_regs=BIGRAM,bigbss=BIGRAM,bigdata=BIGRAM -pbss=RAM \
  -pidata=CODE,irdata=CODE,ibigdata=CODE,ifardata=CODE -prparam=COMRAM \
  C:\Users\BURAKE~1\AppData\Local\Temp\s1fs.obj \
  dist/default/production\PIC18F4520-XC8-KEYPAD-LCD.X.production.obj 

Object code version is 3.11

Machine type is 18F4520

Call graph: (short form)




                Name                               Link     Load   Length Selector   Space Scale
C:\Users\BURAKE~1\AppData\Local\Temp\s1fs.obj
                end_init                              0        0        4        0       0
                idloc                            200000   200000        8   200000       0
                config                           300000   300000        E   300000       0
dist/default/production\PIC18F4520-XC8-KEYPAD-LCD.X.production.obj
                smallconst                          600      600       14      300       0
                text15                              A8E      A8E       32      30A       0
                text14                              AC0      AC0       26      30A       0
                text13                              7E0      7E0       88      30A       0
                text12                              B38      B38       16      30A       0
                text11                              B4E      B4E       14      30A       0
                text10                              B62      B62        C      30A       0
                text9                               B08      B08       1A      30A       0
                text8                               73C      73C       A4      30A       0
                text7                               AE6      AE6       22      30A       0
                text6                               95A      95A       6E      30A       0
                text5                               614      614      128      30A       0
                text4                               A16      A16       42      30A       0
                text3                               B22      B22       16      30A       0
                text2                               9C8      9C8       4E      30A       0
                text1                               8E2      8E2       78      30A       0
                text0                               868      868       7A      30A       0
                cstackCOMRAM                          1        1       1A        1       1
                dataCOMRAM                           22       22        4        1       1
                bssCOMRAM                            1B       1B        7        1       1
                cinit                               A58      A58       36      30A       0
                idataCOMRAM                         B6E      B6E        4      30A       0

TOTAL           Name                               Link     Load   Length     Space
        CLASS   STACK          

        CLASS   CODE           
                end_init                              0        0        4         0
                text15                              A8E      A8E       32         0
                text14                              AC0      AC0       26         0
                text13                              7E0      7E0       88         0
                text12                              B38      B38       16         0
                text11                              B4E      B4E       14         0
                text10                              B62      B62        C         0
                text9                               B08      B08       1A         0
                text8                               73C      73C       A4         0
                text7                               AE6      AE6       22         0
                text6                               95A      95A       6E         0
                text5                               614      614      128         0
                text4                               A16      A16       42         0
                text3                               B22      B22       16         0
                text2                               9C8      9C8       4E         0
                text1                               8E2      8E2       78         0
                text0                               868      868       7A         0
                cinit                               A58      A58       36         0
                idataCOMRAM                         B6E      B6E        4         0

        CLASS   CONST          

        CLASS   SMALLCONST     
                smallconst                          600      600       14         0

        CLASS   MEDIUMCONST    

        CLASS   COMRAM         
                cstackCOMRAM                          1        1       1A         1
                dataCOMRAM                           22       22        4         1
                bssCOMRAM                            1B       1B        7         1

        CLASS   ABS1           

        CLASS   BIGRAM         

        CLASS   RAM            

        CLASS   BANK0          

        CLASS   BANK1          

        CLASS   BANK2          

        CLASS   BANK3          

        CLASS   BANK4          

        CLASS   BANK5          

        CLASS   SFR            

        CLASS   FARRAM         

        CLASS   CONFIG         
                config                           300000   300000        E         0

        CLASS   IDLOC          
                idloc                            200000   200000        8         0

        CLASS   EEDATA         



SEGMENTS        Name                           Load    Length   Top    Selector   Space  Class

                reset_vec                      000000  000004  000004         0       0  CODE    
                cstackCOMRAM                   000001  000025  000026         1       1  COMRAM  
                smallconst                     000600  000014  000614       300       0  SMALLCON
                text5                          000614  00055E  000B72       30A       0  CODE    
                idloc                          200000  000008  200008    200000       0  IDLOC   
                config                         300000  00000E  30000E    300000       0  CONFIG  


UNUSED ADDRESS RANGES

        Name                Unused          Largest block    Delta
        BANK0            000080-0000FF               80
        BANK1            000100-0001FF              100
        BANK2            000200-0002FF              100
        BANK3            000300-0003FF              100
        BANK4            000400-0004FF              100
        BANK5            000500-0005FF              100
        BIGRAM           000026-0005FF              5DA
        CODE             000004-0005FF              5FC
                         000B72-007FFF             748E
        COMRAM           000026-00007F               5A
        CONST            000004-0005FF              5FC
                         000B72-007FFF             748E
        EEDATA           F00000-F000FF              100
        MEDIUMCONST      000B72-007FFF             748E
        RAM              000080-0005FF              100
        SFR              000F80-000FFF               80
        SMALLCONST       000B72-007FFF              100
        STACK            000080-0005FF              580

                                  Symbol Table

?_KEYPAD_Read                 cstackCOMRAM 000001
?_printf                      cstackCOMRAM 000010
Delayms@i                     cstackCOMRAM 000004
Delayms@ms                    cstackCOMRAM 000001
HD44780_Cmd4bit@cmd           cstackCOMRAM 000007
HD44780_Cmd@cmd               cstackCOMRAM 000008
HD44780_CursorSet@F4227       dataCOMRAM   000022
HD44780_CursorSet@col         cstackCOMRAM 00000E
HD44780_CursorSet@row         cstackCOMRAM 000009
HD44780_CursorSet@row_offsets cstackCOMRAM 00000A
HD44780_Data@data             cstackCOMRAM 000008
HD44780_Delay@i               cstackCOMRAM 000004
HD44780_Delay@us              cstackCOMRAM 000001
HD44780_Init@cols             cstackCOMRAM 00000A
HD44780_Init@rows             cstackCOMRAM 000009
KEYPAD_KeytoASCII@KeyNumber   cstackCOMRAM 000001
_Delayms                      text15       000A8E
_HD44780_Clear                text11       000B4E
_HD44780_Cmd                  text12       000B38
_HD44780_Cmd4bit              text13       0007E0
_HD44780_CursorSet            text4        000A16
_HD44780_Data                 text3        000B22
_HD44780_Delay                text14       000AC0
_HD44780_DisplayOn            text10       000B62
_HD44780_Init                 text8        00073C
_HD44780_InitPins             text9        000B08
_HD44780_Opts                 bssCOMRAM    00001B
_KEYPAD_Init                  text7        000AE6
_KEYPAD_KeytoASCII            text6        00095A
_KEYPAD_Read                  text5        000614
_PORTBbits                    (abs)        000F81
_PORTDbits                    (abs)        000F83
_TRISBbits                    (abs)        000F93
_TRISDbits                    (abs)        000F95
__CFG_BOREN$ON                (abs)        000000
__CFG_BORV$2                  (abs)        000000
__CFG_CCP2MX$PORTC            (abs)        000000
__CFG_CP0$OFF                 (abs)        000000
__CFG_CP1$OFF                 (abs)        000000
__CFG_CP2$OFF                 (abs)        000000
__CFG_CP3$OFF                 (abs)        000000
__CFG_CPB$OFF                 (abs)        000000
__CFG_CPD$OFF                 (abs)        000000
__CFG_EBTR0$OFF               (abs)        000000
__CFG_EBTR1$OFF               (abs)        000000
__CFG_EBTR2$OFF               (abs)        000000
__CFG_EBTR3$OFF               (abs)        000000
__CFG_EBTRB$OFF               (abs)        000000
__CFG_FCMEN$OFF               (abs)        000000
__CFG_IESO$OFF                (abs)        000000
__CFG_LPT1OSC$OFF             (abs)        000000
__CFG_LVP$OFF                 (abs)        000000
__CFG_MCLRE$ON                (abs)        000000
__CFG_OSC$HSPLL               (abs)        000000
__CFG_PBADEN$OFF              (abs)        000000
__CFG_PWRT$OFF                (abs)        000000
__CFG_STVREN$ON               (abs)        000000
__CFG_WDT$OFF                 (abs)        000000
__CFG_WDTPS$32768             (abs)        000000
__CFG_WRT0$OFF                (abs)        000000
__CFG_WRT1$OFF                (abs)        000000
__CFG_WRT2$OFF                (abs)        000000
__CFG_WRT3$OFF                (abs)        000000
__CFG_WRTB$OFF                (abs)        000000
__CFG_WRTC$OFF                (abs)        000000
__CFG_WRTD$OFF                (abs)        000000
__CFG_XINST$OFF               (abs)        000000
__HRAM                        (abs)        000000
__Habs1                       abs1         000000
__Hbank0                      bank0        000000
__Hbank1                      bank1        000000
__Hbank2                      bank2        000000
__Hbank3                      bank3        000000
__Hbank4                      bank4        000000
__Hbank5                      bank5        000000
__Hbigbss                     bigbss       000000
__Hbigdata                    bigdata      000000
__Hbigram                     bigram       000000
__Hbss                        bss          000000
__HbssCOMRAM                  bssCOMRAM    000000
__Hcinit                      cinit        000000
__Hclrtext                    clrtext      000000
__Hcomram                     comram       000000
__Hconfig                     config       30000E
__Hconst                      const        000000
__HcstackCOMRAM               cstackCOMRAM 000000
__Hdata                       data         000000
__HdataCOMRAM                 dataCOMRAM   000000
__Heeprom_data                eeprom_data  000000
__Hend_init                   end_init     000004
__Hfarbss                     farbss       000000
__Hfardata                    fardata      000000
__Hibigdata                   ibigdata     000000
__Hidata                      idata        000000
__HidataCOMRAM                idataCOMRAM  000000
__Hidloc                      idloc        200008
__Hifardata                   ifardata     000000
__Hinit                       init         000000
__Hintcode                    intcode      000000
__Hintcode_body               intcode_body 000000
__Hintcodelo                  intcodelo    000000
__Hintentry                   intentry     000000
__Hintret                     intret       000000
__Hintsave_regs               intsave_regs 000000
__Hirdata                     irdata       000000
__Hmediumconst                mediumconst  000000
__HnvFARRAM                   nvFARRAM     000000
__Hnvbit                      nvbit        000000
__Hnvrram                     nvrram       000000
__Hparam                      rparam       000000
__Hpowerup                    powerup      000000
__Hram                        ram          000000
__Hramtop                     ramtop       000600
__Hrbit                       rbit         000000
__Hrbss                       rbss         000000
__Hrdata                      rdata        000000
__Hreset_vec                  reset_vec    000000
__Hrparam                     rparam       000000
__Hsfr                        sfr          000000
__Hsmallconst                 smallconst   000614
__Hspace_0                    (abs)        30000E
__Hspace_1                    (abs)        000026
__Hspace_2                    (abs)        000000
__Hstack                      stack        000000
__Hstruct                     struct       000000
__Htemp                       temp         000000
__Htext                       text         000000
__Htext0                      text0        000000
__Htext1                      text1        000000
__Htext10                     text10       000000
__Htext11                     text11       000000
__Htext12                     text12       000000
__Htext13                     text13       000000
__Htext14                     text14       000000
__Htext15                     text15       000000
__Htext2                      text2        000000
__Htext3                      text3        000000
__Htext4                      text4        000000
__Htext5                      text5        000000
__Htext6                      text6        000000
__Htext7                      text7        000000
__Htext8                      text8        000000
__Htext9                      text9        000000
__LRAM                        (abs)        000001
__Labs1                       abs1         000000
__Lbank0                      bank0        000000
__Lbank1                      bank1        000000
__Lbank2                      bank2        000000
__Lbank3                      bank3        000000
__Lbank4                      bank4        000000
__Lbank5                      bank5        000000
__Lbigbss                     bigbss       000000
__Lbigdata                    bigdata      000000
__Lbigram                     bigram       000000
__Lbss                        bss          000000
__LbssCOMRAM                  bssCOMRAM    000000
__Lcinit                      cinit        000000
__Lclrtext                    clrtext      000000
__Lcomram                     comram       000000
__Lconfig                     config       300000
__Lconst                      const        000000
__LcstackCOMRAM               cstackCOMRAM 000000
__Ldata                       data         000000
__LdataCOMRAM                 dataCOMRAM   000000
__Leeprom_data                eeprom_data  000000
__Lend_init                   end_init     000000
__Lfarbss                     farbss       000000
__Lfardata                    fardata      000000
__Libigdata                   ibigdata     000000
__Lidata                      idata        000000
__LidataCOMRAM                idataCOMRAM  000000
__Lidloc                      idloc        200000
__Lifardata                   ifardata     000000
__Linit                       init         000000
__Lintcode                    intcode      000000
__Lintcode_body               intcode_body 000000
__Lintcodelo                  intcodelo    000000
__Lintentry                   intentry     000000
__Lintret                     intret       000000
__Lintsave_regs               intsave_regs 000000
__Lirdata                     irdata       000000
__Lmediumconst                mediumconst  000000
__LnvFARRAM                   nvFARRAM     000000
__Lnvbit                      nvbit        000000
__Lnvrram                     nvrram       000000
__Lparam                      rparam       000000
__Lpowerup                    powerup      000000
__Lram                        ram          000000
__Lramtop                     ramtop       000600
__Lrbit                       rbit         000000
__Lrbss                       rbss         000000
__Lrdata                      rdata        000000
__Lreset_vec                  reset_vec    000000
__Lrparam                     rparam       000000
__Lsfr                        sfr          000000
__Lsmallconst                 smallconst   000600
__Lspace_0                    (abs)        000000
__Lspace_1                    (abs)        000000
__Lspace_2                    (abs)        000000
__Lstack                      stack        000000
__Lstruct                     struct       000000
__Ltemp                       temp         000000
__Ltext                       text         000000
__Ltext0                      text0        000000
__Ltext1                      text1        000000
__Ltext10                     text10       000000
__Ltext11                     text11       000000
__Ltext12                     text12       000000
__Ltext13                     text13       000000
__Ltext14                     text14       000000
__Ltext15                     text15       000000
__Ltext2                      text2        000000
__Ltext3                      text3        000000
__Ltext4                      text4        000000
__Ltext5                      text5        000000
__Ltext6                      text6        000000
__Ltext7                      text7        000000
__Ltext8                      text8        000000
__Ltext9                      text9        000000
__S0                          (abs)        30000E
__S1                          (abs)        000026
__S2                          (abs)        000000
___inthi_sp                   stack        000000
___intlo_sp                   stack        000000
___param_bank                 (abs)        000010
___rparam_used                (abs)        000001
___sp                         stack        000000
__accesstop                   (abs)        000080
__activetblptr                (abs)        000002
__end_of_Delayms              text15       000AC0
__end_of_HD44780_Clear        text11       000B62
__end_of_HD44780_Cmd          text12       000B4E
__end_of_HD44780_Cmd4bit      text13       000868
__end_of_HD44780_CursorSet    text4        000A58
__end_of_HD44780_Data         text3        000B38
__end_of_HD44780_Delay        text14       000AE6
__end_of_HD44780_DisplayOn    text10       000B6E
__end_of_HD44780_Init         text8        0007E0
__end_of_HD44780_InitPins     text9        000B22
__end_of_KEYPAD_Init          text7        000B08
__end_of_KEYPAD_KeytoASCII    text6        0009C8
__end_of_KEYPAD_Read          text5        00073C
__end_of__initialization      cinit        000A84
__end_of_main                 text0        0008E2
__end_of_printf               text1        00095A
__end_of_putch                text2        000A16
__initialization              cinit        000A58
__mediumconst                 mediumconst  000000
__pbssCOMRAM                  bssCOMRAM    00001B
__pcinit                      cinit        000A58
__pcstackCOMRAM               cstackCOMRAM 000001
__pdataCOMRAM                 dataCOMRAM   000022
__pidataCOMRAM                idataCOMRAM  000B6E
__psmallconst                 smallconst   000600
__ptext0                      text0        000868
__ptext1                      text1        0008E2
__ptext10                     text10       000B62
__ptext11                     text11       000B4E
__ptext12                     text12       000B38
__ptext13                     text13       0007E0
__ptext14                     text14       000AC0
__ptext15                     text15       000A8E
__ptext2                      text2        0009C8
__ptext3                      text3        000B22
__ptext4                      text4        000A16
__ptext5                      text5        000614
__ptext6                      text6        00095A
__ptext7                      text7        000AE6
__ptext8                      text8        00073C
__ptext9                      text9        000B08
__ramtop                      ramtop       000600
__size_of_Delayms             (abs)        000000
__size_of_HD44780_Clear       (abs)        000000
__size_of_HD44780_Cmd         (abs)        000000
__size_of_HD44780_Cmd4bit     (abs)        000000
__size_of_HD44780_CursorSet   (abs)        000000
__size_of_HD44780_Data        (abs)        000000
__size_of_HD44780_Delay       (abs)        000000
__size_of_HD44780_DisplayOn   (abs)        000000
__size_of_HD44780_Init        (abs)        000000
__size_of_HD44780_InitPins    (abs)        000000
__size_of_KEYPAD_Init         (abs)        000000
__size_of_KEYPAD_KeytoASCII   (abs)        000000
__size_of_KEYPAD_Read         (abs)        000000
__size_of_main                (abs)        000000
__size_of_printf              (abs)        000000
__size_of_putch               (abs)        000000
__smallconst                  smallconst   000600
_main                         text0        000868
_printf                       text1        0008E2
_putch                        text2        0009C8
end_of_initialization         cinit        000A84
intlevel0                     text         000000
intlevel1                     text         000000
intlevel2                     text         000000
intlevel3                     text         000000
main@char_key                 cstackCOMRAM 000018
main@int_key                  cstackCOMRAM 000019
printf@ap                     cstackCOMRAM 000015
printf@c                      cstackCOMRAM 000017
printf@f                      cstackCOMRAM 000010
printf@flag                   cstackCOMRAM 000014
putch@c                       cstackCOMRAM 00000F
stackhi                       (abs)        0005FF
stacklo                       (abs)        000080
start                         init         000000
start_initialization          cinit        000A58


FUNCTION INFORMATION:

 *************** function _main *****************
 Defined at:
		line 28 in file "main.c"
 Parameters:    Size  Location     Type
		None
 Auto vars:     Size  Location     Type
  int_key         2   24[COMRAM] int 
  char_key        1   23[COMRAM] unsigned char 
 Return value:  Size  Location     Type
                  1    wreg      void 
 Registers used:
		wreg, fsr2l, fsr2h, status,2, status,0, tblptrl, tblptrh, tblptru, prodl, prodh, cstack
 Tracked objects:
		On entry : 
		On exit  : 
		Unchanged: 
 Data sizes:     COMRAM   BANK0   BANK1   BANK2   BANK3   BANK4   BANK5
      Params:         0       0       0       0       0       0       0
      Locals:         3       0       0       0       0       0       0
      Temps:          0       0       0       0       0       0       0
      Totals:         3       0       0       0       0       0       0
Total ram usage:        3 bytes
 Hardware stack levels required when called:    6
 This function calls:
		_Delayms
		_HD44780_Clear
		_HD44780_CursorSet
		_HD44780_Init
		_KEYPAD_Init
		_KEYPAD_KeytoASCII
		_KEYPAD_Read
		_printf
 This function is called by:
		Startup code after reset
 This function uses a non-reentrant model


 *************** function _printf *****************
 Defined at:
		line 464 in file "C:\Program Files (x86)\Microchip\xc8\v1.36\sources\common\doprnt.c"
 Parameters:    Size  Location     Type
  f               2   15[COMRAM] PTR const unsigned char 
		 -> STR_2(3), STR_1(14), 
 Auto vars:     Size  Location     Type
  tmpval          4    0        struct .
  cp              3    0        PTR const unsigned char 
  ap              2   20[COMRAM] PTR void [1]
		 -> ?_printf(2), 
  len             2    0        unsigned int 
  val             2    0        unsigned int 
  c               1   22[COMRAM] char 
  flag            1   19[COMRAM] unsigned char 
  prec            1    0        char 
 Return value:  Size  Location     Type
                  2   15[COMRAM] int 
 Registers used:
		wreg, fsr2l, fsr2h, status,2, status,0, tblptrl, tblptrh, tblptru, prodl, prodh, cstack
 Tracked objects:
		On entry : 
		On exit  : 
		Unchanged: 
 Data sizes:     COMRAM   BANK0   BANK1   BANK2   BANK3   BANK4   BANK5
      Params:         4       0       0       0       0       0       0
      Locals:         4       0       0       0       0       0       0
      Temps:          0       0       0       0       0       0       0
      Totals:         8       0       0       0       0       0       0
Total ram usage:        8 bytes
 Hardware stack levels used:    1
 Hardware stack levels required when called:    5
 This function calls:
		_putch
 This function is called by:
		_main
 This function uses a non-reentrant model


 *************** function _putch *****************
 Defined at:
		line 87 in file "../Libraries/pic18f4520_hd44780.c"
 Parameters:    Size  Location     Type
  c               1    wreg     unsigned char 
 Auto vars:     Size  Location     Type
  c               1   14[COMRAM] unsigned char 
 Return value:  Size  Location     Type
                  1    wreg      void 
 Registers used:
		wreg, fsr2l, fsr2h, status,2, status,0, prodl, prodh, cstack
 Tracked objects:
		On entry : 
		On exit  : 
		Unchanged: 
 Data sizes:     COMRAM   BANK0   BANK1   BANK2   BANK3   BANK4   BANK5
      Params:         0       0       0       0       0       0       0
      Locals:         1       0       0       0       0       0       0
      Temps:          0       0       0       0       0       0       0
      Totals:         1       0       0       0       0       0       0
Total ram usage:        1 bytes
 Hardware stack levels used:    1
 Hardware stack levels required when called:    4
 This function calls:
		_HD44780_CursorSet
		_HD44780_Data
 This function is called by:
		_printf
 This function uses a non-reentrant model


 *************** function _HD44780_Data *****************
 Defined at:
		line 273 in file "../Libraries/pic18f4520_hd44780.c"
 Parameters:    Size  Location     Type
  data            1    wreg     unsigned char 
 Auto vars:     Size  Location     Type
  data            1    7[COMRAM] unsigned char 
 Return value:  Size  Location     Type
                  1    wreg      void 
 Registers used:
		wreg, status,2, status,0, cstack
 Tracked objects:
		On entry : 
		On exit  : 
		Unchanged: 
 Data sizes:     COMRAM   BANK0   BANK1   BANK2   BANK3   BANK4   BANK5
      Params:         0       0       0       0       0       0       0
      Locals:         1       0       0       0       0       0       0
      Temps:          0       0       0       0       0       0       0
      Totals:         1       0       0       0       0       0       0
Total ram usage:        1 bytes
 Hardware stack levels used:    1
 Hardware stack levels required when called:    2
 This function calls:
		_HD44780_Cmd4bit
 This function is called by:
		_putch
		_HD44780_Puts
		_HD44780_CreateChar
		_HD44780_PutCustom
 This function uses a non-reentrant model


 *************** function _HD44780_CursorSet *****************
 Defined at:
		line 246 in file "../Libraries/pic18f4520_hd44780.c"
 Parameters:    Size  Location     Type
  col             1    wreg     unsigned char 
  row             1    8[COMRAM] unsigned char 
 Auto vars:     Size  Location     Type
  col             1   13[COMRAM] unsigned char 
  row_offsets     4    9[COMRAM] unsigned char [4]
 Return value:  Size  Location     Type
                  1    wreg      void 
 Registers used:
		wreg, fsr2l, fsr2h, status,2, status,0, prodl, prodh, cstack
 Tracked objects:
		On entry : 
		On exit  : 
		Unchanged: 
 Data sizes:     COMRAM   BANK0   BANK1   BANK2   BANK3   BANK4   BANK5
      Params:         1       0       0       0       0       0       0
      Locals:         5       0       0       0       0       0       0
      Temps:          0       0       0       0       0       0       0
      Totals:         6       0       0       0       0       0       0
Total ram usage:        6 bytes
 Hardware stack levels used:    1
 Hardware stack levels required when called:    3
 This function calls:
		_HD44780_Cmd
 This function is called by:
		_main
		_putch
		_HD44780_Puts
		_HD44780_PutCustom
 This function uses a non-reentrant model


 *************** function _KEYPAD_Read *****************
 Defined at:
		line 46 in file "../Libraries/pic18f4520_keypad.c"
 Parameters:    Size  Location     Type
		None
 Auto vars:     Size  Location     Type
		None
 Return value:  Size  Location     Type
                  2    0[COMRAM] int 
 Registers used:
		wreg, status,2
 Tracked objects:
		On entry : 
		On exit  : 
		Unchanged: 
 Data sizes:     COMRAM   BANK0   BANK1   BANK2   BANK3   BANK4   BANK5
      Params:         2       0       0       0       0       0       0
      Locals:         0       0       0       0       0       0       0
      Temps:          0       0       0       0       0       0       0
      Totals:         2       0       0       0       0       0       0
Total ram usage:        2 bytes
 Hardware stack levels used:    1
 This function calls:
		Nothing
 This function is called by:
		_main
		_KEYPAD_WaitUntilRelease
 This function uses a non-reentrant model


 *************** function _KEYPAD_KeytoASCII *****************
 Defined at:
		line 77 in file "../Libraries/pic18f4520_keypad.c"
 Parameters:    Size  Location     Type
  KeyNumber       2    0[COMRAM] int 
 Auto vars:     Size  Location     Type
		None
 Return value:  Size  Location     Type
                  1    wreg      unsigned char 
 Registers used:
		wreg, status,2, status,0
 Tracked objects:
		On entry : 
		On exit  : 
		Unchanged: 
 Data sizes:     COMRAM   BANK0   BANK1   BANK2   BANK3   BANK4   BANK5
      Params:         2       0       0       0       0       0       0
      Locals:         0       0       0       0       0       0       0
      Temps:          0       0       0       0       0       0       0
      Totals:         2       0       0       0       0       0       0
Total ram usage:        2 bytes
 Hardware stack levels used:    1
 This function calls:
		Nothing
 This function is called by:
		_main
 This function uses a non-reentrant model


 *************** function _KEYPAD_Init *****************
 Defined at:
		line 23 in file "../Libraries/pic18f4520_keypad.c"
 Parameters:    Size  Location     Type
		None
 Auto vars:     Size  Location     Type
		None
 Return value:  Size  Location     Type
                  1    wreg      void 
 Registers used:
		None
 Tracked objects:
		On entry : 
		On exit  : 
		Unchanged: 
 Data sizes:     COMRAM   BANK0   BANK1   BANK2   BANK3   BANK4   BANK5
      Params:         0       0       0       0       0       0       0
      Locals:         0       0       0       0       0       0       0
      Temps:          0       0       0       0       0       0       0
      Totals:         0       0       0       0       0       0       0
Total ram usage:        0 bytes
 Hardware stack levels used:    1
 This function calls:
		Nothing
 This function is called by:
		_main
 This function uses a non-reentrant model


 *************** function _HD44780_Init *****************
 Defined at:
		line 111 in file "../Libraries/pic18f4520_hd44780.c"
 Parameters:    Size  Location     Type
  cols            1    wreg     unsigned char 
  rows            1    8[COMRAM] unsigned char 
 Auto vars:     Size  Location     Type
  cols            1    9[COMRAM] unsigned char 
 Return value:  Size  Location     Type
                  1    wreg      void 
 Registers used:
		wreg, status,2, status,0, cstack
 Tracked objects:
		On entry : 
		On exit  : 
		Unchanged: 
 Data sizes:     COMRAM   BANK0   BANK1   BANK2   BANK3   BANK4   BANK5
      Params:         1       0       0       0       0       0       0
      Locals:         1       0       0       0       0       0       0
      Temps:          0       0       0       0       0       0       0
      Totals:         2       0       0       0       0       0       0
Total ram usage:        2 bytes
 Hardware stack levels used:    1
 Hardware stack levels required when called:    4
 This function calls:
		_HD44780_Clear
		_HD44780_Cmd
		_HD44780_Cmd4bit
		_HD44780_Delay
		_HD44780_DisplayOn
		_HD44780_InitPins
 This function is called by:
		_main
 This function uses a non-reentrant model


 *************** function _HD44780_InitPins *****************
 Defined at:
		line 292 in file "../Libraries/pic18f4520_hd44780.c"
 Parameters:    Size  Location     Type
		None
 Auto vars:     Size  Location     Type
		None
 Return value:  Size  Location     Type
                  1    wreg      void 
 Registers used:
		None
 Tracked objects:
		On entry : 
		On exit  : 
		Unchanged: 
 Data sizes:     COMRAM   BANK0   BANK1   BANK2   BANK3   BANK4   BANK5
      Params:         0       0       0       0       0       0       0
      Locals:         0       0       0       0       0       0       0
      Temps:          0       0       0       0       0       0       0
      Totals:         0       0       0       0       0       0       0
Total ram usage:        0 bytes
 Hardware stack levels used:    1
 This function calls:
		Nothing
 This function is called by:
		_HD44780_Init
 This function uses a non-reentrant model


 *************** function _HD44780_DisplayOn *****************
 Defined at:
		line 192 in file "../Libraries/pic18f4520_hd44780.c"
 Parameters:    Size  Location     Type
		None
 Auto vars:     Size  Location     Type
		None
 Return value:  Size  Location     Type
                  1    wreg      void 
 Registers used:
		wreg, status,2, status,0, cstack
 Tracked objects:
		On entry : 
		On exit  : 
		Unchanged: 
 Data sizes:     COMRAM   BANK0   BANK1   BANK2   BANK3   BANK4   BANK5
      Params:         0       0       0       0       0       0       0
      Locals:         0       0       0       0       0       0       0
      Temps:          0       0       0       0       0       0       0
      Totals:         0       0       0       0       0       0       0
Total ram usage:        0 bytes
 Hardware stack levels used:    1
 Hardware stack levels required when called:    3
 This function calls:
		_HD44780_Cmd
 This function is called by:
		_HD44780_Init
 This function uses a non-reentrant model


 *************** function _HD44780_Clear *****************
 Defined at:
		line 166 in file "../Libraries/pic18f4520_hd44780.c"
 Parameters:    Size  Location     Type
		None
 Auto vars:     Size  Location     Type
		None
 Return value:  Size  Location     Type
                  1    wreg      void 
 Registers used:
		wreg, status,2, status,0, cstack
 Tracked objects:
		On entry : 
		On exit  : 
		Unchanged: 
 Data sizes:     COMRAM   BANK0   BANK1   BANK2   BANK3   BANK4   BANK5
      Params:         0       0       0       0       0       0       0
      Locals:         0       0       0       0       0       0       0
      Temps:          0       0       0       0       0       0       0
      Totals:         0       0       0       0       0       0       0
Total ram usage:        0 bytes
 Hardware stack levels used:    1
 Hardware stack levels required when called:    3
 This function calls:
		_HD44780_Cmd
		_HD44780_Delay
 This function is called by:
		_main
		_HD44780_Init
 This function uses a non-reentrant model


 *************** function _HD44780_Cmd *****************
 Defined at:
		line 263 in file "../Libraries/pic18f4520_hd44780.c"
 Parameters:    Size  Location     Type
  cmd             1    wreg     unsigned char 
 Auto vars:     Size  Location     Type
  cmd             1    7[COMRAM] unsigned char 
 Return value:  Size  Location     Type
                  1    wreg      void 
 Registers used:
		wreg, status,2, status,0, cstack
 Tracked objects:
		On entry : 
		On exit  : 
		Unchanged: 
 Data sizes:     COMRAM   BANK0   BANK1   BANK2   BANK3   BANK4   BANK5
      Params:         0       0       0       0       0       0       0
      Locals:         1       0       0       0       0       0       0
      Temps:          0       0       0       0       0       0       0
      Totals:         1       0       0       0       0       0       0
Total ram usage:        1 bytes
 Hardware stack levels used:    1
 Hardware stack levels required when called:    2
 This function calls:
		_HD44780_Cmd4bit
 This function is called by:
		_HD44780_Init
		_HD44780_Clear
		_HD44780_DisplayOn
		_HD44780_CursorSet
		_HD44780_DisplayOff
		_HD44780_BlinkOn
		_HD44780_BlinkOff
		_HD44780_CursorOn
		_HD44780_CursorOff
		_HD44780_ScrollLeft
		_HD44780_ScrollRight
		_HD44780_CreateChar
 This function uses a non-reentrant model


 *************** function _HD44780_Cmd4bit *****************
 Defined at:
		line 283 in file "../Libraries/pic18f4520_hd44780.c"
 Parameters:    Size  Location     Type
  cmd             1    wreg     unsigned char 
 Auto vars:     Size  Location     Type
  cmd             1    6[COMRAM] unsigned char 
 Return value:  Size  Location     Type
                  1    wreg      void 
 Registers used:
		wreg, status,2, status,0, cstack
 Tracked objects:
		On entry : 
		On exit  : 
		Unchanged: 
 Data sizes:     COMRAM   BANK0   BANK1   BANK2   BANK3   BANK4   BANK5
      Params:         0       0       0       0       0       0       0
      Locals:         1       0       0       0       0       0       0
      Temps:          1       0       0       0       0       0       0
      Totals:         2       0       0       0       0       0       0
Total ram usage:        2 bytes
 Hardware stack levels used:    1
 Hardware stack levels required when called:    1
 This function calls:
		_HD44780_Delay
 This function is called by:
		_HD44780_Init
		_HD44780_Cmd
		_HD44780_Data
 This function uses a non-reentrant model


 *************** function _HD44780_Delay *****************
 Defined at:
		line 106 in file "../Libraries/pic18f4520_hd44780.c"
 Parameters:    Size  Location     Type
  us              2    0[COMRAM] int 
 Auto vars:     Size  Location     Type
  i               2    3[COMRAM] int 
 Return value:  Size  Location     Type
                  1    wreg      void 
 Registers used:
		wreg, status,2, status,0
 Tracked objects:
		On entry : 
		On exit  : 
		Unchanged: 
 Data sizes:     COMRAM   BANK0   BANK1   BANK2   BANK3   BANK4   BANK5
      Params:         2       0       0       0       0       0       0
      Locals:         2       0       0       0       0       0       0
      Temps:          1       0       0       0       0       0       0
      Totals:         5       0       0       0       0       0       0
Total ram usage:        5 bytes
 Hardware stack levels used:    1
 This function calls:
		Nothing
 This function is called by:
		_HD44780_Init
		_HD44780_Clear
		_HD44780_Cmd4bit
 This function uses a non-reentrant model


 *************** function _Delayms *****************
 Defined at:
		line 66 in file "../Libraries\pic18f4520_delay.h"
 Parameters:    Size  Location     Type
  ms              2    0[COMRAM] int 
 Auto vars:     Size  Location     Type
  i               2    3[COMRAM] int 
 Return value:  Size  Location     Type
                  1    wreg      void 
 Registers used:
		wreg, status,2, status,0
 Tracked objects:
		On entry : 
		On exit  : 
		Unchanged: 
 Data sizes:     COMRAM   BANK0   BANK1   BANK2   BANK3   BANK4   BANK5
      Params:         2       0       0       0       0       0       0
      Locals:         2       0       0       0       0       0       0
      Temps:          1       0       0       0       0       0       0
      Totals:         5       0       0       0       0       0       0
Total ram usage:        5 bytes
 Hardware stack levels used:    1
 This function calls:
		Nothing
 This function is called by:
		_main
 This function uses a non-reentrant model



MODULE INFORMATION

Module		Function		Class		Link	Load	Size
../Libraries\pic18f4520_delay.h
		_Delayms       		CODE           	0A8E	0000	51

../Libraries\pic18f4520_delay.h estimated size: 51

C:\Program Files (x86)\Microchip\xc8\v1.36\sources\common\doprnt.c
		_printf        		CODE           	08E2	0000	121

C:\Program Files (x86)\Microchip\xc8\v1.36\sources\common\doprnt.c estimated size: 121

shared
		__initialization		CODE           	0A58	0000	45

shared estimated size: 45

../Libraries/pic18f4520_hd44780.c
		_HD44780_CursorSet		CODE           	0A16	0000	67
		_putch         		CODE           	09C8	0000	79
		_HD44780_Cmd4bit		CODE           	07E0	0000	137
		_HD44780_Cmd   		CODE           	0B38	0000	23
		_HD44780_Data  		CODE           	0B22	0000	23
		_HD44780_Init  		CODE           	073C	0000	165
		_HD44780_Clear 		CODE           	0B4E	0000	21
		_HD44780_Delay 		CODE           	0AC0	0000	39
		_HD44780_InitPins		CODE           	0B08	0000	27
		_HD44780_DisplayOn		CODE           	0B62	0000	13

../Libraries/pic18f4520_hd44780.c estimated size: 594

main.c
		_main          		CODE           	0868	0000	123

main.c estimated size: 123

../Libraries/pic18f4520_keypad.c
		_KEYPAD_Read   		CODE           	0614	0000	297
		_KEYPAD_Init   		CODE           	0AE6	0000	35
		_KEYPAD_KeytoASCII		CODE           	095A	0000	111

../Libraries/pic18f4520_keypad.c estimated size: 443

